Archive member included to satisfy reference by file (symbol)

app/libapp.a(main.c.obj)      (--whole-archive)
app/libapp.a(my_lbs.c.obj)    (--whole-archive)
app/libapp.a(adc.c.obj)       (--whole-archive)
zephyr/libzephyr.a(cbprintf_packaged.c.obj)
                              (--whole-archive)
zephyr/libzephyr.a(dec.c.obj)
                              (--whole-archive)
zephyr/libzephyr.a(fdtable.c.obj)
                              (--whole-archive)
zephyr/libzephyr.a(hex.c.obj)
                              (--whole-archive)
zephyr/libzephyr.a(printk.c.obj)
                              (--whole-archive)
zephyr/libzephyr.a(rb.c.obj)  (--whole-archive)
zephyr/libzephyr.a(sem.c.obj)
                              (--whole-archive)
zephyr/libzephyr.a(thread_entry.c.obj)
                              (--whole-archive)
zephyr/libzephyr.a(timeutil.c.obj)
                              (--whole-archive)
zephyr/libzephyr.a(heap.c.obj)
                              (--whole-archive)
zephyr/libzephyr.a(heap-validate.c.obj)
                              (--whole-archive)
zephyr/libzephyr.a(bitarray.c.obj)
                              (--whole-archive)
zephyr/libzephyr.a(multi_heap.c.obj)
                              (--whole-archive)
zephyr/libzephyr.a(onoff.c.obj)
                              (--whole-archive)
zephyr/libzephyr.a(notify.c.obj)
                              (--whole-archive)
zephyr/libzephyr.a(cbprintf_complete.c.obj)
                              (--whole-archive)
zephyr/libzephyr.a(assert.c.obj)
                              (--whole-archive)
zephyr/libzephyr.a(mpsc_pbuf.c.obj)
                              (--whole-archive)
zephyr/libzephyr.a(reboot.c.obj)
                              (--whole-archive)
zephyr/libzephyr.a(configs.c.obj)
                              (--whole-archive)
zephyr/libzephyr.a(soc.c.obj)
                              (--whole-archive)
zephyr/libzephyr.a(sync_rtc.c.obj)
                              (--whole-archive)
zephyr/libzephyr.a(soc_nrf_common.S.obj)
                              (--whole-archive)
zephyr/libzephyr.a(soc_secure.c.obj)
                              (--whole-archive)
zephyr/libzephyr.a(validate_base_addresses.c.obj)
                              (--whole-archive)
zephyr/libzephyr.a(validate_enabled_instances.c.obj)
                              (--whole-archive)
zephyr/libzephyr.a(ipc_service.c.obj)
                              (--whole-archive)
zephyr/libzephyr.a(ipc_rpmsg_static_vrings.c.obj)
                              (--whole-archive)
zephyr/libzephyr.a(ipc_rpmsg.c.obj)
                              (--whole-archive)
zephyr/libzephyr.a(ipc_static_vrings.c.obj)
                              (--whole-archive)
zephyr/libzephyr.a(log_core.c.obj)
                              (--whole-archive)
zephyr/libzephyr.a(log_mgmt.c.obj)
                              (--whole-archive)
zephyr/libzephyr.a(log_cache.c.obj)
                              (--whole-archive)
zephyr/libzephyr.a(log_msg.c.obj)
                              (--whole-archive)
zephyr/libzephyr.a(log_output.c.obj)
                              (--whole-archive)
zephyr/libzephyr.a(log_backend_uart.c.obj)
                              (--whole-archive)
zephyr/libzephyr.a(tracing_none.c.obj)
                              (--whole-archive)
zephyr/libzephyr.a(addr_utils.c.obj)
                              (--whole-archive)
zephyr/libzephyr.a(flash_map_partition_manager.c.obj)
                              (--whole-archive)
zephyr/libzephyr.a(utils.c.obj)
                              (--whole-archive)
zephyr/libzephyr.a(aes_decrypt.c.obj)
                              (--whole-archive)
zephyr/libzephyr.a(aes_encrypt.c.obj)
                              (--whole-archive)
zephyr/libzephyr.a(cmac_mode.c.obj)
                              (--whole-archive)
zephyr/libzephyr.a(sha256.c.obj)
                              (--whole-archive)
zephyr/libzephyr.a(hmac.c.obj)
                              (--whole-archive)
zephyr/libzephyr.a(hmac_prng.c.obj)
                              (--whole-archive)
zephyr/arch/common/libarch__common.a(sw_isr_common.c.obj)
                              (--whole-archive)
zephyr/arch/arch/arm/core/aarch32/libarch__arm__core__aarch32.a(cpu_idle.S.obj)
                              (--whole-archive)
zephyr/arch/arch/arm/core/aarch32/libarch__arm__core__aarch32.a(fatal.c.obj)
                              (--whole-archive)
zephyr/arch/arch/arm/core/aarch32/libarch__arm__core__aarch32.a(irq_manage.c.obj)
                              (--whole-archive)
zephyr/arch/arch/arm/core/aarch32/libarch__arm__core__aarch32.a(nmi.c.obj)
                              (--whole-archive)
zephyr/arch/arch/arm/core/aarch32/libarch__arm__core__aarch32.a(nmi_on_reset.S.obj)
                              (--whole-archive)
zephyr/arch/arch/arm/core/aarch32/libarch__arm__core__aarch32.a(prep_c.c.obj)
                              (--whole-archive)
[...]
Memory Configuration

Name             Origin             Length             Attributes
FLASH            0x0000000000008000 0x00000000000f8000 xr
RAM              0x0000000020008000 0x0000000000068000 xw
IDT_LIST         0x00000000fffff7ff 0x0000000000000800 xw
*default*        0x0000000000000000 0xffffffffffffffff

Linker script and memory map

                0x0000000000015de0                vfprintf = __i_vfprintf
                0x0000000000000000                vfscanf = __i_vfscanf
LOAD zephyr/CMakeFiles/zephyr_final.dir/misc/empty_file.c.obj
LOAD zephyr/CMakeFiles/zephyr_final.dir/isr_tables.c.obj
LOAD app/libapp.a
LOAD zephyr/libzephyr.a
LOAD zephyr/arch/common/libarch__common.a
LOAD zephyr/arch/arch/arm/core/aarch32/libarch__arm__core__aarch32.a
LOAD zephyr/arch/arch/arm/core/aarch32/cortex_m/libarch__arm__core__aarch32__cortex_m.a
LOAD zephyr/arch/arch/arm/core/aarch32/cortex_m/cmse/libarch__arm__core__aarch32__cortex_m__cmse.a
LOAD zephyr/arch/arch/arm/core/aarch32/mpu/libarch__arm__core__aarch32__mpu.a
LOAD zephyr/lib/libc/picolibc/liblib__libc__picolibc.a
LOAD zephyr/lib/libc/common/liblib__libc__common.a
LOAD zephyr/soc/soc/arm/common/cortex_m/libsoc__arm__common__cortex_m.a
LOAD zephyr/boards/boards/arm/nrf5340dk_nrf5340_cpuapp_ns/libboards__arm__nrf5340dk_nrf5340.a
LOAD zephyr/subsys/random/libsubsys__random.a
LOAD zephyr/subsys/bluetooth/common/libsubsys__bluetooth__common.a
LOAD zephyr/subsys/bluetooth/host/libsubsys__bluetooth__host.a
LOAD zephyr/subsys/net/libsubsys__net.a
LOAD zephyr/drivers/adc/libdrivers__adc.a
LOAD zephyr/drivers/bluetooth/libdrivers__bluetooth.a
LOAD zephyr/drivers/clock_control/libdrivers__clock_control.a
LOAD zephyr/drivers/console/libdrivers__console.a
LOAD zephyr/drivers/entropy/libdrivers__entropy.a
LOAD zephyr/drivers/gpio/libdrivers__gpio.a
LOAD zephyr/drivers/mbox/libdrivers__mbox.a
LOAD zephyr/drivers/pinctrl/libdrivers__pinctrl.a
LOAD zephyr/drivers/serial/libdrivers__serial.a
LOAD zephyr/drivers/timer/libdrivers__timer.a
LOAD modules/nrf/lib/dk_buttons_and_leds/lib..__nrf__lib__dk_buttons_and_leds.a
LOAD modules/nrf/lib/fatal_error/lib..__nrf__lib__fatal_error.a
LOAD modules/nrf/subsys/nrf_security/src/zephyr/libmbedtls_zephyr.a
LOAD modules/nrf/modules/tfm/zephyr/libtfm_api_nrf.a
LOAD modules/trusted-firmware-m/libtfm_api.a
LOAD modules/hal_nordic/nrfx/libmodules__hal_nordic__nrfx.a
LOAD modules/libmetal/libmetal/lib/libmetal.a
LOAD modules/open-amp/open-amp/lib/libopen_amp.a
LOAD zephyr/kernel/libkernel.a
LOAD zephyr/CMakeFiles/offsets.dir/./arch/arm/core/offsets/offsets.c.obj
LOAD c:/ncs/toolchains/c57af46cb7/opt/zephyr-sdk/arm-zephyr-eabi/bin/../lib/gcc/arm-zephyr-eabi/12.2.0/thumb/v8-m.main/nofp\libgcc.a
LOAD zephyr/arch/common/libisr_tables.a
LOAD tfm/secure_fw/s_veneers.o
LOAD modules/nrf/subsys/nrf_security/src/libmbedcrypto.a
LOAD C:/ncs/v2.5.0/nrfxlib/crypto/nrf_oberon/lib/cortex-m33/soft-float/liboberon_mbedtls_3.0.13.a
LOAD modules/nrf/subsys/nrf_security/src/libmbedcrypto_base.a
LOAD C:/ncs/v2.5.0/nrfxlib/crypto/nrf_oberon/lib/cortex-m33/soft-float/liboberon_3.0.13.a
LOAD c:\ncs\toolchains\c57af46cb7\opt\zephyr-sdk\arm-zephyr-eabi\bin\../lib/gcc/../../picolibc/arm-zephyr-eabi/lib/thumb/v8-m.main/nofp\libc.a
LOAD c:/ncs/toolchains/c57af46cb7/opt/zephyr-sdk/arm-zephyr-eabi/bin/../lib/gcc/arm-zephyr-eabi/12.2.0/thumb/v8-m.main/nofp\libgcc.a
                0x0000000000000020                _region_min_align = 0x20

.rel.plt        0x0000000000008000        0x0
 *(SORT_BY_ALIGNMENT(.rel.plt))
                [!provide]                        PROVIDE (__rel_iplt_start = .)
 *(SORT_BY_ALIGNMENT(.rel.iplt))
 .rel.iplt      0x0000000000008000        0x0 zephyr/CMakeFiles/zephyr_final.dir/isr_tables.c.obj
                [!provide]                        PROVIDE (__rel_iplt_end = .)

.rela.plt       0x0000000000000000        0x0
 *(SORT_BY_ALIGNMENT(.rela.plt))
                [!provide]                        PROVIDE (__rela_iplt_start = .)
 *(SORT_BY_ALIGNMENT(.rela.iplt))
                [!provide]                        PROVIDE (__rela_iplt_end = .)

.rel.dyn
 *(SORT_BY_ALIGNMENT(.rel.*))

.rela.dyn
 *(SORT_BY_ALIGNMENT(.rela.*))

/DISCARD/
 *(SORT_BY_ALIGNMENT(.plt))

/DISCARD/
 *(SORT_BY_ALIGNMENT(.iplt))
                0x0000000000008000                __rom_region_start = 0x8000

rom_start       0x0000000000008000      0x154
                0x0000000000008000                __rom_start_address = .
                0x0000000000008000                . = (. + (0x0 - (. - __rom_start_address)))
                0x0000000000008000                . = ALIGN (0x4)
                0x0000000000008000                . = ALIGN (0x80)
                0x0000000000008000                . = ALIGN (0x200)
                0x0000000000008000                _vector_start = .
 *(SORT_BY_ALIGNMENT(.exc_vector_table))
 *(SORT_BY_ALIGNMENT(.exc_vector_table.*))
 .exc_vector_table._vector_table_section
                0x0000000000008000       0x40 zephyr/arch/arch/arm/core/aarch32/cortex_m/libarch__arm__core__aarch32__cortex_m.a(vector_table.S.obj)
                0x0000000000008000                _vector_table
 *(SORT_BY_ALIGNMENT(.vectors))
                0x0000000000008154                _vector_end = .
                0x0000000000008040                . = ALIGN (0x4)
 *(SORT_BY_ALIGNMENT(.gnu.linkonce.irq_vector_table*))
 .gnu.linkonce.irq_vector_table
                0x0000000000008040      0x114 zephyr/CMakeFiles/zephyr_final.dir/isr_tables.c.obj
                0x0000000000008040                _irq_vector_table
                0x0000000000008154                _vector_end = .

text            0x0000000000008154    0x13030
                0x0000000000008154                __text_region_start = .
 *(SORT_BY_ALIGNMENT(.text))
 .text          0x0000000000008154       0x30 c:/ncs/toolchains/c57af46cb7/opt/zephyr-sdk/arm-zephyr-eabi/bin/../lib/gcc/arm-zephyr-eabi/12.2.0/thumb/v8-m.main/nofp\libgcc.a(_aeabi_uldivmod.o)
                0x0000000000008154                __aeabi_uldivmod
 .text          0x0000000000008184        0x4 c:/ncs/toolchains/c57af46cb7/opt/zephyr-sdk/arm-zephyr-eabi/bin/../lib/gcc/arm-zephyr-eabi/12.2.0/thumb/v8-m.main/nofp\libgcc.a(_dvmd_tls.o)
                0x0000000000008184                __aeabi_idiv0
                0x0000000000008184                __aeabi_ldiv0
 .text          0x0000000000008188      0x29c c:/ncs/toolchains/c57af46cb7/opt/zephyr-sdk/arm-zephyr-eabi/bin/../lib/gcc/arm-zephyr-eabi/12.2.0/thumb/v8-m.main/nofp\libgcc.a(_udivmoddi4.o)
                0x0000000000008188                __udivmoddi4
 .text          0x0000000000008424       0x14 c:\ncs\toolchains\c57af46cb7\opt\zephyr-sdk\arm-zephyr-eabi\bin\../lib/gcc/../../picolibc/arm-zephyr-eabi/lib/thumb/v8-m.main/nofp\libc.a(strcmp.S.o)
                0x0000000000008424                strcmp
 .text          0x0000000000008438       0x10 c:\ncs\toolchains\c57af46cb7\opt\zephyr-sdk\arm-zephyr-eabi\bin\../lib/gcc/../../picolibc/arm-zephyr-eabi/lib/thumb/v8-m.main/nofp\libc.a(strcpy.S.o)
                0x0000000000008438                strcpy
 .text          0x0000000000008448       0x10 c:\ncs\toolchains\c57af46cb7\opt\zephyr-sdk\arm-zephyr-eabi\bin\../lib/gcc/../../picolibc/arm-zephyr-eabi/lib/thumb/v8-m.main/nofp\libc.a(strlen.S.o)
                0x0000000000008448                strlen
 *(SORT_BY_ALIGNMENT(.text.*))
 .text.on_disconnected
                0x0000000000008458       0x18 app/libapp.a(main.c.obj)
 .text.on_connected
                0x0000000000008470       0x28 app/libapp.a(main.c.obj)
 .text.send_data_thread
                0x0000000000008498       0xd0 app/libapp.a(main.c.obj)
                0x0000000000008498                send_data_thread
 .text.main     0x0000000000008568      0x1c0 app/libapp.a(main.c.obj)
                0x0000000000008568                main
 .text.mylbsbc_ccc_cfg_changed
                0x0000000000008728       0x10 app/libapp.a(my_lbs.c.obj)
 .text.mylbsbc_ccc_mysensor_cfg_changed
                0x0000000000008738       0x10 app/libapp.a(my_lbs.c.obj)
 .text.write_led
                0x0000000000008748       0x3c app/libapp.a(my_lbs.c.obj)
 .text.read_button
                0x0000000000008784       0x44 app/libapp.a(my_lbs.c.obj)
 .text.my_lbs_init
                0x00000000000087c8       0x14 app/libapp.a(my_lbs.c.obj)
                0x00000000000087c8                my_lbs_init
 .text.my_lbs_send_sensor_notify
                0x00000000000087dc       0x40 app/libapp.a(my_lbs.c.obj)
                0x00000000000087dc                my_lbs_send_sensor_notify
 .text.initializeADC
                0x000000000000881c       0x5c app/libapp.a(adc.c.obj)
                0x000000000000881c                initializeADC
 .text.readADCValue
                0x0000000000008878      0x10c app/libapp.a(adc.c.obj)
                0x0000000000008878                readADCValue
 .text.cbvprintf_package
                0x0000000000008984      0x3a4 zephyr/libzephyr.a(cbprintf_packaged.c.obj)
                0x0000000000008984                cbvprintf_package
 .text.cbprintf_package_convert
                0x0000000000008d28      0x3b4 zephyr/libzephyr.a(cbprintf_packaged.c.obj)
                0x0000000000008d28                cbprintf_package_convert
 .text.__printk_hook_install
                0x00000000000090dc        0xc zephyr/libzephyr.a(printk.c.obj)
                0x00000000000090dc                __printk_hook_install
 .text.z_thread_entry
                0x00000000000090e8       0x34 zephyr/libzephyr.a(thread_entry.c.obj)
                0x00000000000090e8                z_thread_entry
 .text.process_event
                0x000000000000911c      0x21c zephyr/libzephyr.a(onoff.c.obj)
 .text.rtc_pretick_init
                0x0000000000009338       0x60 zephyr/libzephyr.a(soc.c.obj)
 .text.z_arm_on_enter_cpu_idle
                0x0000000000009398       0x68 zephyr/libzephyr.a(soc.c.obj)
                0x0000000000009398                z_arm_on_enter_cpu_idle
 .text.arch_busy_wait
                0x0000000000009400       0x24 zephyr/libzephyr.a(soc.c.obj)
                0x0000000000009400                arch_busy_wait
 .text.rtc_cb   0x0000000000009424       0x40 zephyr/libzephyr.a(sync_rtc.c.obj)
 .text.sync_rtc_setup
                0x0000000000009464       0xc8 zephyr/libzephyr.a(sync_rtc.c.obj)
 .text.mbox_callback
                0x000000000000952c       0x80 zephyr/libzephyr.a(sync_rtc.c.obj)
 .text.z_arm_platform_init
                0x00000000000095ac        0x4 zephyr/libzephyr.a(soc_nrf_common.S.obj)
                0x00000000000095ac                z_arm_platform_init
 .text.ipc_service_open_instance
                0x00000000000095b0       0x5c zephyr/libzephyr.a(ipc_service.c.obj)
                0x00000000000095b0                ipc_service_open_instance
 .text.ipc_service_register_endpoint
                0x000000000000960c       0x64 zephyr/libzephyr.a(ipc_service.c.obj)
                0x000000000000960c                ipc_service_register_endpoint
 .text.ipc_service_send
                0x0000000000009670       0x84 zephyr/libzephyr.a(ipc_service.c.obj)
                0x0000000000009670                ipc_service_send
 .text.shared_memory_prepare
                0x00000000000096f4        0xc zephyr/libzephyr.a(ipc_rpmsg_static_vrings.c.obj)
 .text.advertise_ept
                0x0000000000009700       0x44 zephyr/libzephyr.a(ipc_rpmsg_static_vrings.c.obj)
 .text.get_ept  0x0000000000009744       0x28 zephyr/libzephyr.a(ipc_rpmsg_static_vrings.c.obj)
 .text.open     0x000000000000976c      0x1b0 zephyr/libzephyr.a(ipc_rpmsg_static_vrings.c.obj)
 .text.bound_cb
                0x000000000000991c       0x30 zephyr/libzephyr.a(ipc_rpmsg_static_vrings.c.obj)
 .text.send     0x000000000000994c       0x4c zephyr/libzephyr.a(ipc_rpmsg_static_vrings.c.obj)
 .text.register_ept
                0x0000000000009998       0xe0 zephyr/libzephyr.a(ipc_rpmsg_static_vrings.c.obj)
 .text.ns_bind_cb
                0x0000000000009a78       0x6c zephyr/libzephyr.a(ipc_rpmsg.c.obj)
 .text.ipc_rpmsg_register_ept
                0x0000000000009ae4       0x3c zephyr/libzephyr.a(ipc_rpmsg.c.obj)
                0x0000000000009ae4                ipc_rpmsg_register_ept
 .text.ipc_rpmsg_init
                0x0000000000009b20       0x70 zephyr/libzephyr.a(ipc_rpmsg.c.obj)
                0x0000000000009b20                ipc_rpmsg_init
 .text.ipc_static_vrings_init
                0x0000000000009b90      0x104 zephyr/libzephyr.a(ipc_static_vrings.c.obj)
                0x0000000000009b90                ipc_static_vrings_init
 .text.activate_foreach_backend
                0x0000000000009c94       0x64 zephyr/libzephyr.a(log_core.c.obj)
 .text.enable_logger
                0x0000000000009cf8       0x5c zephyr/libzephyr.a(log_core.c.obj)
 .text.log_process_thread_timer_expiry_fn
                0x0000000000009d54        0xc zephyr/libzephyr.a(log_core.c.obj)
 .text.z_log_init
                0x0000000000009d60       0x90 zephyr/libzephyr.a(log_core.c.obj)
 .text.log_format_func_t_get
                0x0000000000009df0        0xc zephyr/libzephyr.a(log_core.c.obj)
                0x0000000000009df0                log_format_func_t_get
 .text.log_set_timestamp_func
                0x0000000000009dfc       0x20 zephyr/libzephyr.a(log_core.c.obj)
                0x0000000000009dfc                log_set_timestamp_func
 .text.z_log_notify_backend_enabled
                0x0000000000009e1c       0x1c zephyr/libzephyr.a(log_core.c.obj)
                0x0000000000009e1c                z_log_notify_backend_enabled
 .text.z_log_dropped
                0x0000000000009e38       0x28 zephyr/libzephyr.a(log_core.c.obj)
                0x0000000000009e38                z_log_dropped
 .text.z_log_dropped_read_and_clear
                0x0000000000009e60       0x18 zephyr/libzephyr.a(log_core.c.obj)
                0x0000000000009e60                z_log_dropped_read_and_clear
 .text.dropped_notify
                0x0000000000009e78       0x30 zephyr/libzephyr.a(log_core.c.obj)
                0x0000000000009e78                dropped_notify
 .text.z_log_msg_init
                0x0000000000009ea8       0x20 zephyr/libzephyr.a(log_core.c.obj)
                0x0000000000009ea8                z_log_msg_init
 .text.log_core_init
                0x0000000000009ec8       0x34 zephyr/libzephyr.a(log_core.c.obj)
                0x0000000000009ec8                log_core_init
 .text.z_log_msg_alloc
                0x0000000000009efc       0x10 zephyr/libzephyr.a(log_core.c.obj)
                0x0000000000009efc                z_log_msg_alloc
 .text.z_log_msg_local_claim
                0x0000000000009f0c        0xc zephyr/libzephyr.a(log_core.c.obj)
                0x0000000000009f0c                z_log_msg_local_claim
 .text.z_log_msg_free
                0x0000000000009f18       0x10 zephyr/libzephyr.a(log_core.c.obj)
                0x0000000000009f18                z_log_msg_free
 .text.z_log_msg_pending
                0x0000000000009f28        0xc zephyr/libzephyr.a(log_core.c.obj)
                0x0000000000009f28                z_log_msg_pending
 .text.z_impl_log_process
                0x0000000000009f34       0xb4 zephyr/libzephyr.a(log_core.c.obj)
                0x0000000000009f34                z_impl_log_process
 .text.z_impl_log_panic
                0x0000000000009fe8       0x44 zephyr/libzephyr.a(log_core.c.obj)
                0x0000000000009fe8                z_impl_log_panic
 .text.log_process_thread_func
                0x000000000000a02c       0xa4 zephyr/libzephyr.a(log_core.c.obj)
 .text.z_log_msg_post_finalize
                0x000000000000a0d0       0x78 zephyr/libzephyr.a(log_core.c.obj)
 .text.z_log_msg_commit
                0x000000000000a148       0x24 zephyr/libzephyr.a(log_core.c.obj)
                0x000000000000a148                z_log_msg_commit
 .text.log_source_name_get
                0x000000000000a16c       0x1c zephyr/libzephyr.a(log_mgmt.c.obj)
                0x000000000000a16c                log_source_name_get
 .text.log_backend_enable
                0x000000000000a188       0x28 zephyr/libzephyr.a(log_mgmt.c.obj)
                0x000000000000a188                log_backend_enable
 .text.z_impl_z_log_msg_static_create
                0x000000000000a1b0      0x108 zephyr/libzephyr.a(log_msg.c.obj)
                0x000000000000a1b0                z_impl_z_log_msg_static_create
 .text.z_impl_z_log_msg_runtime_vcreate
                0x000000000000a2b8       0x8c zephyr/libzephyr.a(log_msg.c.obj)
                0x000000000000a2b8                z_impl_z_log_msg_runtime_vcreate
 .text.print_formatted
                0x000000000000a344       0x24 zephyr/libzephyr.a(log_output.c.obj)
 .text.newline_print
                0x000000000000a368       0x1c zephyr/libzephyr.a(log_output.c.obj)
 .text.log_output_process
                0x000000000000a384      0x2a8 zephyr/libzephyr.a(log_output.c.obj)
                0x000000000000a384                log_output_process
 .text.log_output_msg_process
                0x000000000000a62c       0x70 zephyr/libzephyr.a(log_output.c.obj)
                0x000000000000a62c                log_output_msg_process
 .text.log_output_dropped_process
                0x000000000000a69c       0x58 zephyr/libzephyr.a(log_output.c.obj)
                0x000000000000a69c                log_output_dropped_process
 .text.log_output_timestamp_freq_set
                0x000000000000a6f4       0x2c zephyr/libzephyr.a(log_output.c.obj)
                0x000000000000a6f4                log_output_timestamp_freq_set
 .text.format_set
                0x000000000000a720        0xc zephyr/libzephyr.a(log_backend_uart.c.obj)
 .text.panic    0x000000000000a72c       0x14 zephyr/libzephyr.a(log_backend_uart.c.obj)
 .text.dropped  0x000000000000a740        0xc zephyr/libzephyr.a(log_backend_uart.c.obj)
 .text.process  0x000000000000a74c       0x24 zephyr/libzephyr.a(log_backend_uart.c.obj)
 .text.char_out
                0x000000000000a770       0x24 zephyr/libzephyr.a(log_backend_uart.c.obj)
 .text.sub_bytes
                0x000000000000a794       0x18 zephyr/libzephyr.a(aes_encrypt.c.obj)
 .text.tc_aes128_set_encrypt_key
                0x000000000000a7ac       0xa8 zephyr/libzephyr.a(aes_encrypt.c.obj)
                0x000000000000a7ac                tc_aes128_set_encrypt_key
 .text.compress
                0x000000000000a854      0x1d4 zephyr/libzephyr.a(sha256.c.obj)
 .text.tc_sha256_init
                0x000000000000aa28       0x58 zephyr/libzephyr.a(sha256.c.obj)
                0x000000000000aa28                tc_sha256_init
 .text.z_arm_cpu_idle_init
                0x000000000000aa80        0xc zephyr/arch/arch/arm/core/aarch32/libarch__arm__core__aarch32.a(cpu_idle.S.obj)
                0x000000000000aa80                z_arm_cpu_idle_init
 .text.arch_cpu_idle
                0x000000000000aa8c       0x28 zephyr/arch/arch/arm/core/aarch32/libarch__arm__core__aarch32.a(cpu_idle.S.obj)
                0x000000000000aa8c                arch_cpu_idle
 .text.arch_cpu_atomic_idle
                0x000000000000aab4       0x24 zephyr/arch/arch/arm/core/aarch32/libarch__arm__core__aarch32.a(cpu_idle.S.obj)
                0x000000000000aab4                arch_cpu_atomic_idle
 .text.z_arm_fatal_error
                0x000000000000aad8       0xcc zephyr/arch/arch/arm/core/aarch32/libarch__arm__core__aarch32.a(fatal.c.obj)
                0x000000000000aad8                z_arm_fatal_error
 .text.arch_irq_enable
                0x000000000000aba4       0x1c zephyr/arch/arch/arm/core/aarch32/libarch__arm__core__aarch32.a(irq_manage.c.obj)
                0x000000000000aba4                arch_irq_enable
 .text.arch_irq_disable
                0x000000000000abc0       0x28 zephyr/arch/arch/arm/core/aarch32/libarch__arm__core__aarch32.a(irq_manage.c.obj)
                0x000000000000abc0                arch_irq_disable
 .text.arch_irq_is_enabled
                0x000000000000abe8       0x1c zephyr/arch/arch/arm/core/aarch32/libarch__arm__core__aarch32.a(irq_manage.c.obj)
                0x000000000000abe8                arch_irq_is_enabled
 .text.z_arm_irq_priority_set
                0x000000000000ac04       0x2c zephyr/arch/arch/arm/core/aarch32/libarch__arm__core__aarch32.a(irq_manage.c.obj)
                0x000000000000ac04                z_arm_irq_priority_set
 .text.z_SysNmiOnReset
                0x000000000000ac30        0x8 zephyr/arch/arch/arm/core/aarch32/libarch__arm__core__aarch32.a(nmi_on_reset.S.obj)
                0x000000000000ac30                z_SysNmiOnReset
 .text.z_arm_prep_c
                0x000000000000ac38       0x38 zephyr/arch/arch/arm/core/aarch32/libarch__arm__core__aarch32.a(prep_c.c.obj)
                0x000000000000ac38                z_arm_prep_c
 .text.arch_swap
                0x000000000000ac70       0x34 zephyr/arch/arch/arm/core/aarch32/libarch__arm__core__aarch32.a(swap.c.obj)
                0x000000000000ac70                arch_swap
 .text.z_arm_pendsv
                0x000000000000aca4       0x70 zephyr/arch/arch/arm/core/aarch32/libarch__arm__core__aarch32.a(swap_helper.S.obj)
                0x000000000000aca4                z_arm_pendsv
 .text.z_arm_svc
                0x000000000000ad14       0x20 zephyr/arch/arch/arm/core/aarch32/libarch__arm__core__aarch32.a(swap_helper.S.obj)
                0x000000000000ad14                z_arm_svc
 .text.arch_new_thread
                0x000000000000ad34       0x40 zephyr/arch/arch/arm/core/aarch32/libarch__arm__core__aarch32.a(thread.c.obj)
                0x000000000000ad34                arch_new_thread
 .text.arch_switch_to_main_thread
                0x000000000000ad74       0x34 zephyr/arch/arch/arm/core/aarch32/libarch__arm__core__aarch32.a(thread.c.obj)
                0x000000000000ad74                arch_switch_to_main_thread
 .text._isr_wrapper
                0x000000000000ada8       0x28 zephyr/arch/arch/arm/core/aarch32/libarch__arm__core__aarch32.a(isr_wrapper.S.obj)
                0x000000000000ada8                _isr_wrapper
 .text.arch_tls_stack_setup
                0x000000000000add0       0x5c zephyr/arch/arch/arm/core/aarch32/libarch__arm__core__aarch32.a(tls.c.obj)
                0x000000000000add0                arch_tls_stack_setup
 .text._HandlerModeExit
                0x000000000000ae2c       0x1c zephyr/arch/arch/arm/core/aarch32/cortex_m/libarch__arm__core__aarch32__cortex_m.a(exc_exit.S.obj)
                0x000000000000ae2c                z_arm_int_exit
                0x000000000000ae2c                z_arm_exc_exit
 .text.mem_manage_fault.constprop.0
                0x000000000000ae48      0x144 zephyr/arch/arch/arm/core/aarch32/cortex_m/libarch__arm__core__aarch32__cortex_m.a(fault.c.obj)
 .text.bus_fault.constprop.0
                0x000000000000af8c      0x154 zephyr/arch/arch/arm/core/aarch32/cortex_m/libarch__arm__core__aarch32__cortex_m.a(fault.c.obj)
 .text.usage_fault.constprop.0
                0x000000000000b0e0      0x128 zephyr/arch/arch/arm/core/aarch32/cortex_m/libarch__arm__core__aarch32__cortex_m.a(fault.c.obj)
 .text.z_arm_fault
                0x000000000000b208      0x230 zephyr/arch/arch/arm/core/aarch32/cortex_m/libarch__arm__core__aarch32__cortex_m.a(fault.c.obj)
                0x000000000000b208                z_arm_fault
 .text.z_arm_fault_init
                0x000000000000b438       0x18 zephyr/arch/arch/arm/core/aarch32/cortex_m/libarch__arm__core__aarch32__cortex_m.a(fault.c.obj)
                0x000000000000b438                z_arm_fault_init
 .text.__fault  0x000000000000b450       0x14 zephyr/arch/arch/arm/core/aarch32/cortex_m/libarch__arm__core__aarch32__cortex_m.a(fault_s.S.obj)
                0x000000000000b450                z_arm_usage_fault
                0x000000000000b450                z_arm_mpu_fault
                0x000000000000b450                z_arm_exc_spurious
                0x000000000000b450                z_arm_debug_monitor
                0x000000000000b450                z_arm_hard_fault
                0x000000000000b450                z_arm_bus_fault
 .text.z_arm_interrupt_init
                0x000000000000b464       0x18 zephyr/arch/arch/arm/core/aarch32/cortex_m/libarch__arm__core__aarch32__cortex_m.a(irq_init.c.obj)
                0x000000000000b464                z_arm_interrupt_init
 .text._reset_section
                0x000000000000b47c       0x60 zephyr/arch/arch/arm/core/aarch32/cortex_m/libarch__arm__core__aarch32__cortex_m.a(reset.S.obj)
                0x000000000000b47c                __start
                0x000000000000b47c                z_arm_reset
 .text.sys_arch_reboot
                0x000000000000b4dc       0x24 zephyr/arch/arch/arm/core/aarch32/cortex_m/libarch__arm__core__aarch32__cortex_m.a(scb.c.obj)
                0x000000000000b4dc                sys_arch_reboot
 .text.z_arm_clear_arm_mpu_config
                0x000000000000b500       0x24 zephyr/arch/arch/arm/core/aarch32/cortex_m/libarch__arm__core__aarch32__cortex_m.a(scb.c.obj)
                0x000000000000b500                z_arm_clear_arm_mpu_config
 .text.z_arm_init_arch_hw_at_boot
                0x000000000000b524       0x4c zephyr/arch/arch/arm/core/aarch32/cortex_m/libarch__arm__core__aarch32__cortex_m.a(scb.c.obj)
                0x000000000000b524                z_arm_init_arch_hw_at_boot
 .text.z_impl_k_thread_abort
                0x000000000000b570       0x2c zephyr/arch/arch/arm/core/aarch32/cortex_m/libarch__arm__core__aarch32__cortex_m.a(thread_abort.c.obj)
                0x000000000000b570                z_impl_k_thread_abort
 .text.z_arm_configure_static_mpu_regions
                0x000000000000b59c       0x38 zephyr/arch/arch/arm/core/aarch32/mpu/libarch__arm__core__aarch32__mpu.a(arm_core_mpu.c.obj)
                0x000000000000b59c                z_arm_configure_static_mpu_regions
 .text.region_init
                0x000000000000b5d4       0x34 zephyr/arch/arch/arm/core/aarch32/mpu/libarch__arm__core__aarch32__mpu.a(arm_mpu.c.obj)
 .text.region_allocate_and_init.part.0
                0x000000000000b608       0x30 zephyr/arch/arch/arm/core/aarch32/mpu/libarch__arm__core__aarch32__mpu.a(arm_mpu.c.obj)
 .text.mpu_configure_regions_and_partition.constprop.0
                0x000000000000b638      0x19c zephyr/arch/arch/arm/core/aarch32/mpu/libarch__arm__core__aarch32__mpu.a(arm_mpu.c.obj)
 .text.arm_core_mpu_enable
                0x000000000000b7d4       0x18 zephyr/arch/arch/arm/core/aarch32/mpu/libarch__arm__core__aarch32__mpu.a(arm_mpu.c.obj)
                0x000000000000b7d4                arm_core_mpu_enable
 .text.arm_core_mpu_disable
                0x000000000000b7ec       0x14 zephyr/arch/arch/arm/core/aarch32/mpu/libarch__arm__core__aarch32__mpu.a(arm_mpu.c.obj)
                0x000000000000b7ec                arm_core_mpu_disable
 .text.arm_core_mpu_configure_static_mpu_regions
                0x000000000000b800       0x14 zephyr/arch/arch/arm/core/aarch32/mpu/libarch__arm__core__aarch32__mpu.a(arm_mpu.c.obj)
                0x000000000000b800                arm_core_mpu_configure_static_mpu_regions
 .text.arm_core_mpu_mark_areas_for_dynamic_regions
                0x000000000000b814       0xb8 zephyr/arch/arch/arm/core/aarch32/mpu/libarch__arm__core__aarch32__mpu.a(arm_mpu.c.obj)
                0x000000000000b814                arm_core_mpu_mark_areas_for_dynamic_regions
 .text.z_arm_mpu_init
                0x000000000000b8cc       0x4c zephyr/arch/arch/arm/core/aarch32/mpu/libarch__arm__core__aarch32__mpu.a(arm_mpu.c.obj)
                0x000000000000b8cc                z_arm_mpu_init
 .text.z_impl_zephyr_fputc
                0x000000000000b918       0x10 zephyr/lib/libc/picolibc/liblib__libc__picolibc.a(libc-hooks.c.obj)
                0x000000000000b918                z_impl_zephyr_fputc
 .text.__stdout_hook_install
                0x000000000000b928       0x18 zephyr/lib/libc/picolibc/liblib__libc__picolibc.a(libc-hooks.c.obj)
                0x000000000000b928                __stdout_hook_install
 .text.cbvprintf
                0x000000000000b940       0x38 zephyr/lib/libc/picolibc/liblib__libc__picolibc.a(libc-hooks.c.obj)
                0x000000000000b940                cbvprintf
 .text.malloc_prepare
                0x000000000000b978       0x24 zephyr/lib/libc/common/liblib__libc__common.a(malloc.c.obj)
 .text.remoteproc_mgr_boot
                0x000000000000b99c       0x60 zephyr/boards/boards/arm/nrf5340dk_nrf5340_cpuapp_ns/libboards__arm__nrf5340dk_nrf5340.a(nrf5340_cpunet_reset.c.obj)
 .text.xoshiro128_initialize
                0x000000000000b9fc       0x18 zephyr/subsys/random/libsubsys__random.a(rand32_xoshiro128.c.obj)
 .text.bt_hex   0x000000000000ba14       0x44 zephyr/subsys/bluetooth/common/libsubsys__bluetooth__common.a(bt_str.c.obj)
                0x000000000000ba14                bt_hex
 .text.bt_addr_le_str
                0x000000000000ba58       0x7c zephyr/subsys/bluetooth/common/libsubsys__bluetooth__common.a(bt_str.c.obj)
                0x000000000000ba58                bt_addr_le_str
 .text.long_wq_init
                0x000000000000bad4       0x38 zephyr/subsys/bluetooth/host/libsubsys__bluetooth__host.a(long_wq.c.obj)
 .text.bt_long_wq_schedule
                0x000000000000bb0c        0xc zephyr/subsys/bluetooth/host/libsubsys__bluetooth__host.a(long_wq.c.obj)
                0x000000000000bb0c                bt_long_wq_schedule
 .text.uuid_to_uuid128
                0x000000000000bb18       0x78 zephyr/subsys/bluetooth/host/libsubsys__bluetooth__host.a(uuid.c.obj)
 .text.bt_buf_get_rx
                0x000000000000bb90       0x2c zephyr/subsys/bluetooth/host/libsubsys__bluetooth__host.a(buf.c.obj)
                0x000000000000bb90                bt_buf_get_rx
 .text.bt_buf_get_cmd_complete
                0x000000000000bbbc       0x38 zephyr/subsys/bluetooth/host/libsubsys__bluetooth__host.a(buf.c.obj)
                0x000000000000bbbc                bt_buf_get_cmd_complete
 .text.bt_buf_get_evt
                0x000000000000bbf4       0x58 zephyr/subsys/bluetooth/host/libsubsys__bluetooth__host.a(buf.c.obj)
                0x000000000000bbf4                bt_buf_get_evt
 .text.ver_str  0x000000000000bc4c       0x3c zephyr/subsys/bluetooth/host/libsubsys__bluetooth__host.a(hci_core.c.obj)
 .text.hci_disconn_complete_prio
                0x000000000000bc88       0x40 zephyr/subsys/bluetooth/host/libsubsys__bluetooth__host.a(hci_core.c.obj)
 .text.find_pending_connect.part.0
                0x000000000000bcc8       0x2c zephyr/subsys/bluetooth/host/libsubsys__bluetooth__host.a(hci_core.c.obj)
 .text.hci_data_buf_overflow
                0x000000000000bcf4       0x30 zephyr/subsys/bluetooth/host/libsubsys__bluetooth__host.a(hci_core.c.obj)
 .text.le_conn_param_neg_reply.part.0
                0x000000000000bd24       0x24 zephyr/subsys/bluetooth/host/libsubsys__bluetooth__host.a(hci_core.c.obj)
 .text.rx_queue_put
                0x000000000000bd48       0x50 zephyr/subsys/bluetooth/host/libsubsys__bluetooth__host.a(hci_core.c.obj)
 .text.handle_event.part.0
                0x000000000000bd98       0x48 zephyr/subsys/bluetooth/host/libsubsys__bluetooth__host.a(hci_core.c.obj)
 .text.hci_hardware_error
                0x000000000000bde0       0x34 zephyr/subsys/bluetooth/host/libsubsys__bluetooth__host.a(hci_core.c.obj)
 .text.hci_disconn_complete
                0x000000000000be14       0x5c zephyr/subsys/bluetooth/host/libsubsys__bluetooth__host.a(hci_core.c.obj)
 .text.le_data_len_change
                0x000000000000be70       0x44 zephyr/subsys/bluetooth/host/libsubsys__bluetooth__host.a(hci_core.c.obj)
 .text.le_phy_update_complete
                0x000000000000beb4       0x44 zephyr/subsys/bluetooth/host/libsubsys__bluetooth__host.a(hci_core.c.obj)
 .text.handle_event
                0x000000000000bef8       0x60 zephyr/subsys/bluetooth/host/libsubsys__bluetooth__host.a(hci_core.c.obj)
 .text.rx_work_handler
                0x000000000000bf58      0x1b8 zephyr/subsys/bluetooth/host/libsubsys__bluetooth__host.a(hci_core.c.obj)
 .text.hci_le_meta_event
                0x000000000000c110       0x20 zephyr/subsys/bluetooth/host/libsubsys__bluetooth__host.a(hci_core.c.obj)
 .text.le_remote_feat_complete
                0x000000000000c130       0x68 zephyr/subsys/bluetooth/host/libsubsys__bluetooth__host.a(hci_core.c.obj)
 .text.hci_cmd_done
                0x000000000000c198      0x130 zephyr/subsys/bluetooth/host/libsubsys__bluetooth__host.a(hci_core.c.obj)
 .text.hci_cmd_status
                0x000000000000c2c8       0x2c zephyr/subsys/bluetooth/host/libsubsys__bluetooth__host.a(hci_core.c.obj)
 .text.hci_cmd_complete
                0x000000000000c2f4       0x30 zephyr/subsys/bluetooth/host/libsubsys__bluetooth__host.a(hci_core.c.obj)
 .text.hci_num_completed_packets
                0x000000000000c324      0x154 zephyr/subsys/bluetooth/host/libsubsys__bluetooth__host.a(hci_core.c.obj)
 .text.le_conn_update_complete
                0x000000000000c478       0xd8 zephyr/subsys/bluetooth/host/libsubsys__bluetooth__host.a(hci_core.c.obj)
 .text.bt_hci_cmd_state_set_init
                0x000000000000c550       0x24 zephyr/subsys/bluetooth/host/libsubsys__bluetooth__host.a(hci_core.c.obj)
                0x000000000000c550                bt_hci_cmd_state_set_init
 .text.bt_hci_cmd_create
                0x000000000000c574       0x74 zephyr/subsys/bluetooth/host/libsubsys__bluetooth__host.a(hci_core.c.obj)
                0x000000000000c574                bt_hci_cmd_create
 .text.bt_hci_cmd_send_sync
                0x000000000000c5e8      0x104 zephyr/subsys/bluetooth/host/libsubsys__bluetooth__host.a(hci_core.c.obj)
                0x000000000000c5e8                bt_hci_cmd_send_sync
 .text.hci_le_read_max_data_len
                0x000000000000c6ec       0x50 zephyr/subsys/bluetooth/host/libsubsys__bluetooth__host.a(hci_core.c.obj)
 .text.bt_hci_le_rand
                0x000000000000c73c       0x58 zephyr/subsys/bluetooth/host/libsubsys__bluetooth__host.a(hci_core.c.obj)
                0x000000000000c73c                bt_hci_le_rand
 .text.bt_hci_le_enh_conn_complete
                0x000000000000c794      0x2d8 zephyr/subsys/bluetooth/host/libsubsys__bluetooth__host.a(hci_core.c.obj)
                0x000000000000c794                bt_hci_le_enh_conn_complete
 .text.le_legacy_conn_complete
                0x000000000000ca6c       0x64 zephyr/subsys/bluetooth/host/libsubsys__bluetooth__host.a(hci_core.c.obj)
 .text.bt_send  0x000000000000cad0       0x10 zephyr/subsys/bluetooth/host/libsubsys__bluetooth__host.a(hci_core.c.obj)
                0x000000000000cad0                bt_send
 .text.bt_hci_cmd_send
                0x000000000000cae0       0x6c zephyr/subsys/bluetooth/host/libsubsys__bluetooth__host.a(hci_core.c.obj)
                0x000000000000cae0                bt_hci_cmd_send
 .text.bt_hci_host_num_completed_packets
                0x000000000000cb4c       0xf0 zephyr/subsys/bluetooth/host/libsubsys__bluetooth__host.a(hci_core.c.obj)
                0x000000000000cb4c                bt_hci_host_num_completed_packets
 .text.le_conn_param_req
                0x000000000000cc3c       0xc8 zephyr/subsys/bluetooth/host/libsubsys__bluetooth__host.a(hci_core.c.obj)
 .text.hci_tx_thread
                0x000000000000cd04      0x194 zephyr/subsys/bluetooth/host/libsubsys__bluetooth__host.a(hci_core.c.obj)
 .text.hci_event_prio
                0x000000000000ce98       0xa4 zephyr/subsys/bluetooth/host/libsubsys__bluetooth__host.a(hci_core.c.obj)
                0x000000000000ce98                hci_event_prio
 .text.bt_recv  0x000000000000cf3c       0x68 zephyr/subsys/bluetooth/host/libsubsys__bluetooth__host.a(hci_core.c.obj)
                0x000000000000cf3c                bt_recv
 .text.bt_hci_driver_register
                0x000000000000cfa4       0x28 zephyr/subsys/bluetooth/host/libsubsys__bluetooth__host.a(hci_core.c.obj)
                0x000000000000cfa4                bt_hci_driver_register
 .text.bt_finalize_init
                0x000000000000cfcc      0x134 zephyr/subsys/bluetooth/host/libsubsys__bluetooth__host.a(hci_core.c.obj)
                0x000000000000cfcc                bt_finalize_init
 .text.bt_init  0x000000000000d100      0x58c zephyr/subsys/bluetooth/host/libsubsys__bluetooth__host.a(hci_core.c.obj)
 .text.init_work
                0x000000000000d68c       0x18 zephyr/subsys/bluetooth/host/libsubsys__bluetooth__host.a(hci_core.c.obj)
 .text.bt_enable
                0x000000000000d6a4      0x124 zephyr/subsys/bluetooth/host/libsubsys__bluetooth__host.a(hci_core.c.obj)
                0x000000000000d6a4                bt_enable
 .text.bt_is_ready
                0x000000000000d7c8       0x10 zephyr/subsys/bluetooth/host/libsubsys__bluetooth__host.a(hci_core.c.obj)
                0x000000000000d7c8                bt_is_ready
 .text.bt_get_name
                0x000000000000d7d8        0x8 zephyr/subsys/bluetooth/host/libsubsys__bluetooth__host.a(hci_core.c.obj)
                0x000000000000d7d8                bt_get_name
 .text.id_find  0x000000000000d7e0       0x30 zephyr/subsys/bluetooth/host/libsubsys__bluetooth__host.a(id.c.obj)
 .text.id_create.constprop.0
                0x000000000000d810       0x5c zephyr/subsys/bluetooth/host/libsubsys__bluetooth__host.a(id.c.obj)
 .text.set_random_address
                0x000000000000d86c       0x50 zephyr/subsys/bluetooth/host/libsubsys__bluetooth__host.a(id.c.obj)
 .text.bt_id_create
                0x000000000000d8bc       0xa8 zephyr/subsys/bluetooth/host/libsubsys__bluetooth__host.a(id.c.obj)
                0x000000000000d8bc                bt_id_create
 .text.bt_id_read_public_addr
                0x000000000000d964       0x84 zephyr/subsys/bluetooth/host/libsubsys__bluetooth__host.a(id.c.obj)
                0x000000000000d964                bt_id_read_public_addr
 .text.bt_setup_public_id_addr
                0x000000000000d9e8       0x20 zephyr/subsys/bluetooth/host/libsubsys__bluetooth__host.a(id.c.obj)
                0x000000000000d9e8                bt_setup_public_id_addr
 .text.bt_read_static_addr
                0x000000000000da08       0xa8 zephyr/subsys/bluetooth/host/libsubsys__bluetooth__host.a(id.c.obj)
                0x000000000000da08                bt_read_static_addr
 .text.bt_setup_random_id_addr
                0x000000000000dab0       0x5c zephyr/subsys/bluetooth/host/libsubsys__bluetooth__host.a(id.c.obj)
                0x000000000000dab0                bt_setup_random_id_addr
 .text.bt_id_set_adv_own_addr
                0x000000000000db0c       0xe0 zephyr/subsys/bluetooth/host/libsubsys__bluetooth__host.a(id.c.obj)
                0x000000000000db0c                bt_id_set_adv_own_addr
 .text.bt_id_init
                0x000000000000dbec       0x60 zephyr/subsys/bluetooth/host/libsubsys__bluetooth__host.a(id.c.obj)
                0x000000000000dbec                bt_id_init
 .text.hci_set_ad
                0x000000000000dc4c       0xe0 zephyr/subsys/bluetooth/host/libsubsys__bluetooth__host.a(adv.c.obj)
 .text.valid_adv_param
                0x000000000000dd2c       0x84 zephyr/subsys/bluetooth/host/libsubsys__bluetooth__host.a(adv.c.obj)
 .text.adv_is_directed
                0x000000000000ddb0       0x18 zephyr/subsys/bluetooth/host/libsubsys__bluetooth__host.a(adv.c.obj)
 .text.le_adv_start_add_conn
                0x000000000000ddc8       0x60 zephyr/subsys/bluetooth/host/libsubsys__bluetooth__host.a(adv.c.obj)
 .text.bt_le_adv_lookup_legacy
                0x000000000000de28        0x8 zephyr/subsys/bluetooth/host/libsubsys__bluetooth__host.a(adv.c.obj)
                0x000000000000de28                bt_le_adv_lookup_legacy
 .text.bt_le_adv_start_legacy
                0x000000000000de30      0x264 zephyr/subsys/bluetooth/host/libsubsys__bluetooth__host.a(adv.c.obj)
                0x000000000000de30                bt_le_adv_start_legacy
 .text.bt_le_adv_start
                0x000000000000e094       0x64 zephyr/subsys/bluetooth/host/libsubsys__bluetooth__host.a(adv.c.obj)
                0x000000000000e094                bt_le_adv_start
 .text.bt_le_adv_stop
                0x000000000000e0f8       0x78 zephyr/subsys/bluetooth/host/libsubsys__bluetooth__host.a(adv.c.obj)
                0x000000000000e0f8                bt_le_adv_stop
 .text.adv_timeout
                0x000000000000e170       0x38 zephyr/subsys/bluetooth/host/libsubsys__bluetooth__host.a(adv.c.obj)
 .text.bt_le_adv_resume
                0x000000000000e1a8       0xf4 zephyr/subsys/bluetooth/host/libsubsys__bluetooth__host.a(adv.c.obj)
                0x000000000000e1a8                bt_le_adv_resume
 .text.prng_reseed.constprop.0
                0x000000000000e29c       0x6c zephyr/subsys/bluetooth/host/libsubsys__bluetooth__host.a(crypto.c.obj)
 .text.prng_init
                0x000000000000e308       0x50 zephyr/subsys/bluetooth/host/libsubsys__bluetooth__host.a(crypto.c.obj)
                0x000000000000e308                prng_init
 .text.bt_rand  0x000000000000e358       0x3c zephyr/subsys/bluetooth/host/libsubsys__bluetooth__host.a(crypto.c.obj)
                0x000000000000e358                bt_rand
 .text.notify_connected
                0x000000000000e394       0x3c zephyr/subsys/bluetooth/host/libsubsys__bluetooth__host.a(conn.c.obj)
 .text.bt_conn_create_pdu_timeout.part.0
                0x000000000000e3d0       0x28 zephyr/subsys/bluetooth/host/libsubsys__bluetooth__host.a(conn.c.obj)
 .text.tx_notify
                0x000000000000e3f8       0x60 zephyr/subsys/bluetooth/host/libsubsys__bluetooth__host.a(conn.c.obj)
 .text.conn_tx_destroy
                0x000000000000e458       0x2c zephyr/subsys/bluetooth/host/libsubsys__bluetooth__host.a(conn.c.obj)
 .text.send_frag
                0x000000000000e484      0x1c0 zephyr/subsys/bluetooth/host/libsubsys__bluetooth__host.a(conn.c.obj)
 .text.bt_conn_get_pkts
                0x000000000000e644       0x18 zephyr/subsys/bluetooth/host/libsubsys__bluetooth__host.a(conn.c.obj)
                0x000000000000e644                bt_conn_get_pkts
 .text.bt_conn_new
                0x000000000000e65c       0x5c zephyr/subsys/bluetooth/host/libsubsys__bluetooth__host.a(conn.c.obj)
                0x000000000000e65c                bt_conn_new
 .text.bt_conn_recv
                0x000000000000e6b8      0x138 zephyr/subsys/bluetooth/host/libsubsys__bluetooth__host.a(conn.c.obj)
                0x000000000000e6b8                bt_conn_recv
 .text.bt_conn_send_cb
                0x000000000000e7f0      0x100 zephyr/subsys/bluetooth/host/libsubsys__bluetooth__host.a(conn.c.obj)
                0x000000000000e7f0                bt_conn_send_cb
 .text.bt_conn_prepare_events
                0x000000000000e8f0       0x94 zephyr/subsys/bluetooth/host/libsubsys__bluetooth__host.a(conn.c.obj)
                0x000000000000e8f0                bt_conn_prepare_events
 .text.bt_conn_set_state
                0x000000000000e984      0x204 zephyr/subsys/bluetooth/host/libsubsys__bluetooth__host.a(conn.c.obj)
                0x000000000000e984                bt_conn_set_state
 .text.bt_conn_lookup_handle
                0x000000000000eb88       0x58 zephyr/subsys/bluetooth/host/libsubsys__bluetooth__host.a(conn.c.obj)
                0x000000000000eb88                bt_conn_lookup_handle
 .text.bt_conn_index
                0x000000000000ebe0       0x18 zephyr/subsys/bluetooth/host/libsubsys__bluetooth__host.a(conn.c.obj)
                0x000000000000ebe0                bt_conn_index
 .text.bt_conn_create_pdu_timeout
                0x000000000000ebf8       0x2c zephyr/subsys/bluetooth/host/libsubsys__bluetooth__host.a(conn.c.obj)
                0x000000000000ebf8                bt_conn_create_pdu_timeout
 .text.notify_le_param_updated
                0x000000000000ec24       0x88 zephyr/subsys/bluetooth/host/libsubsys__bluetooth__host.a(conn.c.obj)
                0x000000000000ec24                notify_le_param_updated
 .text.le_param_req
                0x000000000000ecac       0x74 zephyr/subsys/bluetooth/host/libsubsys__bluetooth__host.a(conn.c.obj)
                0x000000000000ecac                le_param_req
 .text.bt_conn_cb_register
                0x000000000000ed20       0x10 zephyr/subsys/bluetooth/host/libsubsys__bluetooth__host.a(conn.c.obj)
                0x000000000000ed20                bt_conn_cb_register
 .text.bt_conn_add_le
                0x000000000000ed30       0x38 zephyr/subsys/bluetooth/host/libsubsys__bluetooth__host.a(conn.c.obj)
                0x000000000000ed30                bt_conn_add_le
 .text.bt_conn_lookup_addr_le
                0x000000000000ed68       0x34 zephyr/subsys/bluetooth/host/libsubsys__bluetooth__host.a(conn.c.obj)
                0x000000000000ed68                bt_conn_lookup_addr_le
 .text.bt_conn_exists_le
                0x000000000000ed9c       0x60 zephyr/subsys/bluetooth/host/libsubsys__bluetooth__host.a(conn.c.obj)
                0x000000000000ed9c                bt_conn_exists_le
 .text.bt_conn_lookup_state_le
                0x000000000000edfc       0x44 zephyr/subsys/bluetooth/host/libsubsys__bluetooth__host.a(conn.c.obj)
                0x000000000000edfc                bt_conn_lookup_state_le
 .text.send_conn_le_param_update
                0x000000000000ee40       0x68 zephyr/subsys/bluetooth/host/libsubsys__bluetooth__host.a(conn.c.obj)
 .text.deferred_work
                0x000000000000eea8      0x118 zephyr/subsys/bluetooth/host/libsubsys__bluetooth__host.a(conn.c.obj)
 .text.bt_conn_create_frag_timeout
                0x000000000000efc0        0xc zephyr/subsys/bluetooth/host/libsubsys__bluetooth__host.a(conn.c.obj)
                0x000000000000efc0                bt_conn_create_frag_timeout
 .text.bt_conn_process_tx
                0x000000000000efcc      0x118 zephyr/subsys/bluetooth/host/libsubsys__bluetooth__host.a(conn.c.obj)
                0x000000000000efcc                bt_conn_process_tx
 .text.bt_conn_init
                0x000000000000f0e4       0x44 zephyr/subsys/bluetooth/host/libsubsys__bluetooth__host.a(conn.c.obj)
                0x000000000000f0e4                bt_conn_init
 .text.l2cap_create_le_sig_pdu.part.0
                0x000000000000f128       0x2c zephyr/subsys/bluetooth/host/libsubsys__bluetooth__host.a(l2cap.c.obj)
 .text.l2cap_accept.part.0
                0x000000000000f154       0x30 zephyr/subsys/bluetooth/host/libsubsys__bluetooth__host.a(l2cap.c.obj)
 .text.l2cap_accept
                0x000000000000f184       0x1c zephyr/subsys/bluetooth/host/libsubsys__bluetooth__host.a(l2cap.c.obj)
 .text.bt_l2cap_connected
                0x000000000000f1a0       0x8c zephyr/subsys/bluetooth/host/libsubsys__bluetooth__host.a(l2cap.c.obj)
                0x000000000000f1a0                bt_l2cap_connected
 .text.l2cap_recv
                0x000000000000f22c       0xec zephyr/subsys/bluetooth/host/libsubsys__bluetooth__host.a(l2cap.c.obj)
 .text.bt_l2cap_recv
                0x000000000000f318       0x7c zephyr/subsys/bluetooth/host/libsubsys__bluetooth__host.a(l2cap.c.obj)
                0x000000000000f318                bt_l2cap_recv
 .text.bt_l2cap_update_conn_param
                0x000000000000f394       0x64 zephyr/subsys/bluetooth/host/libsubsys__bluetooth__host.a(l2cap.c.obj)
                0x000000000000f394                bt_l2cap_update_conn_param
 .text.att_op_get_type
                0x000000000000f3f8       0x74 zephyr/subsys/bluetooth/host/libsubsys__bluetooth__host.a(att.c.obj)
 .text.bt_att_released
                0x000000000000f46c        0xc zephyr/subsys/bluetooth/host/libsubsys__bluetooth__host.a(att.c.obj)
 .text.tx_meta_data_free
                0x000000000000f478       0x3c zephyr/subsys/bluetooth/host/libsubsys__bluetooth__host.a(att.c.obj)
 .text.find_type_cb
                0x000000000000f4b4      0x198 zephyr/subsys/bluetooth/host/libsubsys__bluetooth__host.a(att.c.obj)
 .text.send_err_rsp.part.0
                0x000000000000f64c       0x24 zephyr/subsys/bluetooth/host/libsubsys__bluetooth__host.a(att.c.obj)
 .text.att_get  0x000000000000f670       0x64 zephyr/subsys/bluetooth/host/libsubsys__bluetooth__host.a(att.c.obj)
 .text.bt_att_connected
                0x000000000000f6d4       0x38 zephyr/subsys/bluetooth/host/libsubsys__bluetooth__host.a(att.c.obj)
 .text.read_group_cb
                0x000000000000f70c       0xb8 zephyr/subsys/bluetooth/host/libsubsys__bluetooth__host.a(att.c.obj)
 .text.bt_att_chan_create_pdu
                0x000000000000f7c4      0x13c zephyr/subsys/bluetooth/host/libsubsys__bluetooth__host.a(att.c.obj)
 .text.read_type_cb
                0x000000000000f900       0xac zephyr/subsys/bluetooth/host/libsubsys__bluetooth__host.a(att.c.obj)
 .text.bt_att_accept
                0x000000000000f9ac      0x120 zephyr/subsys/bluetooth/host/libsubsys__bluetooth__host.a(att.c.obj)
 .text.chan_send
                0x000000000000facc       0xf8 zephyr/subsys/bluetooth/host/libsubsys__bluetooth__host.a(att.c.obj)
 .text.bt_att_recv
                0x000000000000fbc4      0x174 zephyr/subsys/bluetooth/host/libsubsys__bluetooth__host.a(att.c.obj)
 .text.att_write_rsp.constprop.0
                0x000000000000fd38       0xc4 zephyr/subsys/bluetooth/host/libsubsys__bluetooth__host.a(att.c.obj)
 .text.bt_att_create_pdu
                0x000000000000fdfc       0x7c zephyr/subsys/bluetooth/host/libsubsys__bluetooth__host.a(att.c.obj)
                0x000000000000fdfc                bt_att_create_pdu
 .text.bt_att_create_rsp_pdu
                0x000000000000fe78       0x4c zephyr/subsys/bluetooth/host/libsubsys__bluetooth__host.a(att.c.obj)
                0x000000000000fe78                bt_att_create_rsp_pdu
 .text.att_read_group_req
                0x000000000000fec4       0xfc zephyr/subsys/bluetooth/host/libsubsys__bluetooth__host.a(att.c.obj)
 .text.att_read_mult_vl_req
                0x000000000000ffc0       0xa8 zephyr/subsys/bluetooth/host/libsubsys__bluetooth__host.a(att.c.obj)
 .text.att_read_mult_req
                0x0000000000010068       0xa8 zephyr/subsys/bluetooth/host/libsubsys__bluetooth__host.a(att.c.obj)
 .text.att_read_rsp
                0x0000000000010110       0x9c zephyr/subsys/bluetooth/host/libsubsys__bluetooth__host.a(att.c.obj)
 .text.att_read_type_req
                0x00000000000101ac       0xc8 zephyr/subsys/bluetooth/host/libsubsys__bluetooth__host.a(att.c.obj)
 .text.att_find_type_req
                0x0000000000010274       0xcc zephyr/subsys/bluetooth/host/libsubsys__bluetooth__host.a(att.c.obj)
 .text.att_find_info_req
                0x0000000000010340       0x74 zephyr/subsys/bluetooth/host/libsubsys__bluetooth__host.a(att.c.obj)
 .text.bt_att_init
                0x00000000000103b4       0x38 zephyr/subsys/bluetooth/host/libsubsys__bluetooth__host.a(att.c.obj)
                0x00000000000103b4                bt_att_init
 .text.bt_att_req_alloc
                0x00000000000103ec       0x50 zephyr/subsys/bluetooth/host/libsubsys__bluetooth__host.a(att.c.obj)
                0x00000000000103ec                bt_att_req_alloc
 .text.bt_att_req_free
                0x000000000001043c       0x28 zephyr/subsys/bluetooth/host/libsubsys__bluetooth__host.a(att.c.obj)
                0x000000000001043c                bt_att_req_free
 .text.att_handle_rsp
                0x0000000000010464       0x8c zephyr/subsys/bluetooth/host/libsubsys__bluetooth__host.a(att.c.obj)
 .text.bt_att_disconnected
                0x00000000000104f0       0xcc zephyr/subsys/bluetooth/host/libsubsys__bluetooth__host.a(att.c.obj)
 .text.att_timeout
                0x00000000000105bc       0xc4 zephyr/subsys/bluetooth/host/libsubsys__bluetooth__host.a(att.c.obj)
 .text.find_cf_cfg
                0x0000000000010680       0x30 zephyr/subsys/bluetooth/host/libsubsys__bluetooth__host.a(gatt.c.obj)
 .text.find_sc_cfg
                0x00000000000106b0       0x24 zephyr/subsys/bluetooth/host/libsubsys__bluetooth__host.a(gatt.c.obj)
 .text.find_ccc_cfg
                0x00000000000106d4       0x28 zephyr/subsys/bluetooth/host/libsubsys__bluetooth__host.a(gatt.c.obj)
 .text.read_ppcp
                0x00000000000106fc       0x28 zephyr/subsys/bluetooth/host/libsubsys__bluetooth__host.a(gatt.c.obj)
 .text.bt_gatt_attr_write_ccc
                0x0000000000010724       0xc8 zephyr/subsys/bluetooth/host/libsubsys__bluetooth__host.a(gatt.c.obj)
                0x0000000000010724                bt_gatt_attr_write_ccc
 .text.clear_cf_cfg
                0x00000000000107ec       0x28 zephyr/subsys/bluetooth/host/libsubsys__bluetooth__host.a(gatt.c.obj)
 .text.sc_save  0x0000000000010814       0x6c zephyr/subsys/bluetooth/host/libsubsys__bluetooth__host.a(gatt.c.obj)
 .text.disconnected_cb
                0x0000000000010880       0xa0 zephyr/subsys/bluetooth/host/libsubsys__bluetooth__host.a(gatt.c.obj)
 .text.cf_write
                0x0000000000010920       0xa4 zephyr/subsys/bluetooth/host/libsubsys__bluetooth__host.a(gatt.c.obj)
 .text.sc_indicate_rsp
                0x00000000000109c4       0x4c zephyr/subsys/bluetooth/host/libsubsys__bluetooth__host.a(gatt.c.obj)
 .text.bt_gatt_init
                0x0000000000010a10       0x84 zephyr/subsys/bluetooth/host/libsubsys__bluetooth__host.a(gatt.c.obj)
                0x0000000000010a10                bt_gatt_init
 .text.bt_gatt_attr_get_handle
                0x0000000000010a94       0x60 zephyr/subsys/bluetooth/host/libsubsys__bluetooth__host.a(gatt.c.obj)
                0x0000000000010a94                bt_gatt_attr_get_handle
 .text.bt_gatt_foreach_attr_type
                0x0000000000010af4       0xb4 zephyr/subsys/bluetooth/host/libsubsys__bluetooth__host.a(gatt.c.obj)
                0x0000000000010af4                bt_gatt_foreach_attr_type
 .text.db_hash_gen
                0x0000000000010ba8       0x88 zephyr/subsys/bluetooth/host/libsubsys__bluetooth__host.a(gatt.c.obj)
 .text.db_hash_read
                0x0000000000010c30       0x64 zephyr/subsys/bluetooth/host/libsubsys__bluetooth__host.a(gatt.c.obj)
 .text.db_hash_process
                0x0000000000010c94       0x14 zephyr/subsys/bluetooth/host/libsubsys__bluetooth__host.a(gatt.c.obj)
 .text.bt_gatt_attr_next
                0x0000000000010ca8       0x24 zephyr/subsys/bluetooth/host/libsubsys__bluetooth__host.a(gatt.c.obj)
                0x0000000000010ca8                bt_gatt_attr_next
 .text.gatt_indicate
                0x0000000000010ccc       0xf8 zephyr/subsys/bluetooth/host/libsubsys__bluetooth__host.a(gatt.c.obj)
 .text.bt_gatt_indicate
                0x0000000000010dc4       0xf0 zephyr/subsys/bluetooth/host/libsubsys__bluetooth__host.a(gatt.c.obj)
                0x0000000000010dc4                bt_gatt_indicate
 .text.sc_process
                0x0000000000010eb4       0x60 zephyr/subsys/bluetooth/host/libsubsys__bluetooth__host.a(gatt.c.obj)
 .text.update_ccc
                0x0000000000010f14      0x100 zephyr/subsys/bluetooth/host/libsubsys__bluetooth__host.a(gatt.c.obj)
 .text.gatt_notify
                0x0000000000011014       0xd0 zephyr/subsys/bluetooth/host/libsubsys__bluetooth__host.a(gatt.c.obj)
 .text.bt_gatt_notify_cb
                0x00000000000110e4       0xe8 zephyr/subsys/bluetooth/host/libsubsys__bluetooth__host.a(gatt.c.obj)
                0x00000000000110e4                bt_gatt_notify_cb
 .text.notify_cb
                0x00000000000111cc      0x120 zephyr/subsys/bluetooth/host/libsubsys__bluetooth__host.a(gatt.c.obj)
 .text.bt_gatt_connected
                0x00000000000112ec       0x20 zephyr/subsys/bluetooth/host/libsubsys__bluetooth__host.a(gatt.c.obj)
                0x00000000000112ec                bt_gatt_connected
 .text.bt_gatt_att_max_mtu_changed
                0x000000000001130c       0x28 zephyr/subsys/bluetooth/host/libsubsys__bluetooth__host.a(gatt.c.obj)
                0x000000000001130c                bt_gatt_att_max_mtu_changed
 .text.bt_gatt_disconnected
                0x0000000000011334       0x48 zephyr/subsys/bluetooth/host/libsubsys__bluetooth__host.a(gatt.c.obj)
                0x0000000000011334                bt_gatt_disconnected
 .text.bt_smp_accept.part.0
                0x000000000001137c       0x30 zephyr/subsys/bluetooth/host/libsubsys__bluetooth__host.a(smp_null.c.obj)
 .text.bt_smp_accept
                0x00000000000113ac       0x1c zephyr/subsys/bluetooth/host/libsubsys__bluetooth__host.a(smp_null.c.obj)
 .text.net_buf_pool_get
                0x00000000000113c8       0x10 zephyr/subsys/net/libsubsys__net.a(buf.c.obj)
                0x00000000000113c8                net_buf_pool_get
 .text.net_buf_id
                0x00000000000113d8       0x20 zephyr/subsys/net/libsubsys__net.a(buf.c.obj)
                0x00000000000113d8                net_buf_id
 .text.fixed_data_alloc
                0x00000000000113f8       0x30 zephyr/subsys/net/libsubsys__net.a(buf.c.obj)
 .text.net_buf_alloc_len
                0x0000000000011428       0xfc zephyr/subsys/net/libsubsys__net.a(buf.c.obj)
                0x0000000000011428                net_buf_alloc_len
 .text.net_buf_unref
                0x0000000000011524       0x64 zephyr/subsys/net/libsubsys__net.a(buf.c.obj)
                0x0000000000011524                net_buf_unref
 .text.adc_gain_invert
                0x0000000000011588       0x2c zephyr/drivers/adc/libdrivers__adc.a(adc_common.c.obj)
                0x0000000000011588                adc_gain_invert
 .text.adc_context_start_sampling
                0x00000000000115b4       0x1c zephyr/drivers/adc/libdrivers__adc.a(adc_nrfx_saadc.c.obj)
 .text.adc_nrfx_channel_setup
                0x00000000000115d0      0x10c zephyr/drivers/adc/libdrivers__adc.a(adc_nrfx_saadc.c.obj)
 .text.adc_nrfx_read
                0x00000000000116dc      0x228 zephyr/drivers/adc/libdrivers__adc.a(adc_nrfx_saadc.c.obj)
 .text.init_saadc
                0x0000000000011904       0x44 zephyr/drivers/adc/libdrivers__adc.a(adc_nrfx_saadc.c.obj)
 .text.saadc_irq_handler
                0x0000000000011948       0xc8 zephyr/drivers/adc/libdrivers__adc.a(adc_nrfx_saadc.c.obj)
 .text.bt_rpmsg_send
                0x0000000000011a10       0x78 zephyr/drivers/bluetooth/libdrivers__bluetooth.a(rpmsg.c.obj)
 .text.bt_rpmsg_init
                0x0000000000011a88       0x40 zephyr/drivers/bluetooth/libdrivers__bluetooth.a(rpmsg.c.obj)
 .text.hci_ept_bound
                0x0000000000011ac8        0xc zephyr/drivers/bluetooth/libdrivers__bluetooth.a(rpmsg.c.obj)
 .text.bt_rpmsg_open
                0x0000000000011ad4       0x8c zephyr/drivers/bluetooth/libdrivers__bluetooth.a(rpmsg.c.obj)
 .text.hci_ept_recv
                0x0000000000011b60      0x218 zephyr/drivers/bluetooth/libdrivers__bluetooth.a(rpmsg.c.obj)
 .text.onoff_stop
                0x0000000000011d78       0x30 zephyr/drivers/clock_control/libdrivers__clock_control.a(clock_control_nrf.c.obj)
 .text.onoff_start
                0x0000000000011da8       0x44 zephyr/drivers/clock_control/libdrivers__clock_control.a(clock_control_nrf.c.obj)
 .text.clk_init
                0x0000000000011dec       0x64 zephyr/drivers/clock_control/libdrivers__clock_control.a(clock_control_nrf.c.obj)
 .text.clkstarted_handle.constprop.0
                0x0000000000011e50       0x34 zephyr/drivers/clock_control/libdrivers__clock_control.a(clock_control_nrf.c.obj)
 .text.clock_event_handler
                0x0000000000011e84       0x30 zephyr/drivers/clock_control/libdrivers__clock_control.a(clock_control_nrf.c.obj)
 .text.generic_hfclk_start
                0x0000000000011eb4       0x64 zephyr/drivers/clock_control/libdrivers__clock_control.a(clock_control_nrf.c.obj)
 .text.api_blocking_start
                0x0000000000011f18       0x3c zephyr/drivers/clock_control/libdrivers__clock_control.a(clock_control_nrf.c.obj)
 .text.generic_hfclk_stop
                0x0000000000011f54       0x34 zephyr/drivers/clock_control/libdrivers__clock_control.a(clock_control_nrf.c.obj)
 .text.z_nrf_clock_control_lf_on
                0x0000000000011f88       0xf8 zephyr/drivers/clock_control/libdrivers__clock_control.a(clock_control_nrf.c.obj)
                0x0000000000011f88                z_nrf_clock_control_lf_on
 .text.uart_console_init
                0x0000000000012080       0x28 zephyr/drivers/console/libdrivers__console.a(uart_console.c.obj)
 .text.console_out
                0x00000000000120a8       0x28 zephyr/drivers/console/libdrivers__console.a(uart_console.c.obj)
 .text.gpio_nrfx_pin_interrupt_configure
                0x00000000000120d0       0xe4 zephyr/drivers/gpio/libdrivers__gpio.a(gpio_nrfx.c.obj)
 .text.gpio_nrfx_init
                0x00000000000121b4       0x38 zephyr/drivers/gpio/libdrivers__gpio.a(gpio_nrfx.c.obj)
 .text.nrfx_gpio_handler
                0x00000000000121ec       0x4c zephyr/drivers/gpio/libdrivers__gpio.a(gpio_nrfx.c.obj)
 .text.gpio_nrfx_pin_configure
                0x0000000000012238      0x124 zephyr/drivers/gpio/libdrivers__gpio.a(gpio_nrfx.c.obj)
 .text.mbox_nrf_init
                0x000000000001235c       0xb4 zephyr/drivers/mbox/libdrivers__mbox.a(mbox_nrfx_ipc.c.obj)
 .text.mbox_nrf_set_enabled
                0x0000000000012410       0xa0 zephyr/drivers/mbox/libdrivers__mbox.a(mbox_nrfx_ipc.c.obj)
 .text.mbox_nrf_send
                0x00000000000124b0       0x54 zephyr/drivers/mbox/libdrivers__mbox.a(mbox_nrfx_ipc.c.obj)
 .text.mbox_dispatcher
                0x0000000000012504       0x7c zephyr/drivers/mbox/libdrivers__mbox.a(mbox_nrfx_ipc.c.obj)
 .text.nrf_gpio_pin_port_decode
                0x0000000000012580       0x24 zephyr/drivers/pinctrl/libdrivers__pinctrl.a(pinctrl_nrf.c.obj)
 .text.pinctrl_configure_pins
                0x00000000000125a4      0x18c zephyr/drivers/pinctrl/libdrivers__pinctrl.a(pinctrl_nrf.c.obj)
                0x00000000000125a4                pinctrl_configure_pins
 .text.uarte_nrfx_configure
                0x0000000000012730      0x17c zephyr/drivers/serial/libdrivers__serial.a(uart_nrfx_uarte.c.obj)
 .text.uarte_0_init
                0x00000000000128ac      0x104 zephyr/drivers/serial/libdrivers__serial.a(uart_nrfx_uarte.c.obj)
 .text.uarte_nrfx_poll_out
                0x00000000000129b0       0xcc zephyr/drivers/serial/libdrivers__serial.a(uart_nrfx_uarte.c.obj)
 .text.compare_int_lock
                0x0000000000012a7c       0x40 zephyr/drivers/timer/libdrivers__timer.a(nrf_rtc_timer.c.obj)
 .text.sys_clock_timeout_handler
                0x0000000000012abc       0x48 zephyr/drivers/timer/libdrivers__timer.a(nrf_rtc_timer.c.obj)
 .text.compare_int_unlock
                0x0000000000012b04       0x4c zephyr/drivers/timer/libdrivers__timer.a(nrf_rtc_timer.c.obj)
 .text.z_nrf_rtc_timer_compare_evt_address_get
                0x0000000000012b50       0x10 zephyr/drivers/timer/libdrivers__timer.a(nrf_rtc_timer.c.obj)
                0x0000000000012b50                z_nrf_rtc_timer_compare_evt_address_get
 .text.z_nrf_rtc_timer_compare_read
                0x0000000000012b60       0x10 zephyr/drivers/timer/libdrivers__timer.a(nrf_rtc_timer.c.obj)
                0x0000000000012b60                z_nrf_rtc_timer_compare_read
 .text.z_nrf_rtc_timer_read
                0x0000000000012b70       0x44 zephyr/drivers/timer/libdrivers__timer.a(nrf_rtc_timer.c.obj)
                0x0000000000012b70                z_nrf_rtc_timer_read
 .text.compare_set
                0x0000000000012bb4      0x124 zephyr/drivers/timer/libdrivers__timer.a(nrf_rtc_timer.c.obj)
 .text.sys_clock_driver_init
                0x0000000000012cd8       0xa4 zephyr/drivers/timer/libdrivers__timer.a(nrf_rtc_timer.c.obj)
 .text.rtc_nrf_isr
                0x0000000000012d7c      0x100 zephyr/drivers/timer/libdrivers__timer.a(nrf_rtc_timer.c.obj)
                0x0000000000012d7c                rtc_nrf_isr
 .text.z_nrf_rtc_timer_chan_alloc
                0x0000000000012e7c       0x3c zephyr/drivers/timer/libdrivers__timer.a(nrf_rtc_timer.c.obj)
                0x0000000000012e7c                z_nrf_rtc_timer_chan_alloc
 .text.z_nrf_rtc_timer_chan_free
                0x0000000000012eb8       0x1c zephyr/drivers/timer/libdrivers__timer.a(nrf_rtc_timer.c.obj)
                0x0000000000012eb8                z_nrf_rtc_timer_chan_free
 .text.sys_clock_set_timeout
                0x0000000000012ed4       0x64 zephyr/drivers/timer/libdrivers__timer.a(nrf_rtc_timer.c.obj)
                0x0000000000012ed4                sys_clock_set_timeout
 .text.sys_clock_elapsed
                0x0000000000012f38       0x14 zephyr/drivers/timer/libdrivers__timer.a(nrf_rtc_timer.c.obj)
                0x0000000000012f38                sys_clock_elapsed
 .text.dk_set_leds_state.part.0
                0x0000000000012f4c       0x68 modules/nrf/lib/dk_buttons_and_leds/lib..__nrf__lib__dk_buttons_and_leds.a(dk_buttons_and_leds.c.obj)
 .text.dk_leds_init
                0x0000000000012fb4       0x54 modules/nrf/lib/dk_buttons_and_leds/lib..__nrf__lib__dk_buttons_and_leds.a(dk_buttons_and_leds.c.obj)
                0x0000000000012fb4                dk_leds_init
 .text.dk_set_led
                0x0000000000013008       0x64 modules/nrf/lib/dk_buttons_and_leds/lib..__nrf__lib__dk_buttons_and_leds.a(dk_buttons_and_leds.c.obj)
                0x0000000000013008                dk_set_led
 .text.k_sys_fatal_error_handler
                0x000000000001306c       0x2c modules/nrf/lib/fatal_error/lib..__nrf__lib__fatal_error.a(fatal_error.c.obj)
                0x000000000001306c                k_sys_fatal_error_handler
 .text.tfm_ns_interface_dispatch
                0x0000000000013098       0x64 modules/trusted-firmware-m/libtfm_api.a(interface.c.obj)
                0x0000000000013098                tfm_ns_interface_dispatch
 .text.tfm_platform_ioctl
                0x00000000000130fc       0x4c modules/trusted-firmware-m/libtfm_api.a(tfm_platform_api.c.obj)
                0x00000000000130fc                tfm_platform_ioctl
 .text.psa_generate_random
                0x0000000000013148       0x40 modules/trusted-firmware-m/libtfm_api.a(tfm_crypto_api.c.obj)
                0x0000000000013148                psa_generate_random
 .text.psa_call
                0x0000000000013188       0x38 modules/trusted-firmware-m/libtfm_api.a(tfm_psa_ns_api.c.obj)
                0x0000000000013188                psa_call
 .text.nrfx_flag32_alloc
                0x00000000000131c0       0x40 modules/hal_nordic/nrfx/libmodules__hal_nordic__nrfx.a(nrfx_flag32_allocator.c.obj)
                0x00000000000131c0                nrfx_flag32_alloc
 .text.nrfx_flag32_free
                0x0000000000013200       0x38 modules/hal_nordic/nrfx/libmodules__hal_nordic__nrfx.a(nrfx_flag32_allocator.c.obj)
                0x0000000000013200                nrfx_flag32_free
 .text.nrfx_gppi_channels_enable
                0x0000000000013238        0xc modules/hal_nordic/nrfx/libmodules__hal_nordic__nrfx.a(nrfx_gppi_dppi.c.obj)
                0x0000000000013238                nrfx_gppi_channels_enable
 .text.nrfx_gppi_channels_disable
                0x0000000000013244        0xc modules/hal_nordic/nrfx/libmodules__hal_nordic__nrfx.a(nrfx_gppi_dppi.c.obj)
                0x0000000000013244                nrfx_gppi_channels_disable
 .text.clock_stop
                0x0000000000013250      0x158 modules/hal_nordic/nrfx/libmodules__hal_nordic__nrfx.a(nrfx_clock.c.obj)
 .text.nrfx_clock_init
                0x00000000000133a8       0x20 modules/hal_nordic/nrfx/libmodules__hal_nordic__nrfx.a(nrfx_clock.c.obj)
                0x00000000000133a8                nrfx_clock_init
 .text.nrfx_clock_enable
                0x00000000000133c8       0x28 modules/hal_nordic/nrfx/libmodules__hal_nordic__nrfx.a(nrfx_clock.c.obj)
                0x00000000000133c8                nrfx_clock_enable
 .text.nrfx_clock_start
                0x00000000000133f0       0xb8 modules/hal_nordic/nrfx/libmodules__hal_nordic__nrfx.a(nrfx_clock.c.obj)
                0x00000000000133f0                nrfx_clock_start
 .text.nrfx_power_clock_irq_handler
                0x00000000000134a8       0xac modules/hal_nordic/nrfx/libmodules__hal_nordic__nrfx.a(nrfx_clock.c.obj)
                0x00000000000134a8                nrfx_power_clock_irq_handler
 .text.nrfx_dppi_channel_alloc
                0x0000000000013554        0xc modules/hal_nordic/nrfx/libmodules__hal_nordic__nrfx.a(nrfx_dppi.c.obj)
                0x0000000000013554                nrfx_dppi_channel_alloc
 .text.nrfx_dppi_channel_free
                0x0000000000013560       0x1c modules/hal_nordic/nrfx/libmodules__hal_nordic__nrfx.a(nrfx_dppi.c.obj)
                0x0000000000013560                nrfx_dppi_channel_free
 .text.nrf_gpio_pin_port_decode
                0x000000000001357c       0x24 modules/hal_nordic/nrfx/libmodules__hal_nordic__nrfx.a(nrfx_gpiote.c.obj)
 .text.get_pin_idx
                0x00000000000135a0       0x14 modules/hal_nordic/nrfx/libmodules__hal_nordic__nrfx.a(nrfx_gpiote.c.obj)
 .text.pin_in_use_by_te
                0x00000000000135b4       0x18 modules/hal_nordic/nrfx/libmodules__hal_nordic__nrfx.a(nrfx_gpiote.c.obj)
 .text.pin_is_output
                0x00000000000135cc       0x18 modules/hal_nordic/nrfx/libmodules__hal_nordic__nrfx.a(nrfx_gpiote.c.obj)
 .text.pin_te_get
                0x00000000000135e4       0x18 modules/hal_nordic/nrfx/libmodules__hal_nordic__nrfx.a(nrfx_gpiote.c.obj)
 .text.call_handler
                0x00000000000135fc       0x40 modules/hal_nordic/nrfx/libmodules__hal_nordic__nrfx.a(nrfx_gpiote.c.obj)
 .text.release_handler
                0x000000000001363c       0x58 modules/hal_nordic/nrfx/libmodules__hal_nordic__nrfx.a(nrfx_gpiote.c.obj)
 .text.__nrfy_internal_gpiote_events_process.constprop.0
                0x0000000000013694       0x5c modules/hal_nordic/nrfx/libmodules__hal_nordic__nrfx.a(nrfx_gpiote.c.obj)
 .text.nrfx_gpiote_input_configure
                0x00000000000136f0      0x170 modules/hal_nordic/nrfx/libmodules__hal_nordic__nrfx.a(nrfx_gpiote.c.obj)
                0x00000000000136f0                nrfx_gpiote_input_configure
 .text.nrfx_gpiote_output_configure
                0x0000000000013860       0xfc modules/hal_nordic/nrfx/libmodules__hal_nordic__nrfx.a(nrfx_gpiote.c.obj)
                0x0000000000013860                nrfx_gpiote_output_configure
 .text.nrfx_gpiote_global_callback_set
                0x000000000001395c        0xc modules/hal_nordic/nrfx/libmodules__hal_nordic__nrfx.a(nrfx_gpiote.c.obj)
                0x000000000001395c                nrfx_gpiote_global_callback_set
 .text.nrfx_gpiote_channel_get
                0x0000000000013968       0x30 modules/hal_nordic/nrfx/libmodules__hal_nordic__nrfx.a(nrfx_gpiote.c.obj)
                0x0000000000013968                nrfx_gpiote_channel_get
 .text.nrfx_gpiote_init
                0x0000000000013998       0x50 modules/hal_nordic/nrfx/libmodules__hal_nordic__nrfx.a(nrfx_gpiote.c.obj)
                0x0000000000013998                nrfx_gpiote_init
 .text.nrfx_gpiote_is_init
                0x00000000000139e8       0x14 modules/hal_nordic/nrfx/libmodules__hal_nordic__nrfx.a(nrfx_gpiote.c.obj)
                0x00000000000139e8                nrfx_gpiote_is_init
 .text.nrfx_gpiote_channel_free
                0x00000000000139fc        0xc modules/hal_nordic/nrfx/libmodules__hal_nordic__nrfx.a(nrfx_gpiote.c.obj)
                0x00000000000139fc                nrfx_gpiote_channel_free
 .text.nrfx_gpiote_channel_alloc
                0x0000000000013a08        0xc modules/hal_nordic/nrfx/libmodules__hal_nordic__nrfx.a(nrfx_gpiote.c.obj)
                0x0000000000013a08                nrfx_gpiote_channel_alloc
 .text.nrfx_gpiote_trigger_enable
                0x0000000000013a14       0x98 modules/hal_nordic/nrfx/libmodules__hal_nordic__nrfx.a(nrfx_gpiote.c.obj)
                0x0000000000013a14                nrfx_gpiote_trigger_enable
 .text.nrfx_gpiote_trigger_disable
                0x0000000000013aac       0x4c modules/hal_nordic/nrfx/libmodules__hal_nordic__nrfx.a(nrfx_gpiote.c.obj)
                0x0000000000013aac                nrfx_gpiote_trigger_disable
 .text.nrfx_gpiote_pin_uninit
                0x0000000000013af8       0x84 modules/hal_nordic/nrfx/libmodules__hal_nordic__nrfx.a(nrfx_gpiote.c.obj)
                0x0000000000013af8                nrfx_gpiote_pin_uninit
 .text.nrfx_gpiote_irq_handler
                0x0000000000013b7c      0x19c modules/hal_nordic/nrfx/libmodules__hal_nordic__nrfx.a(nrfx_gpiote.c.obj)
                0x0000000000013b7c                nrfx_gpiote_irq_handler
 .text.nrfx_ipc_init
                0x0000000000013d18       0x30 modules/hal_nordic/nrfx/libmodules__hal_nordic__nrfx.a(nrfx_ipc.c.obj)
                0x0000000000013d18                nrfx_ipc_init
 .text.nrfx_ipc_config_load
                0x0000000000013d48       0x40 modules/hal_nordic/nrfx/libmodules__hal_nordic__nrfx.a(nrfx_ipc.c.obj)
                0x0000000000013d48                nrfx_ipc_config_load
 .text.nrfx_ipc_receive_event_enable
                0x0000000000013d88       0x10 modules/hal_nordic/nrfx/libmodules__hal_nordic__nrfx.a(nrfx_ipc.c.obj)
                0x0000000000013d88                nrfx_ipc_receive_event_enable
 .text.nrfx_ipc_receive_event_disable
                0x0000000000013d98       0x10 modules/hal_nordic/nrfx/libmodules__hal_nordic__nrfx.a(nrfx_ipc.c.obj)
                0x0000000000013d98                nrfx_ipc_receive_event_disable
 .text.nrfx_ipc_irq_handler
                0x0000000000013da8       0x40 modules/hal_nordic/nrfx/libmodules__hal_nordic__nrfx.a(nrfx_ipc.c.obj)
                0x0000000000013da8                nrfx_ipc_irq_handler
 .text.metal_generic_dev_open
                0x0000000000013de8       0x40 modules/libmetal/libmetal/lib/libmetal.a(device.c.obj)
                0x0000000000013de8                metal_generic_dev_open
 .text.metal_bus_unregister
                0x0000000000013e28       0x3c modules/libmetal/libmetal/lib/libmetal.a(device.c.obj)
                0x0000000000013e28                metal_bus_unregister
 .text.metal_bus_find
                0x0000000000013e64       0x3c modules/libmetal/libmetal/lib/libmetal.a(device.c.obj)
                0x0000000000013e64                metal_bus_find
 .text.metal_bus_register
                0x0000000000013ea0       0x5c modules/libmetal/libmetal/lib/libmetal.a(device.c.obj)
                0x0000000000013ea0                metal_bus_register
 .text.metal_register_generic_device
                0x0000000000013efc       0x3c modules/libmetal/libmetal/lib/libmetal.a(device.c.obj)
                0x0000000000013efc                metal_register_generic_device
 .text.metal_init
                0x0000000000013f38       0x40 modules/libmetal/libmetal/lib/libmetal.a(init.c.obj)
                0x0000000000013f38                metal_init
 .text.metal_finish
                0x0000000000013f78       0x18 modules/libmetal/libmetal/lib/libmetal.a(init.c.obj)
                0x0000000000013f78                metal_finish
 .text.metal_sys_init
                0x0000000000013f90       0x10 modules/libmetal/libmetal/lib/libmetal.a(init.c.obj)
                0x0000000000013f90                metal_sys_init
 .text.metal_sys_finish
                0x0000000000013fa0        0xc modules/libmetal/libmetal/lib/libmetal.a(init.c.obj)
                0x0000000000013fa0                metal_sys_finish
 .text.metal_zephyr_log_handler
                0x0000000000013fac       0x3c modules/libmetal/libmetal/lib/libmetal.a(log.c.obj)
                0x0000000000013fac                metal_zephyr_log_handler
 .text.virtio_create_virtqueues
                0x0000000000013fe8       0xbc modules/open-amp/open-amp/lib/libopen_amp.a(virtio.c.obj)
                0x0000000000013fe8                virtio_create_virtqueues
 .text.virtqueue_free
                0x00000000000140a4       0x38 modules/open-amp/open-amp/lib/libopen_amp.a(virtqueue.c.obj)
                0x00000000000140a4                virtqueue_free
 .text.virtqueue_add_consumed_buffer
                0x00000000000140dc       0x38 modules/open-amp/open-amp/lib/libopen_amp.a(virtqueue.c.obj)
                0x00000000000140dc                virtqueue_add_consumed_buffer
 .text.rpmsg_send_offchannel_raw
                0x0000000000014114       0x2c modules/open-amp/open-amp/lib/libopen_amp.a(rpmsg.c.obj)
                0x0000000000014114                rpmsg_send_offchannel_raw
 .text.rpmsg_send_offchannel_nocopy
                0x0000000000014140       0x2c modules/open-amp/open-amp/lib/libopen_amp.a(rpmsg.c.obj)
                0x0000000000014140                rpmsg_send_offchannel_nocopy
 .text.rpmsg_register_endpoint
                0x000000000001416c       0x40 modules/open-amp/open-amp/lib/libopen_amp.a(rpmsg.c.obj)
                0x000000000001416c                rpmsg_register_endpoint
 .text.rpmsg_create_ept
                0x00000000000141ac      0x100 modules/open-amp/open-amp/lib/libopen_amp.a(rpmsg.c.obj)
                0x00000000000141ac                rpmsg_create_ept
 .text.rpmsg_virtio_send_offchannel_raw
                0x00000000000142ac       0x5c modules/open-amp/open-amp/lib/libopen_amp.a(rpmsg_virtio.c.obj)
 .text.rpmsg_virtio_get_buffer_size
                0x0000000000014308       0x4c modules/open-amp/open-amp/lib/libopen_amp.a(rpmsg_virtio.c.obj)
                0x0000000000014308                rpmsg_virtio_get_buffer_size
 .text.rpmsg_init_vdev_with_config
                0x0000000000014354      0x254 modules/open-amp/open-amp/lib/libopen_amp.a(rpmsg_virtio.c.obj)
                0x0000000000014354                rpmsg_init_vdev_with_config
 .text.rpmsg_init_vdev
                0x00000000000145a8       0x2c modules/open-amp/open-amp/lib/libopen_amp.a(rpmsg_virtio.c.obj)
                0x00000000000145a8                rpmsg_init_vdev
 .text.z_fatal_error
                0x00000000000145d4      0x104 zephyr/kernel/libkernel.a(fatal.c.obj)
                0x00000000000145d4                z_fatal_error
 .text.z_sys_init_run_level
                0x00000000000146d8       0x48 zephyr/kernel/libkernel.a(init.c.obj)
 .text.bg_thread_main
                0x0000000000014720       0x34 zephyr/kernel/libkernel.a(init.c.obj)
 .text.z_bss_zero
                0x0000000000014754       0x18 zephyr/kernel/libkernel.a(init.c.obj)
                0x0000000000014754                z_bss_zero
 .text.z_init_cpu
                0x000000000001476c       0x7c zephyr/kernel/libkernel.a(init.c.obj)
                0x000000000001476c                z_init_cpu
 .text.z_cstart
                0x00000000000147e8       0xe4 zephyr/kernel/libkernel.a(init.c.obj)
                0x00000000000147e8                z_cstart
 .text.statics_init
                0x00000000000148cc       0x24 zephyr/kernel/libkernel.a(kheap.c.obj)
 .text.init_mem_slab_module
                0x00000000000148f0       0x24 zephyr/kernel/libkernel.a(mem_slab.c.obj)
 .text.k_mem_slab_alloc
                0x0000000000014914       0x5c zephyr/kernel/libkernel.a(mem_slab.c.obj)
                0x0000000000014914                k_mem_slab_alloc
 .text.z_setup_new_thread
                0x0000000000014970       0x7c zephyr/kernel/libkernel.a(thread.c.obj)
                0x0000000000014970                z_setup_new_thread
 .text.z_impl_k_thread_create
                0x00000000000149ec       0x58 zephyr/kernel/libkernel.a(thread.c.obj)
                0x00000000000149ec                z_impl_k_thread_create
 .text.z_init_static_threads
                0x0000000000014a44       0xb8 zephyr/kernel/libkernel.a(thread.c.obj)
                0x0000000000014a44                z_init_static_threads
 .text.z_impl_k_mutex_lock
                0x0000000000014afc       0xf4 zephyr/kernel/libkernel.a(mutex.c.obj)
                0x0000000000014afc                z_impl_k_mutex_lock
 .text.z_impl_k_mutex_unlock
                0x0000000000014bf0       0x78 zephyr/kernel/libkernel.a(mutex.c.obj)
                0x0000000000014bf0                z_impl_k_mutex_unlock
 .text.z_impl_k_queue_get
                0x0000000000014c68       0x68 zephyr/kernel/libkernel.a(queue.c.obj)
                0x0000000000014c68                z_impl_k_queue_get
 .text.z_impl_k_sem_give
                0x0000000000014cd0       0x4c zephyr/kernel/libkernel.a(sem.c.obj)
                0x0000000000014cd0                z_impl_k_sem_give
 .text.z_impl_k_sem_take
                0x0000000000014d1c       0x50 zephyr/kernel/libkernel.a(sem.c.obj)
                0x0000000000014d1c                z_impl_k_sem_take
 .text.k_sys_work_q_init
                0x0000000000014d6c       0x34 zephyr/kernel/libkernel.a(system_work_q.c.obj)
 .text.work_queue_main
                0x0000000000014da0      0x138 zephyr/kernel/libkernel.a(work.c.obj)
 .text.cancel_sync_locked
                0x0000000000014ed8       0x3c zephyr/kernel/libkernel.a(work.c.obj)
 .text.submit_to_queue_locked
                0x0000000000014f14       0xb4 zephyr/kernel/libkernel.a(work.c.obj)
 .text.k_work_submit
                0x0000000000014fc8        0xc zephyr/kernel/libkernel.a(work.c.obj)
                0x0000000000014fc8                k_work_submit
 .text.k_work_queue_start
                0x0000000000014fd4       0x70 zephyr/kernel/libkernel.a(work.c.obj)
                0x0000000000014fd4                k_work_queue_start
 .text.k_work_queue_drain
                0x0000000000015044       0x7c zephyr/kernel/libkernel.a(work.c.obj)
                0x0000000000015044                k_work_queue_drain
 .text.k_work_schedule_for_queue
                0x00000000000150c0       0x54 zephyr/kernel/libkernel.a(work.c.obj)
                0x00000000000150c0                k_work_schedule_for_queue
 .text.k_work_schedule
                0x0000000000015114        0xc zephyr/kernel/libkernel.a(work.c.obj)
                0x0000000000015114                k_work_schedule
 .text.k_work_reschedule_for_queue
                0x0000000000015120       0x5c zephyr/kernel/libkernel.a(work.c.obj)
                0x0000000000015120                k_work_reschedule_for_queue
 .text.k_work_reschedule
                0x000000000001517c        0xc zephyr/kernel/libkernel.a(work.c.obj)
                0x000000000001517c                k_work_reschedule
 .text.sliceable
                0x0000000000015188       0x3c zephyr/kernel/libkernel.a(sched.c.obj)
 .text.slice_timeout
                0x00000000000151c4       0x20 zephyr/kernel/libkernel.a(sched.c.obj)
 .text.z_reset_time_slice
                0x00000000000151e4       0x50 zephyr/kernel/libkernel.a(sched.c.obj)
                0x00000000000151e4                z_reset_time_slice
 .text.update_cache
                0x0000000000015234       0x3c zephyr/kernel/libkernel.a(sched.c.obj)
 .text.move_thread_to_end_of_prio_q
                0x0000000000015270       0x74 zephyr/kernel/libkernel.a(sched.c.obj)
 .text.ready_thread
                0x00000000000152e4       0x68 zephyr/kernel/libkernel.a(sched.c.obj)
 .text.unready_thread
                0x000000000001534c       0x30 zephyr/kernel/libkernel.a(sched.c.obj)
 .text.pend_locked
                0x000000000001537c       0x30 zephyr/kernel/libkernel.a(sched.c.obj)
 .text.z_time_slice
                0x00000000000153ac       0x60 zephyr/kernel/libkernel.a(sched.c.obj)
                0x00000000000153ac                z_time_slice
 .text.z_pend_curr
                0x000000000001540c       0x3c zephyr/kernel/libkernel.a(sched.c.obj)
                0x000000000001540c                z_pend_curr
 .text.z_set_prio
                0x0000000000015448       0x8c zephyr/kernel/libkernel.a(sched.c.obj)
                0x0000000000015448                z_set_prio
 .text.z_reschedule
                0x00000000000154d4       0x24 zephyr/kernel/libkernel.a(sched.c.obj)
                0x00000000000154d4                z_reschedule
 .text.z_sched_start
                0x00000000000154f8       0x3c zephyr/kernel/libkernel.a(sched.c.obj)
                0x00000000000154f8                z_sched_start
 .text.z_impl_k_thread_suspend
                0x0000000000015534       0x64 zephyr/kernel/libkernel.a(sched.c.obj)
                0x0000000000015534                z_impl_k_thread_suspend
 .text.k_sched_lock
                0x0000000000015598       0x28 zephyr/kernel/libkernel.a(sched.c.obj)
                0x0000000000015598                k_sched_lock
 .text.k_sched_unlock
                0x00000000000155c0       0x38 zephyr/kernel/libkernel.a(sched.c.obj)
                0x00000000000155c0                k_sched_unlock
 .text.z_sched_init
                0x00000000000155f8       0x10 zephyr/kernel/libkernel.a(sched.c.obj)
                0x00000000000155f8                z_sched_init
 .text.z_impl_k_yield
                0x0000000000015608       0x7c zephyr/kernel/libkernel.a(sched.c.obj)
                0x0000000000015608                z_impl_k_yield
 .text.z_tick_sleep
                0x0000000000015684       0x88 zephyr/kernel/libkernel.a(sched.c.obj)
 .text.z_impl_k_sleep
                0x000000000001570c       0x34 zephyr/kernel/libkernel.a(sched.c.obj)
                0x000000000001570c                z_impl_k_sleep
 .text.z_impl_z_current_get
                0x0000000000015740        0xc zephyr/kernel/libkernel.a(sched.c.obj)
                0x0000000000015740                z_impl_z_current_get
 .text.z_thread_abort
                0x000000000001574c       0xc0 zephyr/kernel/libkernel.a(sched.c.obj)
                0x000000000001574c                z_thread_abort
 .text.z_sched_wait
                0x000000000001580c       0x24 zephyr/kernel/libkernel.a(sched.c.obj)
                0x000000000001580c                z_sched_wait
 .text.z_data_copy
                0x0000000000015830       0x34 zephyr/kernel/libkernel.a(xip.c.obj)
                0x0000000000015830                z_data_copy
 .text.elapsed  0x0000000000015864       0x14 zephyr/kernel/libkernel.a(timeout.c.obj)
 .text.next_timeout
                0x0000000000015878       0x40 zephyr/kernel/libkernel.a(timeout.c.obj)
 .text.remove_timeout
                0x00000000000158b8       0x38 zephyr/kernel/libkernel.a(timeout.c.obj)
 .text.z_add_timeout
                0x00000000000158f0       0xec zephyr/kernel/libkernel.a(timeout.c.obj)
                0x00000000000158f0                z_add_timeout
 .text.sys_clock_announce
                0x00000000000159dc       0xd4 zephyr/kernel/libkernel.a(timeout.c.obj)
                0x00000000000159dc                sys_clock_announce
 .text.sys_clock_tick_get
                0x0000000000015ab0       0x34 zephyr/kernel/libkernel.a(timeout.c.obj)
                0x0000000000015ab0                sys_clock_tick_get
 .text.z_timer_expiration_handler
                0x0000000000015ae4       0xe4 zephyr/kernel/libkernel.a(timer.c.obj)
                0x0000000000015ae4                z_timer_expiration_handler
 .text.z_impl_k_timer_start
                0x0000000000015bc8       0x60 zephyr/kernel/libkernel.a(timer.c.obj)
                0x0000000000015bc8                z_impl_k_timer_start
 .text.z_impl_k_poll
                0x0000000000015c28       0xb8 zephyr/kernel/libkernel.a(poll.c.obj)
                0x0000000000015c28                z_impl_k_poll
 .text.z_impl_k_poll_signal_raise
                0x0000000000015ce0       0x50 zephyr/kernel/libkernel.a(poll.c.obj)
                0x0000000000015ce0                z_impl_k_poll_signal_raise
 .text.k_aligned_alloc
                0x0000000000015d30       0x10 zephyr/kernel/libkernel.a(mempool.c.obj)
                0x0000000000015d30                k_aligned_alloc
 .text.k_thread_system_pool_assign
                0x0000000000015d40        0xc zephyr/kernel/libkernel.a(mempool.c.obj)
                0x0000000000015d40                k_thread_system_pool_assign
 .text.z_thread_aligned_alloc
                0x0000000000015d4c       0x30 zephyr/kernel/libkernel.a(mempool.c.obj)
                0x0000000000015d4c                z_thread_aligned_alloc
 .text.boot_banner
                0x0000000000015d7c        0xc zephyr/kernel/libkernel.a(banner.c.obj)
                0x0000000000015d7c                boot_banner
 .text.snprintf
                0x0000000000015d88       0x58 c:\ncs\toolchains\c57af46cb7\opt\zephyr-sdk\arm-zephyr-eabi\bin\../lib/gcc/../../picolibc/arm-zephyr-eabi/lib/thumb/v8-m.main/nofp\libc.a(libc_tinystdio_snprintf.c.o)
                0x0000000000015d88                snprintf
 .text.__i_vfprintf
                0x0000000000015de0      0x48c c:\ncs\toolchains\c57af46cb7\opt\zephyr-sdk\arm-zephyr-eabi\bin\../lib/gcc/../../picolibc/arm-zephyr-eabi/lib/thumb/v8-m.main/nofp\libc.a(libc_tinystdio_vfiprintf.c.o)
                0x0000000000015de0                __i_vfprintf
 .text.app_button_cb
                0x000000000001626c        0x4 app/libapp.a(main.c.obj)
 .text.app_led_cb
                0x0000000000016270        0x8 app/libapp.a(main.c.obj)
 .text.cbpprintf_external
                0x0000000000016278       0x62 zephyr/libzephyr.a(cbprintf_packaged.c.obj)
                0x0000000000016278                cbpprintf_external
 .text.is_ptr   0x00000000000162da       0x4a zephyr/libzephyr.a(cbprintf_packaged.c.obj)
                0x00000000000162da                is_ptr
 .text.arch_printk_char_out
                0x0000000000016324        0x4 zephyr/libzephyr.a(printk.c.obj)
                0x0000000000016324                arch_printk_char_out
 .text.vprintk  0x0000000000016328        0x4 zephyr/libzephyr.a(printk.c.obj)
                0x0000000000016328                vprintk
 .text.printk   0x000000000001632c       0x1a zephyr/libzephyr.a(printk.c.obj)
                0x000000000001632c                printk
 .text.chunk_field
                0x0000000000016346       0x16 zephyr/libzephyr.a(heap.c.obj)
 .text.chunk_set
                0x000000000001635c       0x16 zephyr/libzephyr.a(heap.c.obj)
 .text.chunk_size
                0x0000000000016372        0xc zephyr/libzephyr.a(heap.c.obj)
 .text.set_chunk_used
                0x000000000001637e       0x30 zephyr/libzephyr.a(heap.c.obj)
 .text.set_chunk_size
                0x00000000000163ae        0x8 zephyr/libzephyr.a(heap.c.obj)
 .text.mem_to_chunkid
                0x00000000000163b6       0x14 zephyr/libzephyr.a(heap.c.obj)
 .text.bucket_idx.isra.0
                0x00000000000163ca       0x1c zephyr/libzephyr.a(heap.c.obj)
 .text.free_list_remove_bidx
                0x00000000000163e6       0x5c zephyr/libzephyr.a(heap.c.obj)
 .text.free_list_remove
                0x0000000000016442       0x2e zephyr/libzephyr.a(heap.c.obj)
 .text.alloc_chunk
                0x0000000000016470       0x74 zephyr/libzephyr.a(heap.c.obj)
 .text.split_chunks
                0x00000000000164e4       0x4e zephyr/libzephyr.a(heap.c.obj)
 .text.merge_chunks
                0x0000000000016532       0x3c zephyr/libzephyr.a(heap.c.obj)
 .text.free_list_add
                0x000000000001656e       0x84 zephyr/libzephyr.a(heap.c.obj)
 .text.free_chunk
                0x00000000000165f2       0x84 zephyr/libzephyr.a(heap.c.obj)
 .text.sys_heap_free
                0x0000000000016676       0x24 zephyr/libzephyr.a(heap.c.obj)
                0x0000000000016676                sys_heap_free
 .text.sys_heap_alloc
                0x000000000001669a       0x6e zephyr/libzephyr.a(heap.c.obj)
                0x000000000001669a                sys_heap_alloc
 .text.sys_heap_aligned_alloc
                0x0000000000016708       0xe8 zephyr/libzephyr.a(heap.c.obj)
                0x0000000000016708                sys_heap_aligned_alloc
 .text.sys_heap_init
                0x00000000000167f0       0xb0 zephyr/libzephyr.a(heap.c.obj)
                0x00000000000167f0                sys_heap_init
 .text.process_recheck
                0x00000000000168a0       0x38 zephyr/libzephyr.a(onoff.c.obj)
 .text.validate_args
                0x00000000000168d8       0x20 zephyr/libzephyr.a(onoff.c.obj)
 .text.notify_one
                0x00000000000168f8       0x2c zephyr/libzephyr.a(onoff.c.obj)
 .text.transition_complete
                0x0000000000016924       0x1c zephyr/libzephyr.a(onoff.c.obj)
 .text.onoff_manager_init
                0x0000000000016940       0x26 zephyr/libzephyr.a(onoff.c.obj)
                0x0000000000016940                onoff_manager_init
 .text.onoff_request
                0x0000000000016966       0xb0 zephyr/libzephyr.a(onoff.c.obj)
                0x0000000000016966                onoff_request
 .text.sys_notify_validate
                0x0000000000016a16       0x28 zephyr/libzephyr.a(notify.c.obj)
                0x0000000000016a16                sys_notify_validate
 .text.sys_notify_finalize
                0x0000000000016a3e       0x32 zephyr/libzephyr.a(notify.c.obj)
                0x0000000000016a3e                sys_notify_finalize
 .text.assert_print
                0x0000000000016a70       0x1a zephyr/libzephyr.a(assert.c.obj)
                0x0000000000016a70                assert_print
 .text.free_space
                0x0000000000016a8a       0x26 zephyr/libzephyr.a(mpsc_pbuf.c.obj)
 .text.get_usage
                0x0000000000016ab0       0x22 zephyr/libzephyr.a(mpsc_pbuf.c.obj)
 .text.idx_inc  0x0000000000016ad2       0x1c zephyr/libzephyr.a(mpsc_pbuf.c.obj)
 .text.rd_idx_inc
                0x0000000000016aee       0x18 zephyr/libzephyr.a(mpsc_pbuf.c.obj)
 .text.add_skip_item
                0x0000000000016b06       0x3e zephyr/libzephyr.a(mpsc_pbuf.c.obj)
 .text.drop_item_locked
                0x0000000000016b44       0xee zephyr/libzephyr.a(mpsc_pbuf.c.obj)
 .text.post_drop_action
                0x0000000000016c32       0x36 zephyr/libzephyr.a(mpsc_pbuf.c.obj)
 .text.max_utilization_update
                0x0000000000016c68       0x1a zephyr/libzephyr.a(mpsc_pbuf.c.obj)
 .text.mpsc_pbuf_init
                0x0000000000016c82       0x42 zephyr/libzephyr.a(mpsc_pbuf.c.obj)
                0x0000000000016c82                mpsc_pbuf_init
 .text.mpsc_pbuf_alloc
                0x0000000000016cc4       0xfc zephyr/libzephyr.a(mpsc_pbuf.c.obj)
                0x0000000000016cc4                mpsc_pbuf_alloc
 .text.mpsc_pbuf_commit
                0x0000000000016dc0       0x40 zephyr/libzephyr.a(mpsc_pbuf.c.obj)
                0x0000000000016dc0                mpsc_pbuf_commit
 .text.mpsc_pbuf_claim
                0x0000000000016e00       0xa4 zephyr/libzephyr.a(mpsc_pbuf.c.obj)
                0x0000000000016e00                mpsc_pbuf_claim
 .text.mpsc_pbuf_free
                0x0000000000016ea4       0x78 zephyr/libzephyr.a(mpsc_pbuf.c.obj)
                0x0000000000016ea4                mpsc_pbuf_free
 .text.mpsc_pbuf_is_pending