Archive member included to satisfy reference by file (symbol)

app/libapp.a(main.c.obj)      (--whole-archive)
zephyr/libzephyr.a(cbprintf_packaged.c.obj)
                              (--whole-archive)
zephyr/libzephyr.a(dec.c.obj)
                              (--whole-archive)
zephyr/libzephyr.a(fdtable.c.obj)
                              (--whole-archive)
zephyr/libzephyr.a(hex.c.obj)
                              (--whole-archive)
zephyr/libzephyr.a(printk.c.obj)
                              (--whole-archive)
zephyr/libzephyr.a(rb.c.obj)  (--whole-archive)
zephyr/libzephyr.a(sem.c.obj)
                              (--whole-archive)
zephyr/libzephyr.a(thread_entry.c.obj)
                              (--whole-archive)
zephyr/libzephyr.a(timeutil.c.obj)
                              (--whole-archive)
zephyr/libzephyr.a(heap.c.obj)
                              (--whole-archive)
zephyr/libzephyr.a(heap-validate.c.obj)
                              (--whole-archive)
zephyr/libzephyr.a(bitarray.c.obj)
                              (--whole-archive)
zephyr/libzephyr.a(multi_heap.c.obj)
                              (--whole-archive)
zephyr/libzephyr.a(onoff.c.obj)
                              (--whole-archive)
zephyr/libzephyr.a(notify.c.obj)
                              (--whole-archive)
zephyr/libzephyr.a(cbprintf_complete.c.obj)
                              (--whole-archive)
zephyr/libzephyr.a(assert.c.obj)
                              (--whole-archive)
zephyr/libzephyr.a(mpsc_pbuf.c.obj)
                              (--whole-archive)
zephyr/libzephyr.a(reboot.c.obj)
                              (--whole-archive)
zephyr/libzephyr.a(configs.c.obj)
                              (--whole-archive)
zephyr/libzephyr.a(soc.c.obj)
                              (--whole-archive)
zephyr/libzephyr.a(sync_rtc.c.obj)
                              (--whole-archive)
zephyr/libzephyr.a(soc_nrf_common.S.obj)
                              (--whole-archive)
zephyr/libzephyr.a(soc_secure.c.obj)
                              (--whole-archive)
zephyr/libzephyr.a(validate_base_addresses.c.obj)
                              (--whole-archive)
zephyr/libzephyr.a(validate_enabled_instances.c.obj)
                              (--whole-archive)
zephyr/libzephyr.a(ipc_service.c.obj)
                              (--whole-archive)
zephyr/libzephyr.a(ipc_rpmsg_static_vrings.c.obj)
                              (--whole-archive)
zephyr/libzephyr.a(ipc_rpmsg.c.obj)
                              (--whole-archive)
zephyr/libzephyr.a(ipc_static_vrings.c.obj)
                              (--whole-archive)
zephyr/libzephyr.a(log_core.c.obj)
                              (--whole-archive)
zephyr/libzephyr.a(log_mgmt.c.obj)
                              (--whole-archive)
zephyr/libzephyr.a(log_cache.c.obj)
                              (--whole-archive)
zephyr/libzephyr.a(log_msg.c.obj)
                              (--whole-archive)
zephyr/libzephyr.a(log_output.c.obj)
                              (--whole-archive)
zephyr/libzephyr.a(log_backend_rtt.c.obj)
                              (--whole-archive)
zephyr/libzephyr.a(tracing_none.c.obj)
                              (--whole-archive)
zephyr/libzephyr.a(addr_utils.c.obj)
                              (--whole-archive)
zephyr/libzephyr.a(nus.c.obj)
                              (--whole-archive)
zephyr/libzephyr.a(flash_map_partition_manager.c.obj)
                              (--whole-archive)
zephyr/libzephyr.a(utils.c.obj)
                              (--whole-archive)
zephyr/libzephyr.a(aes_decrypt.c.obj)
                              (--whole-archive)
zephyr/libzephyr.a(aes_encrypt.c.obj)
                              (--whole-archive)
zephyr/libzephyr.a(cmac_mode.c.obj)
                              (--whole-archive)
zephyr/libzephyr.a(sha256.c.obj)
                              (--whole-archive)
zephyr/libzephyr.a(hmac.c.obj)
                              (--whole-archive)
zephyr/libzephyr.a(hmac_prng.c.obj)
                              (--whole-archive)
zephyr/arch/common/libarch__common.a(sw_isr_common.c.obj)
                              (--whole-archive)
zephyr/arch/arch/arm/core/aarch32/libarch__arm__core__aarch32.a(cpu_idle.S.obj)
                              (--whole-archive)
zephyr/arch/arch/arm/core/aarch32/libarch__arm__core__aarch32.a(fatal.c.obj)
                              (--whole-archive)
zephyr/arch/arch/arm/core/aarch32/libarch__arm__core__aarch32.a(irq_manage.c.obj)
                              (--whole-archive)
zephyr/arch/arch/arm/core/aarch32/libarch__arm__core__aarch32.a(nmi.c.obj)
                              (--whole-archive)
zephyr/arch/arch/arm/core/aarch32/libarch__arm__core__aarch32.a(nmi_on_reset.S.obj)
                              (--whole-archive)
zephyr/arch/arch/arm/core/aarch32/libarch__arm__core__aarch32.a(prep_c.c.obj)
                              (--whole-archive)
[...]
Memory Configuration

Name             Origin             Length             Attributes
FLASH            0x0000000000008000 0x00000000000f8000 xr
RAM              0x0000000020008000 0x0000000000068000 xw
IDT_LIST         0x00000000fffff7ff 0x0000000000000800 xw
*default*        0x0000000000000000 0xffffffffffffffff

Linker script and memory map

                0x000000000001b3c0                vfprintf = __i_vfprintf
                0x0000000000000000                vfscanf = __i_vfscanf
LOAD zephyr/CMakeFiles/zephyr_final.dir/misc/empty_file.c.obj
LOAD zephyr/CMakeFiles/zephyr_final.dir/isr_tables.c.obj
LOAD app/libapp.a
LOAD zephyr/libzephyr.a
LOAD zephyr/arch/common/libarch__common.a
LOAD zephyr/arch/arch/arm/core/aarch32/libarch__arm__core__aarch32.a
LOAD zephyr/arch/arch/arm/core/aarch32/cortex_m/libarch__arm__core__aarch32__cortex_m.a
LOAD zephyr/arch/arch/arm/core/aarch32/cortex_m/cmse/libarch__arm__core__aarch32__cortex_m__cmse.a
LOAD zephyr/arch/arch/arm/core/aarch32/mpu/libarch__arm__core__aarch32__mpu.a
LOAD zephyr/lib/libc/picolibc/liblib__libc__picolibc.a
LOAD zephyr/lib/libc/common/liblib__libc__common.a
LOAD zephyr/soc/soc/arm/common/cortex_m/libsoc__arm__common__cortex_m.a
LOAD zephyr/boards/arm/nrf5340dk_nrf5340/libboards__arm__nrf5340dk_nrf5340.a
LOAD zephyr/subsys/random/libsubsys__random.a
LOAD zephyr/subsys/bluetooth/common/libsubsys__bluetooth__common.a
LOAD zephyr/subsys/bluetooth/host/libsubsys__bluetooth__host.a
LOAD zephyr/subsys/net/libsubsys__net.a
LOAD zephyr/drivers/bluetooth/libdrivers__bluetooth.a
LOAD zephyr/drivers/clock_control/libdrivers__clock_control.a
LOAD zephyr/drivers/console/libdrivers__console.a
LOAD zephyr/drivers/entropy/libdrivers__entropy.a
LOAD zephyr/drivers/gpio/libdrivers__gpio.a
LOAD zephyr/drivers/mbox/libdrivers__mbox.a
LOAD zephyr/drivers/pinctrl/libdrivers__pinctrl.a
LOAD zephyr/drivers/serial/libdrivers__serial.a
LOAD zephyr/drivers/timer/libdrivers__timer.a
LOAD modules/nrf/lib/dk_buttons_and_leds/lib..__nrf__lib__dk_buttons_and_leds.a
LOAD modules/nrf/lib/fatal_error/lib..__nrf__lib__fatal_error.a
LOAD modules/nrf/subsys/nrf_security/src/zephyr/libmbedtls_zephyr.a
LOAD modules/nrf/modules/tfm/zephyr/libtfm_api_nrf.a
LOAD modules/trusted-firmware-m/libtfm_api.a
LOAD modules/hal_nordic/nrfx/libmodules__hal_nordic__nrfx.a
LOAD modules/libmetal/libmetal/lib/libmetal.a
LOAD modules/open-amp/open-amp/lib/libopen_amp.a
LOAD modules/segger/libmodules__segger.a
LOAD zephyr/kernel/libkernel.a
LOAD zephyr/CMakeFiles/offsets.dir/./arch/arm/core/offsets/offsets.c.obj
LOAD c:/ncs/toolchains/c57af46cb7/opt/zephyr-sdk/arm-zephyr-eabi/bin/../lib/gcc/arm-zephyr-eabi/12.2.0/thumb/v8-m.main/nofp\libgcc.a
LOAD zephyr/arch/common/libisr_tables.a
LOAD tfm/secure_fw/s_veneers.o
LOAD modules/nrf/subsys/nrf_security/src/libmbedcrypto.a
LOAD C:/ncs/v2.5.0/nrfxlib/crypto/nrf_oberon/lib/cortex-m33/soft-float/liboberon_mbedtls_3.0.13.a
LOAD modules/nrf/subsys/nrf_security/src/libmbedcrypto_base.a
LOAD C:/ncs/v2.5.0/nrfxlib/crypto/nrf_oberon/lib/cortex-m33/soft-float/liboberon_3.0.13.a
LOAD c:\ncs\toolchains\c57af46cb7\opt\zephyr-sdk\arm-zephyr-eabi\bin\../lib/gcc/../../picolibc/arm-zephyr-eabi/lib/thumb/v8-m.main/nofp\libc.a
LOAD c:/ncs/toolchains/c57af46cb7/opt/zephyr-sdk/arm-zephyr-eabi/bin/../lib/gcc/arm-zephyr-eabi/12.2.0/thumb/v8-m.main/nofp\libgcc.a
                0x0000000000000020                _region_min_align = 0x20

.rel.plt        0x0000000000008000        0x0
 *(SORT_BY_ALIGNMENT(.rel.plt))
                [!provide]                        PROVIDE (__rel_iplt_start = .)
 *(SORT_BY_ALIGNMENT(.rel.iplt))
 .rel.iplt      0x0000000000008000        0x0 zephyr/CMakeFiles/zephyr_final.dir/isr_tables.c.obj
                [!provide]                        PROVIDE (__rel_iplt_end = .)

.rela.plt       0x0000000000000000        0x0
 *(SORT_BY_ALIGNMENT(.rela.plt))
                [!provide]                        PROVIDE (__rela_iplt_start = .)
 *(SORT_BY_ALIGNMENT(.rela.iplt))
                [!provide]                        PROVIDE (__rela_iplt_end = .)

.rel.dyn
 *(SORT_BY_ALIGNMENT(.rel.*))

.rela.dyn
 *(SORT_BY_ALIGNMENT(.rela.*))

/DISCARD/
 *(SORT_BY_ALIGNMENT(.plt))

/DISCARD/
 *(SORT_BY_ALIGNMENT(.iplt))
                0x0000000000008000                __rom_region_start = 0x8000

rom_start       0x0000000000008000      0x154
                0x0000000000008000                __rom_start_address = .
                0x0000000000008000                . = (. + (0x0 - (. - __rom_start_address)))
                0x0000000000008000                . = ALIGN (0x4)
                0x0000000000008000                . = ALIGN (0x80)
                0x0000000000008000                . = ALIGN (0x200)
                0x0000000000008000                _vector_start = .
 *(SORT_BY_ALIGNMENT(.exc_vector_table))
 *(SORT_BY_ALIGNMENT(.exc_vector_table.*))
 .exc_vector_table._vector_table_section
                0x0000000000008000       0x40 zephyr/arch/arch/arm/core/aarch32/cortex_m/libarch__arm__core__aarch32__cortex_m.a(vector_table.S.obj)
                0x0000000000008000                _vector_table
 *(SORT_BY_ALIGNMENT(.vectors))
                0x0000000000008154                _vector_end = .
                0x0000000000008040                . = ALIGN (0x4)
 *(SORT_BY_ALIGNMENT(.gnu.linkonce.irq_vector_table*))
 .gnu.linkonce.irq_vector_table
                0x0000000000008040      0x114 zephyr/CMakeFiles/zephyr_final.dir/isr_tables.c.obj
                0x0000000000008040                _irq_vector_table
                0x0000000000008154                _vector_end = .

text            0x0000000000008154    0x178e8
                0x0000000000008154                __text_region_start = .
 *(SORT_BY_ALIGNMENT(.text))
 .text          0x0000000000008154       0x30 c:/ncs/toolchains/c57af46cb7/opt/zephyr-sdk/arm-zephyr-eabi/bin/../lib/gcc/arm-zephyr-eabi/12.2.0/thumb/v8-m.main/nofp\libgcc.a(_aeabi_uldivmod.o)
                0x0000000000008154                __aeabi_uldivmod
 .text          0x0000000000008184        0x4 c:/ncs/toolchains/c57af46cb7/opt/zephyr-sdk/arm-zephyr-eabi/bin/../lib/gcc/arm-zephyr-eabi/12.2.0/thumb/v8-m.main/nofp\libgcc.a(_dvmd_tls.o)
                0x0000000000008184                __aeabi_idiv0
                0x0000000000008184                __aeabi_ldiv0
 .text          0x0000000000008188      0x29c c:/ncs/toolchains/c57af46cb7/opt/zephyr-sdk/arm-zephyr-eabi/bin/../lib/gcc/arm-zephyr-eabi/12.2.0/thumb/v8-m.main/nofp\libgcc.a(_udivmoddi4.o)
                0x0000000000008188                __udivmoddi4
 .text          0x0000000000008424       0x14 c:\ncs\toolchains\c57af46cb7\opt\zephyr-sdk\arm-zephyr-eabi\bin\../lib/gcc/../../picolibc/arm-zephyr-eabi/lib/thumb/v8-m.main/nofp\libc.a(strcmp.S.o)
                0x0000000000008424                strcmp
 .text          0x0000000000008438       0x10 c:\ncs\toolchains\c57af46cb7\opt\zephyr-sdk\arm-zephyr-eabi\bin\../lib/gcc/../../picolibc/arm-zephyr-eabi/lib/thumb/v8-m.main/nofp\libc.a(strcpy.S.o)
                0x0000000000008438                strcpy
 .text          0x0000000000008448       0x10 c:\ncs\toolchains\c57af46cb7\opt\zephyr-sdk\arm-zephyr-eabi\bin\../lib/gcc/../../picolibc/arm-zephyr-eabi/lib/thumb/v8-m.main/nofp\libc.a(strlen.S.o)
                0x0000000000008448                strlen
 *(SORT_BY_ALIGNMENT(.text.*))
 .text.uart_work_handler.part.0
                0x0000000000008458       0x34 app/libapp.a(main.c.obj)
 .text.uart_work_handler
                0x000000000000848c       0x28 app/libapp.a(main.c.obj)
 .text.bt_addr_le_to_str.constprop.0.isra.0
                0x00000000000084b4       0x78 app/libapp.a(main.c.obj)
 .text.disconnected
                0x000000000000852c       0x74 app/libapp.a(main.c.obj)
 .text.connected
                0x00000000000085a0       0x84 app/libapp.a(main.c.obj)
 .text.bt_receive_cb
                0x0000000000008624       0xf0 app/libapp.a(main.c.obj)
 .text.uart_cb  0x0000000000008714      0x174 app/libapp.a(main.c.obj)
 .text.ble_write_thread
                0x0000000000008888       0x60 app/libapp.a(main.c.obj)
                0x0000000000008888                ble_write_thread
 .text.main     0x00000000000088e8      0x1b4 app/libapp.a(main.c.obj)
                0x00000000000088e8                main
 .text.cbvprintf_package
                0x0000000000008a9c      0x42c zephyr/libzephyr.a(cbprintf_packaged.c.obj)
                0x0000000000008a9c                cbvprintf_package
 .text.cbprintf_package_convert
                0x0000000000008ec8      0x45c zephyr/libzephyr.a(cbprintf_packaged.c.obj)
                0x0000000000008ec8                cbprintf_package_convert
 .text.__printk_hook_install
                0x0000000000009324        0xc zephyr/libzephyr.a(printk.c.obj)
                0x0000000000009324                __printk_hook_install
 .text.z_thread_entry
                0x0000000000009330       0x34 zephyr/libzephyr.a(thread_entry.c.obj)
                0x0000000000009330                z_thread_entry
 .text.sys_heap_free
                0x0000000000009364       0x9c zephyr/libzephyr.a(heap.c.obj)
                0x0000000000009364                sys_heap_free
 .text.sys_heap_aligned_alloc
                0x0000000000009400      0x118 zephyr/libzephyr.a(heap.c.obj)
                0x0000000000009400                sys_heap_aligned_alloc
 .text.sys_heap_init
                0x0000000000009518      0x134 zephyr/libzephyr.a(heap.c.obj)
                0x0000000000009518                sys_heap_init
 .text.process_event
                0x000000000000964c      0x3a8 zephyr/libzephyr.a(onoff.c.obj)
 .text.transition_complete
                0x00000000000099f4       0x64 zephyr/libzephyr.a(onoff.c.obj)
 .text.onoff_request
                0x0000000000009a58      0x130 zephyr/libzephyr.a(onoff.c.obj)
                0x0000000000009a58                onoff_request
 .text.sys_notify_finalize
                0x0000000000009b88       0x58 zephyr/libzephyr.a(notify.c.obj)
                0x0000000000009b88                sys_notify_finalize
 .text.mpsc_pbuf_init
                0x0000000000009be0       0x64 zephyr/libzephyr.a(mpsc_pbuf.c.obj)
                0x0000000000009be0                mpsc_pbuf_init
 .text.mpsc_pbuf_alloc
                0x0000000000009c44      0x180 zephyr/libzephyr.a(mpsc_pbuf.c.obj)
                0x0000000000009c44                mpsc_pbuf_alloc
 .text.mpsc_pbuf_commit
                0x0000000000009dc4       0xac zephyr/libzephyr.a(mpsc_pbuf.c.obj)
                0x0000000000009dc4                mpsc_pbuf_commit
 .text.mpsc_pbuf_claim
                0x0000000000009e70      0x110 zephyr/libzephyr.a(mpsc_pbuf.c.obj)
                0x0000000000009e70                mpsc_pbuf_claim
 .text.mpsc_pbuf_free
                0x0000000000009f80       0xe0 zephyr/libzephyr.a(mpsc_pbuf.c.obj)
                0x0000000000009f80                mpsc_pbuf_free
 .text.rtc_pretick_init
                0x000000000000a060       0x60 zephyr/libzephyr.a(soc.c.obj)
 .text.z_arm_on_enter_cpu_idle
                0x000000000000a0c0       0x68 zephyr/libzephyr.a(soc.c.obj)
                0x000000000000a0c0                z_arm_on_enter_cpu_idle
 .text.arch_busy_wait
                0x000000000000a128       0x24 zephyr/libzephyr.a(soc.c.obj)
                0x000000000000a128                arch_busy_wait
 .text.ppi_ipc_to_rtc.isra.0
                0x000000000000a14c       0x5c zephyr/libzephyr.a(sync_rtc.c.obj)
 .text.sync_rtc_setup
                0x000000000000a1a8       0xb8 zephyr/libzephyr.a(sync_rtc.c.obj)
 .text.rtc_cb   0x000000000000a260       0x8c zephyr/libzephyr.a(sync_rtc.c.obj)
 .text.mbox_callback
                0x000000000000a2ec       0xb4 zephyr/libzephyr.a(sync_rtc.c.obj)
 .text.z_arm_platform_init
                0x000000000000a3a0        0x4 zephyr/libzephyr.a(soc_nrf_common.S.obj)
                0x000000000000a3a0                z_arm_platform_init
 .text.soc_secure_gpio_pin_mcu_select
                0x000000000000a3a4       0x60 zephyr/libzephyr.a(soc_secure.c.obj)
                0x000000000000a3a4                soc_secure_gpio_pin_mcu_select
 .text.ipc_service_open_instance
                0x000000000000a404       0x5c zephyr/libzephyr.a(ipc_service.c.obj)
                0x000000000000a404                ipc_service_open_instance
 .text.ipc_service_register_endpoint
                0x000000000000a460       0x64 zephyr/libzephyr.a(ipc_service.c.obj)
                0x000000000000a460                ipc_service_register_endpoint
 .text.ipc_service_send
                0x000000000000a4c4       0x84 zephyr/libzephyr.a(ipc_service.c.obj)
                0x000000000000a4c4                ipc_service_send
 .text.shared_memory_prepare
                0x000000000000a548        0xc zephyr/libzephyr.a(ipc_rpmsg_static_vrings.c.obj)
 .text.advertise_ept
                0x000000000000a554       0x44 zephyr/libzephyr.a(ipc_rpmsg_static_vrings.c.obj)
 .text.get_ept  0x000000000000a598       0x28 zephyr/libzephyr.a(ipc_rpmsg_static_vrings.c.obj)
 .text.open     0x000000000000a5c0      0x1b0 zephyr/libzephyr.a(ipc_rpmsg_static_vrings.c.obj)
 .text.bound_cb
                0x000000000000a770       0x30 zephyr/libzephyr.a(ipc_rpmsg_static_vrings.c.obj)
 .text.send     0x000000000000a7a0       0x4c zephyr/libzephyr.a(ipc_rpmsg_static_vrings.c.obj)
 .text.register_ept
                0x000000000000a7ec       0xe0 zephyr/libzephyr.a(ipc_rpmsg_static_vrings.c.obj)
 .text.ns_bind_cb
                0x000000000000a8cc       0x6c zephyr/libzephyr.a(ipc_rpmsg.c.obj)
 .text.ipc_rpmsg_register_ept
                0x000000000000a938       0x3c zephyr/libzephyr.a(ipc_rpmsg.c.obj)
                0x000000000000a938                ipc_rpmsg_register_ept
 .text.ipc_rpmsg_init
                0x000000000000a974       0x70 zephyr/libzephyr.a(ipc_rpmsg.c.obj)
                0x000000000000a974                ipc_rpmsg_init
 .text.ipc_static_vrings_init
                0x000000000000a9e4      0x104 zephyr/libzephyr.a(ipc_static_vrings.c.obj)
                0x000000000000a9e4                ipc_static_vrings_init
 .text.enable_logger
                0x000000000000aae8       0x5c zephyr/libzephyr.a(log_core.c.obj)
 .text.activate_foreach_backend
                0x000000000000ab44       0x64 zephyr/libzephyr.a(log_core.c.obj)
 .text.z_log_init
                0x000000000000aba8       0xe0 zephyr/libzephyr.a(log_core.c.obj)
 .text.log_process_thread_timer_expiry_fn
                0x000000000000ac88        0xc zephyr/libzephyr.a(log_core.c.obj)
 .text.log_format_func_t_get
                0x000000000000ac94        0xc zephyr/libzephyr.a(log_core.c.obj)
                0x000000000000ac94                log_format_func_t_get
 .text.log_set_timestamp_func
                0x000000000000aca0       0x20 zephyr/libzephyr.a(log_core.c.obj)
                0x000000000000aca0                log_set_timestamp_func
 .text.z_log_notify_backend_enabled
                0x000000000000acc0       0x1c zephyr/libzephyr.a(log_core.c.obj)
                0x000000000000acc0                z_log_notify_backend_enabled
 .text.z_log_dropped
                0x000000000000acdc       0x28 zephyr/libzephyr.a(log_core.c.obj)
                0x000000000000acdc                z_log_dropped
 .text.z_log_dropped_read_and_clear
                0x000000000000ad04       0x18 zephyr/libzephyr.a(log_core.c.obj)
                0x000000000000ad04                z_log_dropped_read_and_clear
 .text.dropped_notify
                0x000000000000ad1c       0x60 zephyr/libzephyr.a(log_core.c.obj)
                0x000000000000ad1c                dropped_notify
 .text.z_log_msg_init
                0x000000000000ad7c       0x20 zephyr/libzephyr.a(log_core.c.obj)
                0x000000000000ad7c                z_log_msg_init
 .text.log_core_init
                0x000000000000ad9c       0x34 zephyr/libzephyr.a(log_core.c.obj)
                0x000000000000ad9c                log_core_init
 .text.z_log_msg_alloc
                0x000000000000add0       0x10 zephyr/libzephyr.a(log_core.c.obj)
                0x000000000000add0                z_log_msg_alloc
 .text.z_log_msg_local_claim
                0x000000000000ade0        0xc zephyr/libzephyr.a(log_core.c.obj)
                0x000000000000ade0                z_log_msg_local_claim
 .text.z_log_msg_free
                0x000000000000adec       0x10 zephyr/libzephyr.a(log_core.c.obj)
                0x000000000000adec                z_log_msg_free
 .text.z_log_msg_pending
                0x000000000000adfc        0xc zephyr/libzephyr.a(log_core.c.obj)
                0x000000000000adfc                z_log_msg_pending
 .text.z_impl_log_process
                0x000000000000ae08       0xe4 zephyr/libzephyr.a(log_core.c.obj)
                0x000000000000ae08                z_impl_log_process
 .text.z_impl_log_panic
                0x000000000000aeec       0x74 zephyr/libzephyr.a(log_core.c.obj)
                0x000000000000aeec                z_impl_log_panic
 .text.log_process_thread_func
                0x000000000000af60       0xf4 zephyr/libzephyr.a(log_core.c.obj)
 .text.z_log_msg_post_finalize
                0x000000000000b054       0xe0 zephyr/libzephyr.a(log_core.c.obj)
 .text.z_log_msg_commit
                0x000000000000b134       0x24 zephyr/libzephyr.a(log_core.c.obj)
                0x000000000000b134                z_log_msg_commit
 .text.log_source_name_get
                0x000000000000b158       0x1c zephyr/libzephyr.a(log_mgmt.c.obj)
                0x000000000000b158                log_source_name_get
 .text.log_backend_enable
                0x000000000000b174       0x4c zephyr/libzephyr.a(log_mgmt.c.obj)
                0x000000000000b174                log_backend_enable
 .text.z_impl_z_log_msg_static_create
                0x000000000000b1c0      0x128 zephyr/libzephyr.a(log_msg.c.obj)
                0x000000000000b1c0                z_impl_z_log_msg_static_create
 .text.z_impl_z_log_msg_runtime_vcreate
                0x000000000000b2e8       0xc0 zephyr/libzephyr.a(log_msg.c.obj)
                0x000000000000b2e8                z_impl_z_log_msg_runtime_vcreate
 .text.print_formatted
                0x000000000000b3a8       0x24 zephyr/libzephyr.a(log_output.c.obj)
 .text.newline_print
                0x000000000000b3cc       0x1c zephyr/libzephyr.a(log_output.c.obj)
 .text.out_func
                0x000000000000b3e8       0x58 zephyr/libzephyr.a(log_output.c.obj)
 .text.log_output_process
                0x000000000000b440      0x2f8 zephyr/libzephyr.a(log_output.c.obj)
                0x000000000000b440                log_output_process
 .text.log_output_msg_process
                0x000000000000b738       0x70 zephyr/libzephyr.a(log_output.c.obj)
                0x000000000000b738                log_output_msg_process
 .text.log_output_dropped_process
                0x000000000000b7a8       0x58 zephyr/libzephyr.a(log_output.c.obj)
                0x000000000000b7a8                log_output_dropped_process
 .text.log_output_timestamp_freq_set
                0x000000000000b800       0x2c zephyr/libzephyr.a(log_output.c.obj)
                0x000000000000b800                log_output_timestamp_freq_set
 .text.log_backend_rtt_init
                0x000000000000b82c        0xc zephyr/libzephyr.a(log_backend_rtt.c.obj)
 .text.format_set
                0x000000000000b838        0xc zephyr/libzephyr.a(log_backend_rtt.c.obj)
 .text.panic    0x000000000000b844       0x14 zephyr/libzephyr.a(log_backend_rtt.c.obj)
 .text.dropped  0x000000000000b858        0xc zephyr/libzephyr.a(log_backend_rtt.c.obj)
 .text.process  0x000000000000b864       0x24 zephyr/libzephyr.a(log_backend_rtt.c.obj)
 .text.on_failed_write
                0x000000000000b888       0x28 zephyr/libzephyr.a(log_backend_rtt.c.obj)
 .text.data_out_block_mode
                0x000000000000b8b0       0x84 zephyr/libzephyr.a(log_backend_rtt.c.obj)
 .text.nus_ccc_cfg_changed
                0x000000000000b934       0x14 zephyr/libzephyr.a(nus.c.obj)
 .text.on_receive
                0x000000000000b948       0x18 zephyr/libzephyr.a(nus.c.obj)
 .text.on_sent  0x000000000000b960       0x10 zephyr/libzephyr.a(nus.c.obj)
 .text.bt_nus_init
                0x000000000000b970       0x18 zephyr/libzephyr.a(nus.c.obj)
                0x000000000000b970                bt_nus_init
 .text.bt_nus_send
                0x000000000000b988       0x4c zephyr/libzephyr.a(nus.c.obj)
                0x000000000000b988                bt_nus_send
 .text.sub_bytes
                0x000000000000b9d4       0x18 zephyr/libzephyr.a(aes_encrypt.c.obj)
 .text.tc_aes128_set_encrypt_key
                0x000000000000b9ec       0xa8 zephyr/libzephyr.a(aes_encrypt.c.obj)
                0x000000000000b9ec                tc_aes128_set_encrypt_key
 .text.compress
                0x000000000000ba94      0x1d4 zephyr/libzephyr.a(sha256.c.obj)
 .text.tc_sha256_init
                0x000000000000bc68       0x58 zephyr/libzephyr.a(sha256.c.obj)
                0x000000000000bc68                tc_sha256_init
 .text.z_arm_cpu_idle_init
                0x000000000000bcc0        0xc zephyr/arch/arch/arm/core/aarch32/libarch__arm__core__aarch32.a(cpu_idle.S.obj)
                0x000000000000bcc0                z_arm_cpu_idle_init
 .text.arch_cpu_idle
                0x000000000000bccc       0x28 zephyr/arch/arch/arm/core/aarch32/libarch__arm__core__aarch32.a(cpu_idle.S.obj)
                0x000000000000bccc                arch_cpu_idle
 .text.arch_cpu_atomic_idle
                0x000000000000bcf4       0x24 zephyr/arch/arch/arm/core/aarch32/libarch__arm__core__aarch32.a(cpu_idle.S.obj)
                0x000000000000bcf4                arch_cpu_atomic_idle
 .text.z_arm_fatal_error
                0x000000000000bd18       0xcc zephyr/arch/arch/arm/core/aarch32/libarch__arm__core__aarch32.a(fatal.c.obj)
                0x000000000000bd18                z_arm_fatal_error
 .text.arch_irq_enable
                0x000000000000bde4       0x1c zephyr/arch/arch/arm/core/aarch32/libarch__arm__core__aarch32.a(irq_manage.c.obj)
                0x000000000000bde4                arch_irq_enable
 .text.arch_irq_disable
                0x000000000000be00       0x28 zephyr/arch/arch/arm/core/aarch32/libarch__arm__core__aarch32.a(irq_manage.c.obj)
                0x000000000000be00                arch_irq_disable
 .text.arch_irq_is_enabled
                0x000000000000be28       0x1c zephyr/arch/arch/arm/core/aarch32/libarch__arm__core__aarch32.a(irq_manage.c.obj)
                0x000000000000be28                arch_irq_is_enabled
 .text.z_arm_irq_priority_set
                0x000000000000be44       0x64 zephyr/arch/arch/arm/core/aarch32/libarch__arm__core__aarch32.a(irq_manage.c.obj)
                0x000000000000be44                z_arm_irq_priority_set
 .text.z_SysNmiOnReset
                0x000000000000bea8        0x8 zephyr/arch/arch/arm/core/aarch32/libarch__arm__core__aarch32.a(nmi_on_reset.S.obj)
                0x000000000000bea8                z_SysNmiOnReset
 .text.z_arm_prep_c
                0x000000000000beb0       0x38 zephyr/arch/arch/arm/core/aarch32/libarch__arm__core__aarch32.a(prep_c.c.obj)
                0x000000000000beb0                z_arm_prep_c
 .text.arch_swap
                0x000000000000bee8       0x34 zephyr/arch/arch/arm/core/aarch32/libarch__arm__core__aarch32.a(swap.c.obj)
                0x000000000000bee8                arch_swap
 .text.z_arm_pendsv
                0x000000000000bf1c       0x70 zephyr/arch/arch/arm/core/aarch32/libarch__arm__core__aarch32.a(swap_helper.S.obj)
                0x000000000000bf1c                z_arm_pendsv
 .text.z_arm_svc
                0x000000000000bf8c       0x20 zephyr/arch/arch/arm/core/aarch32/libarch__arm__core__aarch32.a(swap_helper.S.obj)
                0x000000000000bf8c                z_arm_svc
 .text.arch_new_thread
                0x000000000000bfac       0x40 zephyr/arch/arch/arm/core/aarch32/libarch__arm__core__aarch32.a(thread.c.obj)
                0x000000000000bfac                arch_new_thread
 .text.arch_switch_to_main_thread
                0x000000000000bfec       0x34 zephyr/arch/arch/arm/core/aarch32/libarch__arm__core__aarch32.a(thread.c.obj)
                0x000000000000bfec                arch_switch_to_main_thread
 .text._isr_wrapper
                0x000000000000c020       0x28 zephyr/arch/arch/arm/core/aarch32/libarch__arm__core__aarch32.a(isr_wrapper.S.obj)
                0x000000000000c020                _isr_wrapper
 .text.arch_tls_stack_setup
                0x000000000000c048       0x5c zephyr/arch/arch/arm/core/aarch32/libarch__arm__core__aarch32.a(tls.c.obj)
                0x000000000000c048                arch_tls_stack_setup
 .text._HandlerModeExit
                0x000000000000c0a4       0x1c zephyr/arch/arch/arm/core/aarch32/cortex_m/libarch__arm__core__aarch32__cortex_m.a(exc_exit.S.obj)
                0x000000000000c0a4                z_arm_int_exit
                0x000000000000c0a4                z_arm_exc_exit
 .text.mem_manage_fault.constprop.0
                0x000000000000c0c0      0x180 zephyr/arch/arch/arm/core/aarch32/cortex_m/libarch__arm__core__aarch32__cortex_m.a(fault.c.obj)
 .text.bus_fault.constprop.0
                0x000000000000c240      0x154 zephyr/arch/arch/arm/core/aarch32/cortex_m/libarch__arm__core__aarch32__cortex_m.a(fault.c.obj)
 .text.usage_fault.constprop.0
                0x000000000000c394      0x128 zephyr/arch/arch/arm/core/aarch32/cortex_m/libarch__arm__core__aarch32__cortex_m.a(fault.c.obj)
 .text.z_arm_fault
                0x000000000000c4bc      0x2a4 zephyr/arch/arch/arm/core/aarch32/cortex_m/libarch__arm__core__aarch32__cortex_m.a(fault.c.obj)
                0x000000000000c4bc                z_arm_fault
 .text.z_arm_fault_init
                0x000000000000c760       0x18 zephyr/arch/arch/arm/core/aarch32/cortex_m/libarch__arm__core__aarch32__cortex_m.a(fault.c.obj)
                0x000000000000c760                z_arm_fault_init
 .text.__fault  0x000000000000c778       0x14 zephyr/arch/arch/arm/core/aarch32/cortex_m/libarch__arm__core__aarch32__cortex_m.a(fault_s.S.obj)
                0x000000000000c778                z_arm_usage_fault
                0x000000000000c778                z_arm_mpu_fault
                0x000000000000c778                z_arm_exc_spurious
                0x000000000000c778                z_arm_debug_monitor
                0x000000000000c778                z_arm_hard_fault
                0x000000000000c778                z_arm_bus_fault
 .text.z_arm_interrupt_init
                0x000000000000c78c       0x18 zephyr/arch/arch/arm/core/aarch32/cortex_m/libarch__arm__core__aarch32__cortex_m.a(irq_init.c.obj)
                0x000000000000c78c                z_arm_interrupt_init
 .text._reset_section
                0x000000000000c7a4       0x60 zephyr/arch/arch/arm/core/aarch32/cortex_m/libarch__arm__core__aarch32__cortex_m.a(reset.S.obj)
                0x000000000000c7a4                __start
                0x000000000000c7a4                z_arm_reset
 .text.sys_arch_reboot
                0x000000000000c804       0x24 zephyr/arch/arch/arm/core/aarch32/cortex_m/libarch__arm__core__aarch32__cortex_m.a(scb.c.obj)
                0x000000000000c804                sys_arch_reboot
 .text.z_arm_clear_arm_mpu_config
                0x000000000000c828       0x24 zephyr/arch/arch/arm/core/aarch32/cortex_m/libarch__arm__core__aarch32__cortex_m.a(scb.c.obj)
                0x000000000000c828                z_arm_clear_arm_mpu_config
 .text.z_arm_init_arch_hw_at_boot
                0x000000000000c84c       0x4c zephyr/arch/arch/arm/core/aarch32/cortex_m/libarch__arm__core__aarch32__cortex_m.a(scb.c.obj)
                0x000000000000c84c                z_arm_init_arch_hw_at_boot
 .text.z_impl_k_thread_abort
                0x000000000000c898       0x2c zephyr/arch/arch/arm/core/aarch32/cortex_m/libarch__arm__core__aarch32__cortex_m.a(thread_abort.c.obj)
                0x000000000000c898                z_impl_k_thread_abort
 .text.z_arm_configure_static_mpu_regions
                0x000000000000c8c4       0x38 zephyr/arch/arch/arm/core/aarch32/mpu/libarch__arm__core__aarch32__mpu.a(arm_core_mpu.c.obj)
                0x000000000000c8c4                z_arm_configure_static_mpu_regions
 .text.region_init
                0x000000000000c8fc       0x34 zephyr/arch/arch/arm/core/aarch32/mpu/libarch__arm__core__aarch32__mpu.a(arm_mpu.c.obj)
 .text.region_allocate_and_init.part.0
                0x000000000000c930       0x30 zephyr/arch/arch/arm/core/aarch32/mpu/libarch__arm__core__aarch32__mpu.a(arm_mpu.c.obj)
 .text.mpu_configure_regions_and_partition.constprop.0
                0x000000000000c960      0x19c zephyr/arch/arch/arm/core/aarch32/mpu/libarch__arm__core__aarch32__mpu.a(arm_mpu.c.obj)
 .text.arm_core_mpu_enable
                0x000000000000cafc       0x18 zephyr/arch/arch/arm/core/aarch32/mpu/libarch__arm__core__aarch32__mpu.a(arm_mpu.c.obj)
                0x000000000000cafc                arm_core_mpu_enable
 .text.arm_core_mpu_disable
                0x000000000000cb14       0x14 zephyr/arch/arch/arm/core/aarch32/mpu/libarch__arm__core__aarch32__mpu.a(arm_mpu.c.obj)
                0x000000000000cb14                arm_core_mpu_disable
 .text.arm_core_mpu_configure_static_mpu_regions
                0x000000000000cb28       0x48 zephyr/arch/arch/arm/core/aarch32/mpu/libarch__arm__core__aarch32__mpu.a(arm_mpu.c.obj)
                0x000000000000cb28                arm_core_mpu_configure_static_mpu_regions
 .text.arm_core_mpu_mark_areas_for_dynamic_regions
                0x000000000000cb70       0xe8 zephyr/arch/arch/arm/core/aarch32/mpu/libarch__arm__core__aarch32__mpu.a(arm_mpu.c.obj)
                0x000000000000cb70                arm_core_mpu_mark_areas_for_dynamic_regions
 .text.z_arm_mpu_init
                0x000000000000cc58       0xa8 zephyr/arch/arch/arm/core/aarch32/mpu/libarch__arm__core__aarch32__mpu.a(arm_mpu.c.obj)
                0x000000000000cc58                z_arm_mpu_init
 .text.z_impl_zephyr_fputc
                0x000000000000cd00       0x10 zephyr/lib/libc/picolibc/liblib__libc__picolibc.a(libc-hooks.c.obj)
                0x000000000000cd00                z_impl_zephyr_fputc
 .text.__stdout_hook_install
                0x000000000000cd10       0x18 zephyr/lib/libc/picolibc/liblib__libc__picolibc.a(libc-hooks.c.obj)
                0x000000000000cd10                __stdout_hook_install
 .text.cbvprintf
                0x000000000000cd28       0x38 zephyr/lib/libc/picolibc/liblib__libc__picolibc.a(libc-hooks.c.obj)
                0x000000000000cd28                cbvprintf
 .text.malloc_prepare
                0x000000000000cd60       0x24 zephyr/lib/libc/common/liblib__libc__common.a(malloc.c.obj)
 .text.remoteproc_mgr_boot
                0x000000000000cd84       0x60 zephyr/boards/arm/nrf5340dk_nrf5340/libboards__arm__nrf5340dk_nrf5340.a(nrf5340_cpunet_reset.c.obj)
 .text.xoshiro128_initialize
                0x000000000000cde4       0x18 zephyr/subsys/random/libsubsys__random.a(rand32_xoshiro128.c.obj)
 .text.bt_hex   0x000000000000cdfc       0x44 zephyr/subsys/bluetooth/common/libsubsys__bluetooth__common.a(bt_str.c.obj)
                0x000000000000cdfc                bt_hex
 .text.bt_addr_le_str
                0x000000000000ce40       0x7c zephyr/subsys/bluetooth/common/libsubsys__bluetooth__common.a(bt_str.c.obj)
                0x000000000000ce40                bt_addr_le_str
 .text.long_wq_init
                0x000000000000cebc       0x38 zephyr/subsys/bluetooth/host/libsubsys__bluetooth__host.a(long_wq.c.obj)
 .text.bt_long_wq_schedule
                0x000000000000cef4        0xc zephyr/subsys/bluetooth/host/libsubsys__bluetooth__host.a(long_wq.c.obj)
                0x000000000000cef4                bt_long_wq_schedule
 .text.uuid_to_uuid128
                0x000000000000cf00       0x78 zephyr/subsys/bluetooth/host/libsubsys__bluetooth__host.a(uuid.c.obj)
 .text.bt_buf_get_rx
                0x000000000000cf78       0x68 zephyr/subsys/bluetooth/host/libsubsys__bluetooth__host.a(buf.c.obj)
                0x000000000000cf78                bt_buf_get_rx
 .text.bt_buf_get_cmd_complete
                0x000000000000cfe0       0x38 zephyr/subsys/bluetooth/host/libsubsys__bluetooth__host.a(buf.c.obj)
                0x000000000000cfe0                bt_buf_get_cmd_complete
 .text.bt_buf_get_evt
                0x000000000000d018       0x58 zephyr/subsys/bluetooth/host/libsubsys__bluetooth__host.a(buf.c.obj)
                0x000000000000d018                bt_buf_get_evt
 .text.ver_str  0x000000000000d070       0x3c zephyr/subsys/bluetooth/host/libsubsys__bluetooth__host.a(hci_core.c.obj)
 .text.hci_disconn_complete_prio
                0x000000000000d0ac       0x40 zephyr/subsys/bluetooth/host/libsubsys__bluetooth__host.a(hci_core.c.obj)
 .text.find_pending_connect.part.0
                0x000000000000d0ec       0x2c zephyr/subsys/bluetooth/host/libsubsys__bluetooth__host.a(hci_core.c.obj)
 .text.hci_data_buf_overflow
                0x000000000000d118       0x30 zephyr/subsys/bluetooth/host/libsubsys__bluetooth__host.a(hci_core.c.obj)
 .text.le_conn_param_neg_reply.part.0
                0x000000000000d148       0x24 zephyr/subsys/bluetooth/host/libsubsys__bluetooth__host.a(hci_core.c.obj)
 .text.rx_queue_put
                0x000000000000d16c       0x50 zephyr/subsys/bluetooth/host/libsubsys__bluetooth__host.a(hci_core.c.obj)
 .text.handle_event.part.0
                0x000000000000d1bc       0x48 zephyr/subsys/bluetooth/host/libsubsys__bluetooth__host.a(hci_core.c.obj)
 .text.hci_hardware_error
                0x000000000000d204       0x34 zephyr/subsys/bluetooth/host/libsubsys__bluetooth__host.a(hci_core.c.obj)
 .text.hci_disconn_complete
                0x000000000000d238       0x5c zephyr/subsys/bluetooth/host/libsubsys__bluetooth__host.a(hci_core.c.obj)
 .text.le_data_len_change
                0x000000000000d294       0x44 zephyr/subsys/bluetooth/host/libsubsys__bluetooth__host.a(hci_core.c.obj)
 .text.le_phy_update_complete
                0x000000000000d2d8       0x44 zephyr/subsys/bluetooth/host/libsubsys__bluetooth__host.a(hci_core.c.obj)
 .text.handle_event
                0x000000000000d31c       0x60 zephyr/subsys/bluetooth/host/libsubsys__bluetooth__host.a(hci_core.c.obj)
 .text.rx_work_handler
                0x000000000000d37c      0x1b8 zephyr/subsys/bluetooth/host/libsubsys__bluetooth__host.a(hci_core.c.obj)
 .text.hci_le_meta_event
                0x000000000000d534       0x20 zephyr/subsys/bluetooth/host/libsubsys__bluetooth__host.a(hci_core.c.obj)
 .text.le_remote_feat_complete
                0x000000000000d554       0x68 zephyr/subsys/bluetooth/host/libsubsys__bluetooth__host.a(hci_core.c.obj)
 .text.hci_cmd_done
                0x000000000000d5bc      0x130 zephyr/subsys/bluetooth/host/libsubsys__bluetooth__host.a(hci_core.c.obj)
 .text.hci_cmd_status
                0x000000000000d6ec       0x2c zephyr/subsys/bluetooth/host/libsubsys__bluetooth__host.a(hci_core.c.obj)
 .text.hci_cmd_complete
                0x000000000000d718       0x30 zephyr/subsys/bluetooth/host/libsubsys__bluetooth__host.a(hci_core.c.obj)
 .text.hci_num_completed_packets
                0x000000000000d748      0x154 zephyr/subsys/bluetooth/host/libsubsys__bluetooth__host.a(hci_core.c.obj)
 .text.le_conn_update_complete
                0x000000000000d89c       0xd8 zephyr/subsys/bluetooth/host/libsubsys__bluetooth__host.a(hci_core.c.obj)
 .text.bt_hci_cmd_state_set_init
                0x000000000000d974       0x24 zephyr/subsys/bluetooth/host/libsubsys__bluetooth__host.a(hci_core.c.obj)
                0x000000000000d974                bt_hci_cmd_state_set_init
 .text.bt_hci_cmd_create
                0x000000000000d998       0x9c zephyr/subsys/bluetooth/host/libsubsys__bluetooth__host.a(hci_core.c.obj)
                0x000000000000d998                bt_hci_cmd_create
 .text.bt_hci_cmd_send_sync
                0x000000000000da34      0x104 zephyr/subsys/bluetooth/host/libsubsys__bluetooth__host.a(hci_core.c.obj)
                0x000000000000da34                bt_hci_cmd_send_sync
 .text.hci_le_read_max_data_len
                0x000000000000db38       0x50 zephyr/subsys/bluetooth/host/libsubsys__bluetooth__host.a(hci_core.c.obj)
 .text.bt_hci_le_rand
                0x000000000000db88       0x58 zephyr/subsys/bluetooth/host/libsubsys__bluetooth__host.a(hci_core.c.obj)
                0x000000000000db88                bt_hci_le_rand
 .text.bt_hci_le_enh_conn_complete
                0x000000000000dbe0      0x2d8 zephyr/subsys/bluetooth/host/libsubsys__bluetooth__host.a(hci_core.c.obj)
                0x000000000000dbe0                bt_hci_le_enh_conn_complete
 .text.le_legacy_conn_complete
                0x000000000000deb8       0x64 zephyr/subsys/bluetooth/host/libsubsys__bluetooth__host.a(hci_core.c.obj)
 .text.bt_send  0x000000000000df1c       0x10 zephyr/subsys/bluetooth/host/libsubsys__bluetooth__host.a(hci_core.c.obj)
                0x000000000000df1c                bt_send
 .text.bt_hci_cmd_send
                0x000000000000df2c       0x6c zephyr/subsys/bluetooth/host/libsubsys__bluetooth__host.a(hci_core.c.obj)
                0x000000000000df2c                bt_hci_cmd_send
 .text.bt_hci_host_num_completed_packets
                0x000000000000df98       0xf0 zephyr/subsys/bluetooth/host/libsubsys__bluetooth__host.a(hci_core.c.obj)
                0x000000000000df98                bt_hci_host_num_completed_packets
 .text.le_conn_param_req
                0x000000000000e088       0xc8 zephyr/subsys/bluetooth/host/libsubsys__bluetooth__host.a(hci_core.c.obj)
 .text.hci_tx_thread
                0x000000000000e150      0x194 zephyr/subsys/bluetooth/host/libsubsys__bluetooth__host.a(hci_core.c.obj)
 .text.hci_event_prio
                0x000000000000e2e4       0xa4 zephyr/subsys/bluetooth/host/libsubsys__bluetooth__host.a(hci_core.c.obj)
                0x000000000000e2e4                hci_event_prio
 .text.bt_recv  0x000000000000e388       0x68 zephyr/subsys/bluetooth/host/libsubsys__bluetooth__host.a(hci_core.c.obj)
                0x000000000000e388                bt_recv
 .text.bt_hci_driver_register
                0x000000000000e3f0       0x28 zephyr/subsys/bluetooth/host/libsubsys__bluetooth__host.a(hci_core.c.obj)
                0x000000000000e3f0                bt_hci_driver_register
 .text.bt_finalize_init
                0x000000000000e418      0x134 zephyr/subsys/bluetooth/host/libsubsys__bluetooth__host.a(hci_core.c.obj)
                0x000000000000e418                bt_finalize_init
 .text.bt_init  0x000000000000e54c      0x58c zephyr/subsys/bluetooth/host/libsubsys__bluetooth__host.a(hci_core.c.obj)
 .text.init_work
                0x000000000000ead8       0x18 zephyr/subsys/bluetooth/host/libsubsys__bluetooth__host.a(hci_core.c.obj)
 .text.bt_enable
                0x000000000000eaf0      0x124 zephyr/subsys/bluetooth/host/libsubsys__bluetooth__host.a(hci_core.c.obj)
                0x000000000000eaf0                bt_enable
 .text.bt_is_ready
                0x000000000000ec14       0x10 zephyr/subsys/bluetooth/host/libsubsys__bluetooth__host.a(hci_core.c.obj)
                0x000000000000ec14                bt_is_ready
 .text.bt_get_name
                0x000000000000ec24        0x8 zephyr/subsys/bluetooth/host/libsubsys__bluetooth__host.a(hci_core.c.obj)
                0x000000000000ec24                bt_get_name
 .text.id_find  0x000000000000ec2c       0x30 zephyr/subsys/bluetooth/host/libsubsys__bluetooth__host.a(id.c.obj)
 .text.id_create.constprop.0
                0x000000000000ec5c       0x5c zephyr/subsys/bluetooth/host/libsubsys__bluetooth__host.a(id.c.obj)
 .text.set_random_address
                0x000000000000ecb8       0x50 zephyr/subsys/bluetooth/host/libsubsys__bluetooth__host.a(id.c.obj)
 .text.bt_id_create
                0x000000000000ed08       0xa8 zephyr/subsys/bluetooth/host/libsubsys__bluetooth__host.a(id.c.obj)
                0x000000000000ed08                bt_id_create
 .text.bt_id_read_public_addr
                0x000000000000edb0       0x84 zephyr/subsys/bluetooth/host/libsubsys__bluetooth__host.a(id.c.obj)
                0x000000000000edb0                bt_id_read_public_addr
 .text.bt_setup_public_id_addr
                0x000000000000ee34       0x20 zephyr/subsys/bluetooth/host/libsubsys__bluetooth__host.a(id.c.obj)
                0x000000000000ee34                bt_setup_public_id_addr
 .text.bt_read_static_addr
                0x000000000000ee54       0xa8 zephyr/subsys/bluetooth/host/libsubsys__bluetooth__host.a(id.c.obj)
                0x000000000000ee54                bt_read_static_addr
 .text.bt_setup_random_id_addr
                0x000000000000eefc       0x5c zephyr/subsys/bluetooth/host/libsubsys__bluetooth__host.a(id.c.obj)
                0x000000000000eefc                bt_setup_random_id_addr
 .text.bt_id_set_adv_own_addr
                0x000000000000ef58       0xe0 zephyr/subsys/bluetooth/host/libsubsys__bluetooth__host.a(id.c.obj)
                0x000000000000ef58                bt_id_set_adv_own_addr
 .text.bt_id_init
                0x000000000000f038       0x60 zephyr/subsys/bluetooth/host/libsubsys__bluetooth__host.a(id.c.obj)
                0x000000000000f038                bt_id_init
 .text.hci_set_ad
                0x000000000000f098       0xe0 zephyr/subsys/bluetooth/host/libsubsys__bluetooth__host.a(adv.c.obj)
 .text.valid_adv_param
                0x000000000000f178       0x84 zephyr/subsys/bluetooth/host/libsubsys__bluetooth__host.a(adv.c.obj)
 .text.adv_is_directed
                0x000000000000f1fc       0x18 zephyr/subsys/bluetooth/host/libsubsys__bluetooth__host.a(adv.c.obj)
 .text.le_adv_start_add_conn
                0x000000000000f214       0x60 zephyr/subsys/bluetooth/host/libsubsys__bluetooth__host.a(adv.c.obj)
 .text.bt_le_adv_lookup_legacy
                0x000000000000f274        0x8 zephyr/subsys/bluetooth/host/libsubsys__bluetooth__host.a(adv.c.obj)
                0x000000000000f274                bt_le_adv_lookup_legacy
 .text.bt_le_adv_start_legacy
                0x000000000000f27c      0x264 zephyr/subsys/bluetooth/host/libsubsys__bluetooth__host.a(adv.c.obj)
                0x000000000000f27c                bt_le_adv_start_legacy
 .text.bt_le_adv_start
                0x000000000000f4e0       0x64 zephyr/subsys/bluetooth/host/libsubsys__bluetooth__host.a(adv.c.obj)
                0x000000000000f4e0                bt_le_adv_start
 .text.bt_le_adv_stop
                0x000000000000f544       0x78 zephyr/subsys/bluetooth/host/libsubsys__bluetooth__host.a(adv.c.obj)
                0x000000000000f544                bt_le_adv_stop
 .text.adv_timeout
                0x000000000000f5bc       0x38 zephyr/subsys/bluetooth/host/libsubsys__bluetooth__host.a(adv.c.obj)
 .text.bt_le_adv_resume
                0x000000000000f5f4       0xf4 zephyr/subsys/bluetooth/host/libsubsys__bluetooth__host.a(adv.c.obj)
                0x000000000000f5f4                bt_le_adv_resume
 .text.prng_reseed.constprop.0
                0x000000000000f6e8       0x6c zephyr/subsys/bluetooth/host/libsubsys__bluetooth__host.a(crypto.c.obj)
 .text.prng_init
                0x000000000000f754       0x50 zephyr/subsys/bluetooth/host/libsubsys__bluetooth__host.a(crypto.c.obj)
                0x000000000000f754                prng_init
 .text.bt_rand  0x000000000000f7a4       0x3c zephyr/subsys/bluetooth/host/libsubsys__bluetooth__host.a(crypto.c.obj)
                0x000000000000f7a4                bt_rand
 .text.notify_connected
                0x000000000000f7e0       0x6c zephyr/subsys/bluetooth/host/libsubsys__bluetooth__host.a(conn.c.obj)
 .text.tx_notify
                0x000000000000f84c       0x60 zephyr/subsys/bluetooth/host/libsubsys__bluetooth__host.a(conn.c.obj)
 .text.conn_tx_destroy
                0x000000000000f8ac       0x4c zephyr/subsys/bluetooth/host/libsubsys__bluetooth__host.a(conn.c.obj)
 .text.send_frag
                0x000000000000f8f8      0x1e8 zephyr/subsys/bluetooth/host/libsubsys__bluetooth__host.a(conn.c.obj)
 .text.bt_conn_get_pkts
                0x000000000000fae0       0x18 zephyr/subsys/bluetooth/host/libsubsys__bluetooth__host.a(conn.c.obj)
                0x000000000000fae0                bt_conn_get_pkts
 .text.bt_conn_new
                0x000000000000faf8       0x5c zephyr/subsys/bluetooth/host/libsubsys__bluetooth__host.a(conn.c.obj)
                0x000000000000faf8                bt_conn_new
 .text.conn_cleanup
                0x000000000000fb54       0x94 zephyr/subsys/bluetooth/host/libsubsys__bluetooth__host.a(conn.c.obj)
 .text.bt_conn_recv
                0x000000000000fbe8      0x138 zephyr/subsys/bluetooth/host/libsubsys__bluetooth__host.a(conn.c.obj)
                0x000000000000fbe8                bt_conn_recv
 .text.bt_conn_send_cb
                0x000000000000fd20      0x100 zephyr/subsys/bluetooth/host/libsubsys__bluetooth__host.a(conn.c.obj)
                0x000000000000fd20                bt_conn_send_cb
 .text.bt_conn_prepare_events
                0x000000000000fe20       0x94 zephyr/subsys/bluetooth/host/libsubsys__bluetooth__host.a(conn.c.obj)
                0x000000000000fe20                bt_conn_prepare_events
 .text.bt_conn_ref
                0x000000000000feb4       0x50 zephyr/subsys/bluetooth/host/libsubsys__bluetooth__host.a(conn.c.obj)
                0x000000000000feb4                bt_conn_ref
 .text.bt_conn_unref
                0x000000000000ff04       0x60 zephyr/subsys/bluetooth/host/libsubsys__bluetooth__host.a(conn.c.obj)
                0x000000000000ff04                bt_conn_unref
 .text.bt_conn_set_state
                0x000000000000ff64      0x204 zephyr/subsys/bluetooth/host/libsubsys__bluetooth__host.a(conn.c.obj)
                0x000000000000ff64                bt_conn_set_state
 .text.bt_conn_lookup_handle
                0x0000000000010168       0x58 zephyr/subsys/bluetooth/host/libsubsys__bluetooth__host.a(conn.c.obj)
                0x0000000000010168                bt_conn_lookup_handle
 .text.bt_conn_index
                0x00000000000101c0       0x4c zephyr/subsys/bluetooth/host/libsubsys__bluetooth__host.a(conn.c.obj)
                0x00000000000101c0                bt_conn_index
 .text.bt_conn_create_pdu_timeout
                0x000000000001020c       0x7c zephyr/subsys/bluetooth/host/libsubsys__bluetooth__host.a(conn.c.obj)
                0x000000000001020c                bt_conn_create_pdu_timeout
 .text.notify_le_param_updated
                0x0000000000010288       0xb8 zephyr/subsys/bluetooth/host/libsubsys__bluetooth__host.a(conn.c.obj)
                0x0000000000010288                notify_le_param_updated
 .text.le_param_req
                0x0000000000010340       0xa4 zephyr/subsys/bluetooth/host/libsubsys__bluetooth__host.a(conn.c.obj)
                0x0000000000010340                le_param_req
 .text.bt_conn_add_le
                0x00000000000103e4       0x38 zephyr/subsys/bluetooth/host/libsubsys__bluetooth__host.a(conn.c.obj)
                0x00000000000103e4                bt_conn_add_le
 .text.bt_conn_lookup_addr_le
                0x000000000001041c       0x34 zephyr/subsys/bluetooth/host/libsubsys__bluetooth__host.a(conn.c.obj)
                0x000000000001041c                bt_conn_lookup_addr_le
 .text.bt_conn_exists_le
                0x0000000000010450       0x60 zephyr/subsys/bluetooth/host/libsubsys__bluetooth__host.a(conn.c.obj)
                0x0000000000010450                bt_conn_exists_le
 .text.bt_conn_lookup_state_le
                0x00000000000104b0       0x44 zephyr/subsys/bluetooth/host/libsubsys__bluetooth__host.a(conn.c.obj)
                0x00000000000104b0                bt_conn_lookup_state_le
 .text.send_conn_le_param_update
                0x00000000000104f4       0x68 zephyr/subsys/bluetooth/host/libsubsys__bluetooth__host.a(conn.c.obj)
 .text.deferred_work
                0x000000000001055c      0x148 zephyr/subsys/bluetooth/host/libsubsys__bluetooth__host.a(conn.c.obj)
 .text.bt_conn_create_frag_timeout
                0x00000000000106a4        0xc zephyr/subsys/bluetooth/host/libsubsys__bluetooth__host.a(conn.c.obj)
                0x00000000000106a4                bt_conn_create_frag_timeout
 .text.bt_conn_process_tx
                0x00000000000106b0      0x118 zephyr/subsys/bluetooth/host/libsubsys__bluetooth__host.a(conn.c.obj)
                0x00000000000106b0                bt_conn_process_tx
 .text.bt_conn_init
                0x00000000000107c8       0x44 zephyr/subsys/bluetooth/host/libsubsys__bluetooth__host.a(conn.c.obj)
                0x00000000000107c8                bt_conn_init
 .text.l2cap_create_le_sig_pdu.part.0
                0x000000000001080c       0x2c zephyr/subsys/bluetooth/host/libsubsys__bluetooth__host.a(l2cap.c.obj)
 .text.l2cap_accept.part.0
                0x0000000000010838       0x30 zephyr/subsys/bluetooth/host/libsubsys__bluetooth__host.a(l2cap.c.obj)
 .text.l2cap_accept
                0x0000000000010868       0x1c zephyr/subsys/bluetooth/host/libsubsys__bluetooth__host.a(l2cap.c.obj)
 .text.bt_l2cap_connected
                0x0000000000010884       0xbc zephyr/subsys/bluetooth/host/libsubsys__bluetooth__host.a(l2cap.c.obj)
                0x0000000000010884                bt_l2cap_connected
 .text.l2cap_recv
                0x0000000000010940       0xec zephyr/subsys/bluetooth/host/libsubsys__bluetooth__host.a(l2cap.c.obj)
 .text.bt_l2cap_recv
                0x0000000000010a2c       0x7c zephyr/subsys/bluetooth/host/libsubsys__bluetooth__host.a(l2cap.c.obj)
                0x0000000000010a2c                bt_l2cap_recv
 .text.bt_l2cap_update_conn_param
                0x0000000000010aa8       0x64 zephyr/subsys/bluetooth/host/libsubsys__bluetooth__host.a(l2cap.c.obj)
                0x0000000000010aa8                bt_l2cap_update_conn_param
 .text.att_op_get_type
                0x0000000000010b0c       0x74 zephyr/subsys/bluetooth/host/libsubsys__bluetooth__host.a(att.c.obj)
 .text.bt_att_released
                0x0000000000010b80        0xc zephyr/subsys/bluetooth/host/libsubsys__bluetooth__host.a(att.c.obj)
 .text.tx_meta_data_free
                0x0000000000010b8c       0x94 zephyr/subsys/bluetooth/host/libsubsys__bluetooth__host.a(att.c.obj)
 .text.find_type_cb
                0x0000000000010c20      0x198 zephyr/subsys/bluetooth/host/libsubsys__bluetooth__host.a(att.c.obj)
 .text.send_err_rsp.part.0
                0x0000000000010db8       0x24 zephyr/subsys/bluetooth/host/libsubsys__bluetooth__host.a(att.c.obj)
 .text.att_get  0x0000000000010ddc       0x64 zephyr/subsys/bluetooth/host/libsubsys__bluetooth__host.a(att.c.obj)
 .text.bt_att_connected
                0x0000000000010e40       0x38 zephyr/subsys/bluetooth/host/libsubsys__bluetooth__host.a(att.c.obj)
 .text.read_group_cb
                0x0000000000010e78       0xb8 zephyr/subsys/bluetooth/host/libsubsys__bluetooth__host.a(att.c.obj)
 .text.bt_att_chan_create_pdu
                0x0000000000010f30      0x164 zephyr/subsys/bluetooth/host/libsubsys__bluetooth__host.a(att.c.obj)
 .text.read_type_cb
                0x0000000000011094       0xac zephyr/subsys/bluetooth/host/libsubsys__bluetooth__host.a(att.c.obj)
 .text.bt_att_accept
                0x0000000000011140      0x120 zephyr/subsys/bluetooth/host/libsubsys__bluetooth__host.a(att.c.obj)
 .text.chan_send
                0x0000000000011260      0x124 zephyr/subsys/bluetooth/host/libsubsys__bluetooth__host.a(att.c.obj)
 .text.bt_att_chan_req_send
                0x0000000000011384       0x84 zephyr/subsys/bluetooth/host/libsubsys__bluetooth__host.a(att.c.obj)
 .text.bt_att_recv
                0x0000000000011408      0x1a8 zephyr/subsys/bluetooth/host/libsubsys__bluetooth__host.a(att.c.obj)
 .text.att_write_rsp.constprop.0
                0x00000000000115b0       0xc4 zephyr/subsys/bluetooth/host/libsubsys__bluetooth__host.a(att.c.obj)
 .text.bt_att_create_pdu
                0x0000000000011674       0x7c zephyr/subsys/bluetooth/host/libsubsys__bluetooth__host.a(att.c.obj)
                0x0000000000011674                bt_att_create_pdu
 .text.bt_att_create_rsp_pdu
                0x00000000000116f0       0x4c zephyr/subsys/bluetooth/host/libsubsys__bluetooth__host.a(att.c.obj)
                0x00000000000116f0                bt_att_create_rsp_pdu
 .text.att_read_group_req
                0x000000000001173c       0xfc zephyr/subsys/bluetooth/host/libsubsys__bluetooth__host.a(att.c.obj)
 .text.att_read_mult_vl_req
                0x0000000000011838       0xa8 zephyr/subsys/bluetooth/host/libsubsys__bluetooth__host.a(att.c.obj)
 .text.att_read_mult_req
                0x00000000000118e0       0xa8 zephyr/subsys/bluetooth/host/libsubsys__bluetooth__host.a(att.c.obj)
 .text.att_read_rsp
                0x0000000000011988       0x9c zephyr/subsys/bluetooth/host/libsubsys__bluetooth__host.a(att.c.obj)
 .text.att_read_type_req
                0x0000000000011a24       0xc8 zephyr/subsys/bluetooth/host/libsubsys__bluetooth__host.a(att.c.obj)
 .text.att_find_type_req
                0x0000000000011aec       0xcc zephyr/subsys/bluetooth/host/libsubsys__bluetooth__host.a(att.c.obj)
 .text.att_find_info_req
                0x0000000000011bb8       0x74 zephyr/subsys/bluetooth/host/libsubsys__bluetooth__host.a(att.c.obj)
 .text.bt_att_init
                0x0000000000011c2c       0x38 zephyr/subsys/bluetooth/host/libsubsys__bluetooth__host.a(att.c.obj)
                0x0000000000011c2c                bt_att_init
 .text.bt_att_req_alloc
                0x0000000000011c64       0x50 zephyr/subsys/bluetooth/host/libsubsys__bluetooth__host.a(att.c.obj)
                0x0000000000011c64                bt_att_req_alloc
 .text.bt_att_req_free
                0x0000000000011cb4       0x28 zephyr/subsys/bluetooth/host/libsubsys__bluetooth__host.a(att.c.obj)
                0x0000000000011cb4                bt_att_req_free
 .text.att_handle_rsp
                0x0000000000011cdc       0x8c zephyr/subsys/bluetooth/host/libsubsys__bluetooth__host.a(att.c.obj)
 .text.bt_att_disconnected
                0x0000000000011d68       0xcc zephyr/subsys/bluetooth/host/libsubsys__bluetooth__host.a(att.c.obj)
 .text.att_timeout
                0x0000000000011e34       0xc4 zephyr/subsys/bluetooth/host/libsubsys__bluetooth__host.a(att.c.obj)
 .text.bt_att_send
                0x0000000000011ef8       0xa0 zephyr/subsys/bluetooth/host/libsubsys__bluetooth__host.a(att.c.obj)
                0x0000000000011ef8                bt_att_send
 .text.bt_att_req_send
                0x0000000000011f98       0x6c zephyr/subsys/bluetooth/host/libsubsys__bluetooth__host.a(att.c.obj)
                0x0000000000011f98                bt_att_req_send
 .text.find_cf_cfg
                0x0000000000012004       0x5c zephyr/subsys/bluetooth/host/libsubsys__bluetooth__host.a(gatt.c.obj)
 .text.find_sc_cfg
                0x0000000000012060       0x40 zephyr/subsys/bluetooth/host/libsubsys__bluetooth__host.a(gatt.c.obj)
 .text.find_ccc_cfg
                0x00000000000120a0       0x48 zephyr/subsys/bluetooth/host/libsubsys__bluetooth__host.a(gatt.c.obj)
 .text.read_ppcp
                0x00000000000120e8       0x28 zephyr/subsys/bluetooth/host/libsubsys__bluetooth__host.a(gatt.c.obj)
 .text.bt_gatt_attr_write_ccc
                0x0000000000012110       0xc8 zephyr/subsys/bluetooth/host/libsubsys__bluetooth__host.a(gatt.c.obj)
                0x0000000000012110                bt_gatt_attr_write_ccc
 .text.clear_cf_cfg
                0x00000000000121d8       0x28 zephyr/subsys/bluetooth/host/libsubsys__bluetooth__host.a(gatt.c.obj)
 .text.sc_save  0x0000000000012200       0x6c zephyr/subsys/bluetooth/host/libsubsys__bluetooth__host.a(gatt.c.obj)
 .text.disconnected_cb
                0x000000000001226c       0xb4 zephyr/subsys/bluetooth/host/libsubsys__bluetooth__host.a(gatt.c.obj)
 .text.cf_write
                0x0000000000012320       0xa4 zephyr/subsys/bluetooth/host/libsubsys__bluetooth__host.a(gatt.c.obj)
 .text.sc_indicate_rsp
                0x00000000000123c4       0x50 zephyr/subsys/bluetooth/host/libsubsys__bluetooth__host.a(gatt.c.obj)
 .text.bt_gatt_init
                0x0000000000012414       0xb8 zephyr/subsys/bluetooth/host/libsubsys__bluetooth__host.a(gatt.c.obj)
                0x0000000000012414                bt_gatt_init
 .text.bt_gatt_attr_get_handle
                0x00000000000124cc       0x90 zephyr/subsys/bluetooth/host/libsubsys__bluetooth__host.a(gatt.c.obj)
                0x00000000000124cc                bt_gatt_attr_get_handle
 .text.bt_gatt_foreach_attr_type
                0x000000000001255c       0xe0 zephyr/subsys/bluetooth/host/libsubsys__bluetooth__host.a(gatt.c.obj)
                0x000000000001255c                bt_gatt_foreach_attr_type
 .text.db_hash_gen
                0x000000000001263c       0x88 zephyr/subsys/bluetooth/host/libsubsys__bluetooth__host.a(gatt.c.obj)
 .text.db_hash_read
                0x00000000000126c4       0x6c zephyr/subsys/bluetooth/host/libsubsys__bluetooth__host.a(gatt.c.obj)
 .text.db_hash_process
                0x0000000000012730       0x1c zephyr/subsys/bluetooth/host/libsubsys__bluetooth__host.a(gatt.c.obj)
 .text.bt_gatt_attr_next
                0x000000000001274c       0x24 zephyr/subsys/bluetooth/host/libsubsys__bluetooth__host.a(gatt.c.obj)
                0x000000000001274c                bt_gatt_attr_next
 .text.bt_gatt_is_subscribed
                0x0000000000012770      0x1a8 zephyr/subsys/bluetooth/host/libsubsys__bluetooth__host.a(gatt.c.obj)
                0x0000000000012770                bt_gatt_is_subscribed
 .text.gatt_indicate
                0x0000000000012918       0xf8 zephyr/subsys/bluetooth/host/libsubsys__bluetooth__host.a(gatt.c.obj)
 .text.bt_gatt_indicate
                0x0000000000012a10      0x144 zephyr/subsys/bluetooth/host/libsubsys__bluetooth__host.a(gatt.c.obj)
                0x0000000000012a10                bt_gatt_indicate
 .text.sc_process
                0x0000000000012b54       0x9c zephyr/subsys/bluetooth/host/libsubsys__bluetooth__host.a(gatt.c.obj)
 .text.update_ccc
                0x0000000000012bf0      0x114 zephyr/subsys/bluetooth/host/libsubsys__bluetooth__host.a(gatt.c.obj)
 .text.gatt_notify
                0x0000000000012d04       0xd0 zephyr/subsys/bluetooth/host/libsubsys__bluetooth__host.a(gatt.c.obj)
 .text.bt_gatt_notify_cb
                0x0000000000012dd4      0x13c zephyr/subsys/bluetooth/host/libsubsys__bluetooth__host.a(gatt.c.obj)
                0x0000000000012dd4                bt_gatt_notify_cb
 .text.notify_cb
                0x0000000000012f10      0x138 zephyr/subsys/bluetooth/host/libsubsys__bluetooth__host.a(gatt.c.obj)
 .text.bt_gatt_connected
                0x0000000000013048       0x20 zephyr/subsys/bluetooth/host/libsubsys__bluetooth__host.a(gatt.c.obj)
                0x0000000000013048                bt_gatt_connected
 .text.bt_gatt_att_max_mtu_changed
                0x0000000000013068       0x28 zephyr/subsys/bluetooth/host/libsubsys__bluetooth__host.a(gatt.c.obj)
                0x0000000000013068                bt_gatt_att_max_mtu_changed
 .text.bt_gatt_disconnected
                0x0000000000013090       0x48 zephyr/subsys/bluetooth/host/libsubsys__bluetooth__host.a(gatt.c.obj)
                0x0000000000013090                bt_gatt_disconnected
 .text.bt_smp_accept.part.0
                0x00000000000130d8       0x30 zephyr/subsys/bluetooth/host/libsubsys__bluetooth__host.a(smp_null.c.obj)
 .text.bt_smp_accept
                0x0000000000013108       0x1c zephyr/subsys/bluetooth/host/libsubsys__bluetooth__host.a(smp_null.c.obj)
 .text.net_buf_pool_get
                0x0000000000013124       0x10 zephyr/subsys/net/libsubsys__net.a(buf.c.obj)
                0x0000000000013124                net_buf_pool_get
 .text.net_buf_id
                0x0000000000013134       0x24 zephyr/subsys/net/libsubsys__net.a(buf.c.obj)
                0x0000000000013134                net_buf_id
 .text.fixed_data_alloc
                0x0000000000013158       0x30 zephyr/subsys/net/libsubsys__net.a(buf.c.obj)
 .text.net_buf_reset
                0x0000000000013188       0x48 zephyr/subsys/net/libsubsys__net.a(buf.c.obj)
                0x0000000000013188                net_buf_reset
 .text.net_buf_alloc_len
                0x00000000000131d0      0x1c0 zephyr/subsys/net/libsubsys__net.a(buf.c.obj)
                0x00000000000131d0                net_buf_alloc_len
 .text.net_buf_slist_put
                0x0000000000013390       0xd4 zephyr/subsys/net/libsubsys__net.a(buf.c.obj)
                0x0000000000013390                net_buf_slist_put
 .text.net_buf_slist_get
                0x0000000000013464       0xb8 zephyr/subsys/net/libsubsys__net.a(buf.c.obj)
                0x0000000000013464                net_buf_slist_get
 .text.net_buf_put
                0x000000000001351c       0x4c zephyr/subsys/net/libsubsys__net.a(buf.c.obj)
                0x000000000001351c                net_buf_put
 .text.net_buf_unref
                0x0000000000013568       0x88 zephyr/subsys/net/libsubsys__net.a(buf.c.obj)
                0x0000000000013568                net_buf_unref
 .text.net_buf_ref
                0x00000000000135f0       0x30 zephyr/subsys/net/libsubsys__net.a(buf.c.obj)
                0x00000000000135f0                net_buf_ref
 .text.net_buf_frag_last
                0x0000000000013620       0x34 zephyr/subsys/net/libsubsys__net.a(buf.c.obj)
                0x0000000000013620                net_buf_frag_last
 .text.net_buf_frag_insert
                0x0000000000013654       0x58 zephyr/subsys/net/libsubsys__net.a(buf.c.obj)
                0x0000000000013654                net_buf_frag_insert
 .text.net_buf_frag_add
                0x00000000000136ac       0x48 zephyr/subsys/net/libsubsys__net.a(buf.c.obj)
                0x00000000000136ac                net_buf_frag_add
 .text.net_buf_simple_reserve
                0x00000000000136f4       0x44 zephyr/subsys/net/libsubsys__net.a(buf_simple.c.obj)
                0x00000000000136f4                net_buf_simple_reserve
 .text.net_buf_simple_push
                0x0000000000013738       0x40 zephyr/subsys/net/libsubsys__net.a(buf_simple.c.obj)
                0x0000000000013738                net_buf_simple_push
 .text.net_buf_simple_pull
                0x0000000000013778       0x3c zephyr/subsys/net/libsubsys__net.a(buf_simple.c.obj)
                0x0000000000013778                net_buf_simple_pull
 .text.net_buf_simple_pull_mem
                0x00000000000137b4       0x3c zephyr/subsys/net/libsubsys__net.a(buf_simple.c.obj)
                0x00000000000137b4                net_buf_simple_pull_mem
 .text.net_buf_simple_add
                0x00000000000137f0       0x3c zephyr/subsys/net/libsubsys__net.a(buf_simple.c.obj)
                0x00000000000137f0                net_buf_simple_add
 .text.bt_rpmsg_send
                0x000000000001382c       0x78 zephyr/drivers/bluetooth/libdrivers__bluetooth.a(rpmsg.c.obj)
 .text.bt_rpmsg_init
                0x00000000000138a4       0x40 zephyr/drivers/bluetooth/libdrivers__bluetooth.a(rpmsg.c.obj)
 .text.hci_ept_bound
                0x00000000000138e4        0xc zephyr/drivers/bluetooth/libdrivers__bluetooth.a(rpmsg.c.obj)
 .text.bt_rpmsg_open
                0x00000000000138f0       0x8c zephyr/drivers/bluetooth/libdrivers__bluetooth.a(rpmsg.c.obj)
 .text.hci_ept_recv
                0x000000000001397c      0x218 zephyr/drivers/bluetooth/libdrivers__bluetooth.a(rpmsg.c.obj)
 .text.onoff_start
                0x0000000000013b94       0x3c zephyr/drivers/clock_control/libdrivers__clock_control.a(clock_control_nrf.c.obj)
 .text.get_status
                0x0000000000013bd0       0x3c zephyr/drivers/clock_control/libdrivers__clock_control.a(clock_control_nrf.c.obj)
 .text.stop     0x0000000000013c0c       0x80 zephyr/drivers/clock_control/libdrivers__clock_control.a(clock_control_nrf.c.obj)
 .text.onoff_stop
                0x0000000000013c8c       0x28 zephyr/drivers/clock_control/libdrivers__clock_control.a(clock_control_nrf.c.obj)
 .text.clk_init
                0x0000000000013cb4       0x64 zephyr/drivers/clock_control/libdrivers__clock_control.a(clock_control_nrf.c.obj)
 .text.clkstarted_handle.constprop.0
                0x0000000000013d18       0x38 zephyr/drivers/clock_control/libdrivers__clock_control.a(clock_control_nrf.c.obj)
 .text.clock_event_handler
                0x0000000000013d50       0x70 zephyr/drivers/clock_control/libdrivers__clock_control.a(clock_control_nrf.c.obj)
 .text.generic_hfclk_start
                0x0000000000013dc0       0x64 zephyr/drivers/clock_control/libdrivers__clock_control.a(clock_control_nrf.c.obj)
 .text.api_blocking_start
                0x0000000000013e24       0x3c zephyr/drivers/clock_control/libdrivers__clock_control.a(clock_control_nrf.c.obj)
 .text.generic_hfclk_stop
                0x0000000000013e60       0x34 zephyr/drivers/clock_control/libdrivers__clock_control.a(clock_control_nrf.c.obj)
 .text.z_nrf_clock_control_lf_on
                0x0000000000013e94      0x138 zephyr/drivers/clock_control/libdrivers__clock_control.a(clock_control_nrf.c.obj)
                0x0000000000013e94                z_nrf_clock_control_lf_on
 .text.uart_console_init
                0x0000000000013fcc       0x28 zephyr/drivers/console/libdrivers__console.a(uart_console.c.obj)
 .text.console_out
                0x0000000000013ff4       0x28 zephyr/drivers/console/libdrivers__console.a(uart_console.c.obj)
 .text.gpio_nrfx_manage_callback
                0x000000000001401c       0xa0 zephyr/drivers/gpio/libdrivers__gpio.a(gpio_nrfx.c.obj)
 .text.gpio_nrfx_pin_interrupt_configure
                0x00000000000140bc      0x110 zephyr/drivers/gpio/libdrivers__gpio.a(gpio_nrfx.c.obj)
 .text.gpio_nrfx_init
                0x00000000000141cc       0x38 zephyr/drivers/gpio/libdrivers__gpio.a(gpio_nrfx.c.obj)
 .text.nrfx_gpio_handler
                0x0000000000014204       0x78 zephyr/drivers/gpio/libdrivers__gpio.a(gpio_nrfx.c.obj)
 .text.gpio_nrfx_pin_configure
                0x000000000001427c      0x164 zephyr/drivers/gpio/libdrivers__gpio.a(gpio_nrfx.c.obj)
 .text.mbox_nrf_init
                0x00000000000143e0       0xb4 zephyr/drivers/mbox/libdrivers__mbox.a(mbox_nrfx_ipc.c.obj)
 .text.mbox_nrf_set_enabled
                0x0000000000014494       0xa0 zephyr/drivers/mbox/libdrivers__mbox.a(mbox_nrfx_ipc.c.obj)
 .text.mbox_nrf_send
                0x0000000000014534       0x54 zephyr/drivers/mbox/libdrivers__mbox.a(mbox_nrfx_ipc.c.obj)
 .text.mbox_dispatcher
                0x0000000000014588       0x7c zephyr/drivers/mbox/libdrivers__mbox.a(mbox_nrfx_ipc.c.obj)
 .text.nrf_gpio_pin_port_decode
                0x0000000000014604       0x5c zephyr/drivers/pinctrl/libdrivers__pinctrl.a(pinctrl_nrf.c.obj)
 .text.uarte_nrfx_tx
                0x0000000000014660       0xb4 zephyr/drivers/serial/libdrivers__serial.a(uart_nrfx_uarte.c.obj)
 .text.uarte_nrfx_configure
                0x0000000000014714      0x17c zephyr/drivers/serial/libdrivers__serial.a(uart_nrfx_uarte.c.obj)
 .text.uarte_0_init
                0x0000000000014890      0x1a0 zephyr/drivers/serial/libdrivers__serial.a(uart_nrfx_uarte.c.obj)
 .text.uarte_nrfx_poll_out
                0x0000000000014a30       0xc0 zephyr/drivers/serial/libdrivers__serial.a(uart_nrfx_uarte.c.obj)
 .text.uarte_nrfx_rx_enable
                0x0000000000014af0      0x144 zephyr/drivers/serial/libdrivers__serial.a(uart_nrfx_uarte.c.obj)
 .text.uarte_nrfx_isr_async
                0x0000000000014c34      0x370 zephyr/drivers/serial/libdrivers__serial.a(uart_nrfx_uarte.c.obj)
 .text.compare_int_lock
                0x0000000000014fa4       0x40 zephyr/drivers/timer/libdrivers__timer.a(nrf_rtc_timer.c.obj)
 .text.sys_clock_timeout_handler
                0x0000000000014fe4       0x48 zephyr/drivers/timer/libdrivers__timer.a(nrf_rtc_timer.c.obj)
 .text.compare_int_unlock
                0x000000000001502c       0x4c zephyr/drivers/timer/libdrivers__timer.a(nrf_rtc_timer.c.obj)
 .text.z_nrf_rtc_timer_compare_evt_address_get
                0x0000000000015078       0x34 zephyr/drivers/timer/libdrivers__timer.a(nrf_rtc_timer.c.obj)
                0x0000000000015078                z_nrf_rtc_timer_compare_evt_address_get
 .text.z_nrf_rtc_timer_capture_task_address_get
                0x00000000000150ac       0x34 zephyr/drivers/timer/libdrivers__timer.a(nrf_rtc_timer.c.obj)
                0x00000000000150ac                z_nrf_rtc_timer_capture_task_address_get
 .text.z_nrf_rtc_timer_compare_read
                0x00000000000150e0       0x38 zephyr/drivers/timer/libdrivers__timer.a(nrf_rtc_timer.c.obj)
                0x00000000000150e0                z_nrf_rtc_timer_compare_read
 .text.z_nrf_rtc_timer_read
                0x0000000000015118       0x44 zephyr/drivers/timer/libdrivers__timer.a(nrf_rtc_timer.c.obj)
                0x0000000000015118                z_nrf_rtc_timer_read
 .text.compare_set
                0x000000000001515c      0x124 zephyr/drivers/timer/libdrivers__timer.a(nrf_rtc_timer.c.obj)
 .text.z_nrf_rtc_timer_set
                0x0000000000015280       0x40 zephyr/drivers/timer/libdrivers__timer.a(nrf_rtc_timer.c.obj)
                0x0000000000015280                z_nrf_rtc_timer_set
 .text.sys_clock_driver_init
                0x00000000000152c0       0xa4 zephyr/drivers/timer/libdrivers__timer.a(nrf_rtc_timer.c.obj)
 .text.rtc_nrf_isr
                0x0000000000015364      0x100 zephyr/drivers/timer/libdrivers__timer.a(nrf_rtc_timer.c.obj)
                0x0000000000015364                rtc_nrf_isr
 .text.z_nrf_rtc_timer_chan_alloc
                0x0000000000015464       0x3c zephyr/drivers/timer/libdrivers__timer.a(nrf_rtc_timer.c.obj)
                0x0000000000015464                z_nrf_rtc_timer_chan_alloc
 .text.z_nrf_rtc_timer_chan_free
                0x00000000000154a0       0x44 zephyr/drivers/timer/libdrivers__timer.a(nrf_rtc_timer.c.obj)
                0x00000000000154a0                z_nrf_rtc_timer_chan_free
 .text.sys_clock_set_timeout
                0x00000000000154e4       0x64 zephyr/drivers/timer/libdrivers__timer.a(nrf_rtc_timer.c.obj)
                0x00000000000154e4                sys_clock_set_timeout
 .text.sys_clock_elapsed
                0x0000000000015548       0x14 zephyr/drivers/timer/libdrivers__timer.a(nrf_rtc_timer.c.obj)
                0x0000000000015548                sys_clock_elapsed
 .text.z_impl_gpio_pin_configure
                0x000000000001555c      0x164 modules/nrf/lib/dk_buttons_and_leds/lib..__nrf__lib__dk_buttons_and_leds.a(dk_buttons_and_leds.c.obj)
 .text.gpio_pin_set
                0x00000000000156c0       0x5c modules/nrf/lib/dk_buttons_and_leds/lib..__nrf__lib__dk_buttons_and_leds.a(dk_buttons_and_leds.c.obj)
 .text.dk_set_leds_state.part.0
                0x000000000001571c       0x68 modules/nrf/lib/dk_buttons_and_leds/lib..__nrf__lib__dk_buttons_and_leds.a(dk_buttons_and_leds.c.obj)
 .text.dk_leds_init
                0x0000000000015784       0x58 modules/nrf/lib/dk_buttons_and_leds/lib..__nrf__lib__dk_buttons_and_leds.a(dk_buttons_and_leds.c.obj)
                0x0000000000015784                dk_leds_init
 .text.dk_set_led
                0x00000000000157dc       0x64 modules/nrf/lib/dk_buttons_and_leds/lib..__nrf__lib__dk_buttons_and_leds.a(dk_buttons_and_leds.c.obj)
                0x00000000000157dc                dk_set_led
 .text.k_sys_fatal_error_handler
                0x0000000000015840       0x2c modules/nrf/lib/fatal_error/lib..__nrf__lib__fatal_error.a(fatal_error.c.obj)
                0x0000000000015840                k_sys_fatal_error_handler
 .text.tfm_ns_interface_dispatch
                0x000000000001586c       0x64 modules/trusted-firmware-m/libtfm_api.a(interface.c.obj)
                0x000000000001586c                tfm_ns_interface_dispatch
 .text.tfm_platform_ioctl
                0x00000000000158d0       0x4c modules/trusted-firmware-m/libtfm_api.a(tfm_platform_api.c.obj)
                0x00000000000158d0                tfm_platform_ioctl
 .text.psa_generate_random
                0x000000000001591c       0x40 modules/trusted-firmware-m/libtfm_api.a(tfm_crypto_api.c.obj)
                0x000000000001591c                psa_generate_random
 .text.psa_call
                0x000000000001595c       0x38 modules/trusted-firmware-m/libtfm_api.a(tfm_psa_ns_api.c.obj)
                0x000000000001595c                psa_call
 .text.nrfx_flag32_alloc
                0x0000000000015994       0x40 modules/hal_nordic/nrfx/libmodules__hal_nordic__nrfx.a(nrfx_flag32_allocator.c.obj)
                0x0000000000015994                nrfx_flag32_alloc
 .text.nrfx_flag32_free
                0x00000000000159d4       0x38 modules/hal_nordic/nrfx/libmodules__hal_nordic__nrfx.a(nrfx_flag32_allocator.c.obj)
                0x00000000000159d4                nrfx_flag32_free
 .text.nrfx_gppi_channels_enable
                0x0000000000015a0c        0xc modules/hal_nordic/nrfx/libmodules__hal_nordic__nrfx.a(nrfx_gppi_dppi.c.obj)
                0x0000000000015a0c                nrfx_gppi_channels_enable
 .text.nrfx_gppi_channels_disable
                0x0000000000015a18        0xc modules/hal_nordic/nrfx/libmodules__hal_nordic__nrfx.a(nrfx_gppi_dppi.c.obj)
                0x0000000000015a18                nrfx_gppi_channels_disable
 .text.nrfx_gppi_event_endpoint_setup
                0x0000000000015a24       0x30 modules/hal_nordic/nrfx/libmodules__hal_nordic__nrfx.a(nrfx_gppi_dppi.c.obj)
                0x0000000000015a24                nrfx_gppi_event_endpoint_setup
 .text.nrfx_gppi_task_endpoint_setup
                0x0000000000015a54       0x30 modules/hal_nordic/nrfx/libmodules__hal_nordic__nrfx.a(nrfx_gppi_dppi.c.obj)
                0x0000000000015a54                nrfx_gppi_task_endpoint_setup
 .text.nrfx_gppi_event_endpoint_clear
                0x0000000000015a84       0x2c modules/hal_nordic/nrfx/libmodules__hal_nordic__nrfx.a(nrfx_gppi_dppi.c.obj)
                0x0000000000015a84                nrfx_gppi_event_endpoint_clear
 .text.nrfx_gppi_task_endpoint_clear
                0x0000000000015ab0       0x2c modules/hal_nordic/nrfx/libmodules__hal_nordic__nrfx.a(nrfx_gppi_dppi.c.obj)
                0x0000000000015ab0                nrfx_gppi_task_endpoint_clear
 .text.clock_stop
                0x0000000000015adc      0x18c modules/hal_nordic/nrfx/libmodules__hal_nordic__nrfx.a(nrfx_clock.c.obj)
 .text.nrfx_clock_init
                0x0000000000015c68       0x48 modules/hal_nordic/nrfx/libmodules__hal_nordic__nrfx.a(nrfx_clock.c.obj)
                0x0000000000015c68                nrfx_clock_init
 .text.nrfx_clock_enable
                0x0000000000015cb0       0x54 modules/hal_nordic/nrfx/libmodules__hal_nordic__nrfx.a(nrfx_clock.c.obj)
                0x0000000000015cb0                nrfx_clock_enable
 .text.nrfx_clock_start
                0x0000000000015d04       0xf8 modules/hal_nordic/nrfx/libmodules__hal_nordic__nrfx.a(nrfx_clock.c.obj)
                0x0000000000015d04                nrfx_clock_start
 .text.nrfx_clock_stop
                0x0000000000015dfc       0x38 modules/hal_nordic/nrfx/libmodules__hal_nordic__nrfx.a(nrfx_clock.c.obj)
                0x0000000000015dfc                nrfx_clock_stop
 .text.nrfx_power_clock_irq_handler
                0x0000000000015e34       0xac modules/hal_nordic/nrfx/libmodules__hal_nordic__nrfx.a(nrfx_clock.c.obj)
                0x0000000000015e34                nrfx_power_clock_irq_handler
 .text.nrfx_dppi_channel_alloc
                0x0000000000015ee0        0xc modules/hal_nordic/nrfx/libmodules__hal_nordic__nrfx.a(nrfx_dppi.c.obj)
                0x0000000000015ee0                nrfx_dppi_channel_alloc
 .text.nrfx_dppi_channel_free
                0x0000000000015eec       0x1c modules/hal_nordic/nrfx/libmodules__hal_nordic__nrfx.a(nrfx_dppi.c.obj)
                0x0000000000015eec                nrfx_dppi_channel_free
 .text.get_pin_idx
                0x0000000000015f08       0x14 modules/hal_nordic/nrfx/libmodules__hal_nordic__nrfx.a(nrfx_gpiote.c.obj)
 .text.pin_in_use
                0x0000000000015f1c       0x18 modules/hal_nordic/nrfx/libmodules__hal_nordic__nrfx.a(nrfx_gpiote.c.obj)
 .text.pin_in_use_by_te
                0x0000000000015f34       0x18 modules/hal_nordic/nrfx/libmodules__hal_nordic__nrfx.a(nrfx_gpiote.c.obj)
 .text.pin_has_trigger
                0x0000000000015f4c       0x1c modules/hal_nordic/nrfx/libmodules__hal_nordic__nrfx.a(nrfx_gpiote.c.obj)
 .text.pin_is_output
                0x0000000000015f68       0x18 modules/hal_nordic/nrfx/libmodules__hal_nordic__nrfx.a(nrfx_gpiote.c.obj)
 .text.pin_te_get
                0x0000000000015f80       0x18 modules/hal_nordic/nrfx/libmodules__hal_nordic__nrfx.a(nrfx_gpiote.c.obj)
 .text.call_handler
                0x0000000000015f98       0x40 modules/hal_nordic/nrfx/libmodules__hal_nordic__nrfx.a(nrfx_gpiote.c.obj)
 .text.release_handler
                0x0000000000015fd8       0x80 modules/hal_nordic/nrfx/libmodules__hal_nordic__nrfx.a(nrfx_gpiote.c.obj)
 .text.nrf_gpio_pin_port_decode
                0x0000000000016058       0x68 modules/hal_nordic/nrfx/libmodules__hal_nordic__nrfx.a(nrfx_gpiote.c.obj)
 .text.nrf_gpiote_in_event_get
                0x00000000000160c0       0x34 modules/hal_nordic/nrfx/libmodules__hal_nordic__nrfx.a(nrfx_gpiote.c.obj)
 .text.__nrfy_internal_gpiote_events_process.constprop.0
                0x00000000000160f4       0x5c modules/hal_nordic/nrfx/libmodules__hal_nordic__nrfx.a(nrfx_gpiote.c.obj)
 .text.nrfx_gpiote_input_configure
                0x0000000000016150      0x168 modules/hal_nordic/nrfx/libmodules__hal_nordic__nrfx.a(nrfx_gpiote.c.obj)
                0x0000000000016150                nrfx_gpiote_input_configure
 .text.nrfx_gpiote_output_configure
                0x00000000000162b8       0xf8 modules/hal_nordic/nrfx/libmodules__hal_nordic__nrfx.a(nrfx_gpiote.c.obj)
                0x00000000000162b8                nrfx_gpiote_output_configure
 .text.nrfx_gpiote_global_callback_set
                0x00000000000163b0        0xc modules/hal_nordic/nrfx/libmodules__hal_nordic__nrfx.a(nrfx_gpiote.c.obj)
                0x00000000000163b0                nrfx_gpiote_global_callback_set
 .text.nrfx_gpiote_channel_get
                0x00000000000163bc       0x58 modules/hal_nordic/nrfx/libmodules__hal_nordic__nrfx.a(nrfx_gpiote.c.obj)
                0x00000000000163bc                nrfx_gpiote_channel_get
 .text.nrfx_gpiote_init
                0x0000000000016414       0x78 modules/hal_nordic/nrfx/libmodules__hal_nordic__nrfx.a(nrfx_gpiote.c.obj)
                0x0000000000016414                nrfx_gpiote_init
 .text.nrfx_gpiote_is_init
                0x000000000001648c       0x14 modules/hal_nordic/nrfx/libmodules__hal_nordic__nrfx.a(nrfx_gpiote.c.obj)
                0x000000000001648c                nrfx_gpiote_is_init
 .text.nrfx_gpiote_channel_free
                0x00000000000164a0        0xc modules/hal_nordic/nrfx/libmodules__hal_nordic__nrfx.a(nrfx_gpiote.c.obj)
                0x00000000000164a0                nrfx_gpiote_channel_free
 .text.nrfx_gpiote_channel_alloc
                0x00000000000164ac        0xc modules/hal_nordic/nrfx/libmodules__hal_nordic__nrfx.a(nrfx_gpiote.c.obj)
                0x00000000000164ac                nrfx_gpiote_channel_alloc
 .text.nrfx_gpiote_trigger_enable
                0x00000000000164b8       0xe8 modules/hal_nordic/nrfx/libmodules__hal_nordic__nrfx.a(nrfx_gpiote.c.obj)
                0x00000000000164b8                nrfx_gpiote_trigger_enable
 .text.nrfx_gpiote_trigger_disable
                0x00000000000165a0       0x4c modules/hal_nordic/nrfx/libmodules__hal_nordic__nrfx.a(nrfx_gpiote.c.obj)
                0x00000000000165a0                nrfx_gpiote_trigger_disable
 .text.nrfx_gpiote_pin_uninit
                0x00000000000165ec       0x84 modules/hal_nordic/nrfx/libmodules__hal_nordic__nrfx.a(nrfx_gpiote.c.obj)
                0x00000000000165ec                nrfx_gpiote_pin_uninit
 .text.nrfx_gpiote_irq_handler
                0x0000000000016670      0x1a0 modules/hal_nordic/nrfx/libmodules__hal_nordic__nrfx.a(nrfx_gpiote.c.obj)
                0x0000000000016670                nrfx_gpiote_irq_handler
 .text.nrfx_ipc_init
                0x0000000000016810       0x50 modules/hal_nordic/nrfx/libmodules__hal_nordic__nrfx.a(nrfx_ipc.c.obj)
                0x0000000000016810                nrfx_ipc_init
 .text.nrfx_ipc_config_load
                0x0000000000016860       0x84 modules/hal_nordic/nrfx/libmodules__hal_nordic__nrfx.a(nrfx_ipc.c.obj)
                0x0000000000016860                nrfx_ipc_config_load
 .text.nrfx_ipc_receive_event_enable
                0x00000000000168e4       0x3c modules/hal_nordic/nrfx/libmodules__hal_nordic__nrfx.a(nrfx_ipc.c.obj)
                0x00000000000168e4                nrfx_ipc_receive_event_enable
 .text.nrfx_ipc_receive_event_disable
                0x0000000000016920       0x3c modules/hal_nordic/nrfx/libmodules__hal_nordic__nrfx.a(nrfx_ipc.c.obj)
                0x0000000000016920                nrfx_ipc_receive_event_disable
 .text.nrfx_ipc_irq_handler
                0x000000000001695c       0x68 modules/hal_nordic/nrfx/libmodules__hal_nordic__nrfx.a(nrfx_ipc.c.obj)
                0x000000000001695c                nrfx_ipc_irq_handler
 .text.metal_generic_dev_open
                0x00000000000169c4       0x40 modules/libmetal/libmetal/lib/libmetal.a(device.c.obj)
                0x00000000000169c4                metal_generic_dev_open
 .text.metal_bus_unregister
                0x0000000000016a04       0x3c modules/libmetal/libmetal/lib/libmetal.a(device.c.obj)
                0x0000000000016a04                metal_bus_unregister
 .text.metal_bus_find
                0x0000000000016a40       0x3c modules/libmetal/libmetal/lib/libmetal.a(device.c.obj)
                0x0000000000016a40                metal_bus_find
 .text.metal_bus_register
                0x0000000000016a7c       0x5c modules/libmetal/libmetal/lib/libmetal.a(device.c.obj)
                0x0000000000016a7c                metal_bus_register
 .text.metal_device_close
                0x0000000000016ad8       0x38 modules/libmetal/libmetal/lib/libmetal.a(device.c.obj)
                0x0000000000016ad8                metal_device_close
 .text.metal_register_generic_device
                0x0000000000016b10       0x3c modules/libmetal/libmetal/lib/libmetal.a(device.c.obj)
                0x0000000000016b10                metal_register_generic_device
 .text.metal_init
                0x0000000000016b4c       0x40 modules/libmetal/libmetal/lib/libmetal.a(init.c.obj)
                0x0000000000016b4c                metal_init
 .text.metal_finish
                0x0000000000016b8c       0x18 modules/libmetal/libmetal/lib/libmetal.a(init.c.obj)
                0x0000000000016b8c                metal_finish
 .text.metal_sys_init
                0x0000000000016ba4       0x10 modules/libmetal/libmetal/lib/libmetal.a(init.c.obj)
                0x0000000000016ba4                metal_sys_init
 .text.metal_sys_finish
                0x0000000000016bb4        0xc modules/libmetal/libmetal/lib/libmetal.a(init.c.obj)
                0x0000000000016bb4                metal_sys_finish
 .text.metal_zephyr_log_handler
                0x0000000000016bc0       0x3c modules/libmetal/libmetal/lib/libmetal.a(log.c.obj)
                0x0000000000016bc0                metal_zephyr_log_handler
 .text.virtio_create_virtqueues
                0x0000000000016bfc       0xbc modules/open-amp/open-amp/lib/libopen_amp.a(virtio.c.obj)
                0x0000000000016bfc                virtio_create_virtqueues
 .text.virtqueue_free
                0x0000000000016cb8       0x38 modules/open-amp/open-amp/lib/libopen_amp.a(virtqueue.c.obj)
                0x0000000000016cb8                virtqueue_free
 .text.virtqueue_add_consumed_buffer
                0x0000000000016cf0       0x38 modules/open-amp/open-amp/lib/libopen_amp.a(virtqueue.c.obj)
                0x0000000000016cf0                virtqueue_add_consumed_buffer
 .text.rpmsg_send_offchannel_raw
                0x0000000000016d28       0x2c modules/open-amp/open-amp/lib/libopen_amp.a(rpmsg.c.obj)
                0x0000000000016d28                rpmsg_send_offchannel_raw
 .text.rpmsg_send_offchannel_nocopy
                0x0000000000016d54       0x2c modules/open-amp/open-amp/lib/libopen_amp.a(rpmsg.c.obj)
                0x0000000000016d54                rpmsg_send_offchannel_nocopy
 .text.rpmsg_register_endpoint
                0x0000000000016d80       0x40 modules/open-amp/open-amp/lib/libopen_amp.a(rpmsg.c.obj)
                0x0000000000016d80                rpmsg_register_endpoint
 .text.rpmsg_create_ept
                0x0000000000016dc0      0x100 modules/open-amp/open-amp/lib/libopen_amp.a(rpmsg.c.obj)
                0x0000000000016dc0                rpmsg_create_ept
 .text.rpmsg_virtio_send_offchannel_nocopy
                0x0000000000016ec0       0xe8 modules/open-amp/open-amp/lib/libopen_amp.a(rpmsg_virtio.c.obj)
 .text.rpmsg_virtio_rx_callback
                0x0000000000016fa8       0xdc modules/open-amp/open-amp/lib/libopen_amp.a(rpmsg_virtio.c.obj)
 .text.rpmsg_virtio_send_offchannel_raw
                0x0000000000017084       0x84 modules/open-amp/open-amp/lib/libopen_amp.a(rpmsg_virtio.c.obj)
 .text.rpmsg_virtio_get_buffer_size
                0x0000000000017108       0x4c modules/open-amp/open-amp/lib/libopen_amp.a(rpmsg_virtio.c.obj)
                0x0000000000017108                rpmsg_virtio_get_buffer_size
 .text.rpmsg_init_vdev_with_config
                0x0000000000017154      0x254 modules/open-amp/open-amp/lib/libopen_amp.a(rpmsg_virtio.c.obj)
                0x0000000000017154                rpmsg_init_vdev_with_config
 .text.rpmsg_init_vdev
                0x00000000000173a8       0x2c modules/open-amp/open-amp/lib/libopen_amp.a(rpmsg_virtio.c.obj)
                0x00000000000173a8                rpmsg_init_vdev
 .text._DoInit  0x00000000000173d4       0x60 modules/segger/libmodules__segger.a(SEGGER_RTT.c.obj)
 .text.SEGGER_RTT_WriteSkipNoLock
                0x0000000000017434       0x88 modules/segger/libmodules__segger.a(SEGGER_RTT.c.obj)
                0x0000000000017434                SEGGER_RTT_WriteSkipNoLock
 .text.SEGGER_RTT_HasDataUp
                0x00000000000174bc       0x14 modules/segger/libmodules__segger.a(SEGGER_RTT.c.obj)
                0x00000000000174bc                SEGGER_RTT_HasDataUp
 .text.zephyr_rtt_mutex_lock
                0x00000000000174d0       0x14 modules/segger/libmodules__segger.a(SEGGER_RTT_zephyr.c.obj)
                0x00000000000174d0                zephyr_rtt_mutex_lock
 .text.zephyr_rtt_mutex_unlock
                0x00000000000174e4        0xc modules/segger/libmodules__segger.a(SEGGER_RTT_zephyr.c.obj)
                0x00000000000174e4                zephyr_rtt_mutex_unlock
 .text.z_device_state_init
                0x00000000000174f0       0x44 zephyr/kernel/libkernel.a(device.c.obj)
                0x00000000000174f0                z_device_state_init
 .text.z_fatal_error
                0x0000000000017534      0x130 zephyr/kernel/libkernel.a(fatal.c.obj)
                0x0000000000017534                z_fatal_error
 .text.z_sys_init_run_level
                0x0000000000017664       0x48 zephyr/kernel/libkernel.a(init.c.obj)
 .text.bg_thread_main
                0x00000000000176ac       0x34 zephyr/kernel/libkernel.a(init.c.obj)
 .text.z_bss_zero
                0x00000000000176e0       0x18 zephyr/kernel/libkernel.a(init.c.obj)
                0x00000000000176e0                z_bss_zero
 .text.z_init_cpu
                0x00000000000176f8       0x7c zephyr/kernel/libkernel.a(init.c.obj)
                0x00000000000176f8                z_init_cpu
 .text.z_cstart
                0x0000000000017774       0xe4 zephyr/kernel/libkernel.a(init.c.obj)
                0x0000000000017774                z_cstart
 .text.statics_init
                0x0000000000017858       0x50 zephyr/kernel/libkernel.a(kheap.c.obj)
 .text.k_heap_aligned_alloc
                0x00000000000178a8      0x138 zephyr/kernel/libkernel.a(kheap.c.obj)
                0x00000000000178a8                k_heap_aligned_alloc
 .text.k_heap_free
                0x00000000000179e0       0xa4 zephyr/kernel/libkernel.a(kheap.c.obj)
                0x00000000000179e0                k_heap_free
 .text.init_mem_slab_module
                0x0000000000017a84       0x50 zephyr/kernel/libkernel.a(mem_slab.c.obj)
 .text.k_mem_slab_alloc
                0x0000000000017ad4       0xd4 zephyr/kernel/libkernel.a(mem_slab.c.obj)
                0x0000000000017ad4                k_mem_slab_alloc
 .text.k_mem_slab_free
                0x0000000000017ba8      0x104 zephyr/kernel/libkernel.a(mem_slab.c.obj)
                0x0000000000017ba8                k_mem_slab_free
 .text.z_setup_new_thread
                0x0000000000017cac       0xc8 zephyr/kernel/libkernel.a(thread.c.obj)
                0x0000000000017cac                z_setup_new_thread
 .text.z_impl_k_thread_create
                0x0000000000017d74       0x8c zephyr/kernel/libkernel.a(thread.c.obj)
                0x0000000000017d74                z_impl_k_thread_create
 .text.z_init_static_threads
                0x0000000000017e00      0x108 zephyr/kernel/libkernel.a(thread.c.obj)
                0x0000000000017e00                z_init_static_threads
 .text.z_spin_lock_valid
                0x0000000000017f08       0x1c zephyr/kernel/libkernel.a(thread.c.obj)
                0x0000000000017f08                z_spin_lock_valid
 .text.z_spin_unlock_valid
                0x0000000000017f24       0x1c zephyr/kernel/libkernel.a(thread.c.obj)
                0x0000000000017f24                z_spin_unlock_valid
 .text.z_spin_lock_set_owner
                0x0000000000017f40       0x10 zephyr/kernel/libkernel.a(thread.c.obj)
                0x0000000000017f40                z_spin_lock_set_owner
 .text.idle     0x0000000000017f50       0x48 zephyr/kernel/libkernel.a(idle.c.obj)
                0x0000000000017f50                idle
 .text.z_impl_k_mutex_lock
                0x0000000000017f98      0x1a0 zephyr/kernel/libkernel.a(mutex.c.obj)
                0x0000000000017f98                z_impl_k_mutex_lock
 .text.z_impl_k_mutex_unlock
                0x0000000000018138      0x11c zephyr/kernel/libkernel.a(mutex.c.obj)
                0x0000000000018138                z_impl_k_mutex_unlock
 .text.queue_insert
                0x0000000000018254      0x134 zephyr/kernel/libkernel.a(queue.c.obj)
 .text.z_impl_k_queue_get
                0x0000000000018388       0xd4 zephyr/kernel/libkernel.a(queue.c.obj)
                0x0000000000018388                z_impl_k_queue_get
 .text.z_impl_k_sem_give
                0x000000000001845c       0x88 zephyr/kernel/libkernel.a(sem.c.obj)
                0x000000000001845c                z_impl_k_sem_give
 .text.z_impl_k_sem_take
                0x00000000000184e4       0xf4 zephyr/kernel/libkernel.a(sem.c.obj)
                0x00000000000184e4                z_impl_k_sem_take
 .text.k_sys_work_q_init
                0x00000000000185d8       0x34 zephyr/kernel/libkernel.a(system_work_q.c.obj)
 .text.work_queue_main
                0x000000000001860c      0x1e8 zephyr/kernel/libkernel.a(work.c.obj)
 .text.cancel_sync_locked
                0x00000000000187f4       0x3c zephyr/kernel/libkernel.a(work.c.obj)
 .text.submit_to_queue_locked
                0x0000000000018830       0xd8 zephyr/kernel/libkernel.a(work.c.obj)
 .text.work_timeout
                0x0000000000018908       0xa4 zephyr/kernel/libkernel.a(work.c.obj)
 .text.k_work_init
                0x00000000000189ac       0x4c zephyr/kernel/libkernel.a(work.c.obj)
                0x00000000000189ac                k_work_init
 .text.k_work_busy_get
                0x00000000000189f8       0x8c zephyr/kernel/libkernel.a(work.c.obj)
                0x00000000000189f8                k_work_busy_get
 .text.z_work_submit_to_queue
                0x0000000000018a84       0xb4 zephyr/kernel/libkernel.a(work.c.obj)
                0x0000000000018a84                z_work_submit_to_queue
 .text.k_work_submit
                0x0000000000018b38        0xc zephyr/kernel/libkernel.a(work.c.obj)
                0x0000000000018b38                k_work_submit
 .text.k_work_queue_init
                0x0000000000018b44       0x34 zephyr/kernel/libkernel.a(work.c.obj)
                0x0000000000018b44                k_work_queue_init
 .text.k_work_queue_start
                0x0000000000018b78       0xd0 zephyr/kernel/libkernel.a(work.c.obj)
                0x0000000000018b78                k_work_queue_start
 .text.k_work_queue_drain
                0x0000000000018c48      0x11c zephyr/kernel/libkernel.a(work.c.obj)
                0x0000000000018c48                k_work_queue_drain
 .text.k_work_init_delayable
                0x0000000000018d64       0x58 zephyr/kernel/libkernel.a(work.c.obj)
                0x0000000000018d64                k_work_init_delayable
 .text.k_work_schedule_for_queue
                0x0000000000018dbc       0xec zephyr/kernel/libkernel.a(work.c.obj)
                0x0000000000018dbc                k_work_schedule_for_queue
 .text.k_work_schedule
                0x0000000000018ea8        0xc zephyr/kernel/libkernel.a(work.c.obj)
                0x0000000000018ea8                k_work_schedule
 .text.k_work_reschedule_for_queue
                0x0000000000018eb4       0xe8 zephyr/kernel/libkernel.a(work.c.obj)
                0x0000000000018eb4                k_work_reschedule_for_queue
 .text.k_work_reschedule
                0x0000000000018f9c        0xc zephyr/kernel/libkernel.a(work.c.obj)
                0x0000000000018f9c                k_work_reschedule
 .text.k_work_cancel_delayable
                0x0000000000018fa8       0xb4 zephyr/kernel/libkernel.a(work.c.obj)
                0x0000000000018fa8                k_work_cancel_delayable
 .text.k_work_cancel_delayable_sync
                0x000000000001905c      0x120 zephyr/kernel/libkernel.a(work.c.obj)
                0x000000000001905c                k_work_cancel_delayable_sync
 .text.sliceable
                0x000000000001917c       0x3c zephyr/kernel/libkernel.a(sched.c.obj)
 .text.slice_timeout